Archive member included to satisfy reference by file (symbol)

/usr/lib/gcc/arm-none-eabi/9.2.1/thumb/v6-m/nofp/libgcc.a(_dvmd_tls.o)
                              CMakeFiles/Multislope.dir/home/dmytro/Documents/pico/pico-sdk/src/rp2_common/pico_divider/divider.S.obj (__aeabi_idiv0)
/usr/lib/gcc/arm-none-eabi/9.2.1/../../../arm-none-eabi/lib/thumb/v6-m/nofp/libg.a(lib_a-atexit.o)
                              /usr/lib/gcc/arm-none-eabi/9.2.1/../../../arm-none-eabi/lib/thumb/v6-m/nofp/crt0.o (atexit)
/usr/lib/gcc/arm-none-eabi/9.2.1/../../../arm-none-eabi/lib/thumb/v6-m/nofp/libg.a(lib_a-calloc.o)
                              CMakeFiles/Multislope.dir/home/dmytro/Documents/pico/pico-sdk/src/rp2_common/pico_malloc/pico_malloc.c.obj (calloc)
/usr/lib/gcc/arm-none-eabi/9.2.1/../../../arm-none-eabi/lib/thumb/v6-m/nofp/libg.a(lib_a-callocr.o)
                              /usr/lib/gcc/arm-none-eabi/9.2.1/../../../arm-none-eabi/lib/thumb/v6-m/nofp/libg.a(lib_a-calloc.o) (_calloc_r)
/usr/lib/gcc/arm-none-eabi/9.2.1/../../../arm-none-eabi/lib/thumb/v6-m/nofp/libg.a(lib_a-ctype_.o)
                              CMakeFiles/Multislope.dir/home/dmytro/Documents/pico/pico-sdk/lib/tinyusb/src/tusb.c.obj (_ctype_)
/usr/lib/gcc/arm-none-eabi/9.2.1/../../../arm-none-eabi/lib/thumb/v6-m/nofp/libg.a(lib_a-fini.o)
                              /usr/lib/gcc/arm-none-eabi/9.2.1/../../../arm-none-eabi/lib/thumb/v6-m/nofp/crt0.o (__libc_fini_array)
/usr/lib/gcc/arm-none-eabi/9.2.1/../../../arm-none-eabi/lib/thumb/v6-m/nofp/libg.a(lib_a-impure.o)
                              /usr/lib/gcc/arm-none-eabi/9.2.1/../../../arm-none-eabi/lib/thumb/v6-m/nofp/libg.a(lib_a-calloc.o) (_impure_ptr)
/usr/lib/gcc/arm-none-eabi/9.2.1/../../../arm-none-eabi/lib/thumb/v6-m/nofp/libg.a(lib_a-init.o)
                              /usr/lib/gcc/arm-none-eabi/9.2.1/../../../arm-none-eabi/lib/thumb/v6-m/nofp/crt0.o (__libc_init_array)
/usr/lib/gcc/arm-none-eabi/9.2.1/../../../arm-none-eabi/lib/thumb/v6-m/nofp/libg.a(lib_a-malloc.o)
                              CMakeFiles/Multislope.dir/home/dmytro/Documents/pico/pico-sdk/src/rp2_common/pico_malloc/pico_malloc.c.obj (malloc)
/usr/lib/gcc/arm-none-eabi/9.2.1/../../../arm-none-eabi/lib/thumb/v6-m/nofp/libg.a(lib_a-mallocr.o)
                              /usr/lib/gcc/arm-none-eabi/9.2.1/../../../arm-none-eabi/lib/thumb/v6-m/nofp/libg.a(lib_a-callocr.o) (_malloc_r)
/usr/lib/gcc/arm-none-eabi/9.2.1/../../../arm-none-eabi/lib/thumb/v6-m/nofp/libg.a(lib_a-mlock.o)
                              /usr/lib/gcc/arm-none-eabi/9.2.1/../../../arm-none-eabi/lib/thumb/v6-m/nofp/libg.a(lib_a-mallocr.o) (__malloc_lock)
/usr/lib/gcc/arm-none-eabi/9.2.1/../../../arm-none-eabi/lib/thumb/v6-m/nofp/libg.a(lib_a-sbrkr.o)
                              /usr/lib/gcc/arm-none-eabi/9.2.1/../../../arm-none-eabi/lib/thumb/v6-m/nofp/libg.a(lib_a-mallocr.o) (_sbrk_r)
/usr/lib/gcc/arm-none-eabi/9.2.1/../../../arm-none-eabi/lib/thumb/v6-m/nofp/libg.a(lib_a-strlen-stub.o)
                              CMakeFiles/Multislope.dir/home/dmytro/Documents/pico/pico-sdk/src/rp2_common/pico_stdio/stdio.c.obj (strlen)
/usr/lib/gcc/arm-none-eabi/9.2.1/../../../arm-none-eabi/lib/thumb/v6-m/nofp/libg.a(lib_a-__atexit.o)
                              /usr/lib/gcc/arm-none-eabi/9.2.1/../../../arm-none-eabi/lib/thumb/v6-m/nofp/libg.a(lib_a-atexit.o) (__register_exitproc)
/usr/lib/gcc/arm-none-eabi/9.2.1/../../../arm-none-eabi/lib/thumb/v6-m/nofp/libg.a(lib_a-freer.o)
                              /usr/lib/gcc/arm-none-eabi/9.2.1/../../../arm-none-eabi/lib/thumb/v6-m/nofp/libg.a(lib_a-malloc.o) (_free_r)
/usr/lib/gcc/arm-none-eabi/9.2.1/../../../arm-none-eabi/lib/thumb/v6-m/nofp/libg.a(lib_a-reent.o)
                              /usr/lib/gcc/arm-none-eabi/9.2.1/../../../arm-none-eabi/lib/thumb/v6-m/nofp/libg.a(lib_a-sbrkr.o) (errno)

Allocating common symbols
Common symbol       size              file

ADCRes_4            0x2               CMakeFiles/Multislope.dir/main.c.obj
t3                  0x8               CMakeFiles/Multislope.dir/main.c.obj
sf_table            0x100             CMakeFiles/Multislope.dir/home/dmytro/Documents/pico/pico-sdk/src/rp2_common/pico_float/float_init_rom.c.obj
errno               0x4               /usr/lib/gcc/arm-none-eabi/9.2.1/../../../arm-none-eabi/lib/thumb/v6-m/nofp/libg.a(lib_a-reent.o)
ADCRes_1            0x2               CMakeFiles/Multislope.dir/main.c.obj
t2                  0x8               CMakeFiles/Multislope.dir/main.c.obj
ADCRes_3            0x2               CMakeFiles/Multislope.dir/main.c.obj
_usbd_qdef_buf      0xc0              CMakeFiles/Multislope.dir/home/dmytro/Documents/pico/pico-sdk/lib/tinyusb/src/device/usbd.c.obj
t4                  0x8               CMakeFiles/Multislope.dir/main.c.obj
ADCRes_2            0x2               CMakeFiles/Multislope.dir/main.c.obj
t1                  0x8               CMakeFiles/Multislope.dir/main.c.obj
[...]
Memory Configuration

Name             Origin             Length             Attributes
FLASH            0x0000000010000000 0x0000000000200000 xr
RAM              0x0000000020000000 0x0000000000040000 xrw
SCRATCH_X        0x0000000020040000 0x0000000000001000 xrw
SCRATCH_Y        0x0000000020041000 0x0000000000001000 xrw
*default*        0x0000000000000000 0xffffffffffffffff

Linker script and memory map

LOAD /usr/lib/gcc/arm-none-eabi/9.2.1/thumb/v6-m/nofp/crti.o
LOAD /usr/lib/gcc/arm-none-eabi/9.2.1/thumb/v6-m/nofp/crtbegin.o
LOAD /usr/lib/gcc/arm-none-eabi/9.2.1/../../../arm-none-eabi/lib/thumb/v6-m/nofp/crt0.o

.flash_begin    0x0000000010000000        0x0
                0x0000000010000000                __flash_binary_start = .

.boot2          0x0000000010000000      0x100
                0x0000000010000000                __boot2_start__ = .
 *(.boot2)
 .boot2         0x0000000010000000      0x100 /tmp/ccvQQo5s.o
                0x0000000010000100                __boot2_end__ = .
                0x0000000000000001                ASSERT (((__boot2_end__ - __boot2_start__) == 0x100), ERROR: Pico second stage bootloader must be 256 bytes in size)

.text           0x0000000010000100     0x79d0
                0x0000000010000100                __logical_binary_start = .
 *(.vectors)
 .vectors       0x0000000010000100       0xd4 CMakeFiles/Multislope.dir/home/dmytro/Documents/pico/pico-sdk/src/rp2_common/pico_standard_link/crt0.S.obj
                0x0000000010000100                __vectors
                0x0000000010000100                __VECTOR_TABLE
                0x00000000100001c0                isr_invalid
                0x00000000100001c0                __default_isrs_start
                0x00000000100001c2                isr_nmi
                0x00000000100001c4                isr_hardfault
                0x00000000100001c6                isr_svcall
                0x00000000100001c8                isr_pendsv
                0x00000000100001ca                isr_systick
                0x00000000100001cc                isr_irq30
                0x00000000100001cc                __unhandled_user_irq
                0x00000000100001cc                isr_irq13
                0x00000000100001cc                isr_irq27
                0x00000000100001cc                isr_irq31
                0x00000000100001cc                isr_irq5
                0x00000000100001cc                isr_irq11
                0x00000000100001cc                isr_irq23
                0x00000000100001cc                isr_irq18
                0x00000000100001cc                isr_irq28
                0x00000000100001cc                isr_irq19
                0x00000000100001cc                isr_irq0
                0x00000000100001cc                isr_irq6
                0x00000000100001cc                isr_irq22
                0x00000000100001cc                isr_irq17
                0x00000000100001cc                isr_irq14
                0x00000000100001cc                isr_irq2
                0x00000000100001cc                isr_irq10
                0x00000000100001cc                isr_irq8
                0x00000000100001cc                isr_irq24
                0x00000000100001cc                isr_irq1
                0x00000000100001cc                isr_irq7
                0x00000000100001cc                isr_irq21
                0x00000000100001cc                isr_irq20
                0x00000000100001cc                isr_irq15
                0x00000000100001cc                isr_irq25
                0x00000000100001cc                isr_irq4
                0x00000000100001cc                isr_irq16
                0x00000000100001cc                isr_irq29
                0x00000000100001cc                isr_irq26
                0x00000000100001cc                __default_isrs_end
                0x00000000100001cc                isr_irq3
                0x00000000100001cc                isr_irq12
                0x00000000100001cc                isr_irq9
                0x00000000100001d2                unhandled_user_irq_num_in_r0
 *(.binary_info_header)
 .binary_info_header
                0x00000000100001d4       0x14 CMakeFiles/Multislope.dir/home/dmytro/Documents/pico/pico-sdk/src/rp2_common/pico_standard_link/crt0.S.obj
                0x00000000100001e8                __binary_info_header_end = .
 *(.reset)
 .reset         0x00000000100001e8       0xa8 CMakeFiles/Multislope.dir/home/dmytro/Documents/pico/pico-sdk/src/rp2_common/pico_standard_link/crt0.S.obj
                0x00000000100001e8                _entry_point
                0x0000000010000266                __get_current_exception
 .reset         0x0000000010000290       0x30 CMakeFiles/Multislope.dir/home/dmytro/Documents/pico/pico-sdk/src/rp2_common/pico_standard_link/binary_info.c.obj
 *(.init)
 .init          0x00000000100002c0        0x4 /usr/lib/gcc/arm-none-eabi/9.2.1/thumb/v6-m/nofp/crti.o
                0x00000000100002c0                _init
 *(EXCLUDE_FILE(*libm.a: *libc.a:*lib_a-mem*.o *libgcc.a:) .text*)
 .text          0x00000000100002c4       0x98 /usr/lib/gcc/arm-none-eabi/9.2.1/thumb/v6-m/nofp/crtbegin.o
 .text.pio_irh  0x000000001000035c      0x144 CMakeFiles/Multislope.dir/main.c.obj
                0x000000001000035c                pio_irh
 .text.ms_program_init
                0x00000000100004a0      0x104 CMakeFiles/Multislope.dir/main.c.obj
                0x00000000100004a0                ms_program_init
 .text.dbclk_program_init
                0x00000000100005a4       0xc0 CMakeFiles/Multislope.dir/main.c.obj
                0x00000000100005a4                dbclk_program_init
 .text.get_counts
                0x0000000010000664       0x4a CMakeFiles/Multislope.dir/main.c.obj
                0x0000000010000664                get_counts
 *fill*         0x00000000100006ae        0x2 
 .text.main     0x00000000100006b0      0x250 CMakeFiles/Multislope.dir/main.c.obj
                0x00000000100006b0                main
 .text.set_sys_clock_pll
                0x0000000010000900       0x78 CMakeFiles/Multislope.dir/home/dmytro/Documents/pico/pico-sdk/src/rp2_common/pico_stdlib/stdlib.c.obj
                0x0000000010000900                set_sys_clock_pll
 .text.check_sys_clock_khz
                0x0000000010000978       0xb0 CMakeFiles/Multislope.dir/home/dmytro/Documents/pico/pico-sdk/src/rp2_common/pico_stdlib/stdlib.c.obj
                0x0000000010000978                check_sys_clock_khz
 .text.gpio_set_function
                0x0000000010000a28       0x30 CMakeFiles/Multislope.dir/home/dmytro/Documents/pico/pico-sdk/src/rp2_common/hardware_gpio/gpio.c.obj
                0x0000000010000a28                gpio_set_function
 .text.gpio_set_pulls
                0x0000000010000a58       0x34 CMakeFiles/Multislope.dir/home/dmytro/Documents/pico/pico-sdk/src/rp2_common/hardware_gpio/gpio.c.obj
                0x0000000010000a58                gpio_set_pulls
 .text.gpio_set_input_enabled
                0x0000000010000a8c       0x30 CMakeFiles/Multislope.dir/home/dmytro/Documents/pico/pico-sdk/src/rp2_common/hardware_gpio/gpio.c.obj
                0x0000000010000a8c                gpio_set_input_enabled
 .text.gpio_init
                0x0000000010000abc       0x16 CMakeFiles/Multislope.dir/home/dmytro/Documents/pico/pico-sdk/src/rp2_common/hardware_gpio/gpio.c.obj
                0x0000000010000abc                gpio_init
 *fill*         0x0000000010000ad2        0x2 
 .text.hw_claim_lock
                0x0000000010000ad4       0x18 CMakeFiles/Multislope.dir/home/dmytro/Documents/pico/pico-sdk/src/rp2_common/hardware_claim/claim.c.obj
                0x0000000010000ad4                hw_claim_lock
 .text.hw_claim_unlock
                0x0000000010000aec       0x14 CMakeFiles/Multislope.dir/home/dmytro/Documents/pico/pico-sdk/src/rp2_common/hardware_claim/claim.c.obj
                0x0000000010000aec                hw_claim_unlock
 .text.hw_claim_or_assert
                0x0000000010000b00       0x32 CMakeFiles/Multislope.dir/home/dmytro/Documents/pico/pico-sdk/src/rp2_common/hardware_claim/claim.c.obj
                0x0000000010000b00                hw_claim_or_assert
 .text.hw_claim_unused_from_range
                0x0000000010000b32       0x50 CMakeFiles/Multislope.dir/home/dmytro/Documents/pico/pico-sdk/src/rp2_common/hardware_claim/claim.c.obj
                0x0000000010000b32                hw_claim_unused_from_range
 *fill*         0x0000000010000b82        0x2 
 .text.running_on_fpga
                0x0000000010000b84       0x14 CMakeFiles/Multislope.dir/home/dmytro/Documents/pico/pico-sdk/src/rp2_common/pico_platform/platform.c.obj
                0x0000000010000b84                running_on_fpga
 .text.spin_locks_reset
                0x0000000010000b98       0x20 CMakeFiles/Multislope.dir/home/dmytro/Documents/pico/pico-sdk/src/rp2_common/hardware_sync/sync.c.obj
                0x0000000010000b98                spin_locks_reset
 .text.next_striped_spin_lock_num
                0x0000000010000bb8       0x1c CMakeFiles/Multislope.dir/home/dmytro/Documents/pico/pico-sdk/src/rp2_common/hardware_sync/sync.c.obj
                0x0000000010000bb8                next_striped_spin_lock_num
 .text.spin_lock_claim_unused
                0x0000000010000bd4       0x20 CMakeFiles/Multislope.dir/home/dmytro/Documents/pico/pico-sdk/src/rp2_common/hardware_sync/sync.c.obj
                0x0000000010000bd4                spin_lock_claim_unused
 .text.alarm_pool_post_alloc_init
                0x0000000010000bf4       0x40 CMakeFiles/Multislope.dir/home/dmytro/Documents/pico/pico-sdk/src/common/pico_time/time.c.obj
 .text.sleep_until_callback
                0x0000000010000c34       0x30 CMakeFiles/Multislope.dir/home/dmytro/Documents/pico/pico-sdk/src/common/pico_time/time.c.obj
 .text.timer_pool_entry_comparator
                0x0000000010000c64       0x7c CMakeFiles/Multislope.dir/home/dmytro/Documents/pico/pico-sdk/src/common/pico_time/time.c.obj
                0x0000000010000c64                timer_pool_entry_comparator
 .text.ph_add_child_node
                0x0000000010000ce0       0xa4 CMakeFiles/Multislope.dir/home/dmytro/Documents/pico/pico-sdk/src/common/pico_time/time.c.obj
 .text.ph_merge_nodes
                0x0000000010000d84       0x3e CMakeFiles/Multislope.dir/home/dmytro/Documents/pico/pico-sdk/src/common/pico_time/time.c.obj
 *fill*         0x0000000010000dc2        0x2 
 .text.add_alarm_under_lock
                0x0000000010000dc4      0x174 CMakeFiles/Multislope.dir/home/dmytro/Documents/pico/pico-sdk/src/common/pico_time/time.c.obj
 .text.alarm_pool_alarm_callback
                0x0000000010000f38      0x32c CMakeFiles/Multislope.dir/home/dmytro/Documents/pico/pico-sdk/src/common/pico_time/time.c.obj
 .text.alarm_pool_init_default
                0x0000000010001264       0x38 CMakeFiles/Multislope.dir/home/dmytro/Documents/pico/pico-sdk/src/common/pico_time/time.c.obj
                0x0000000010001264                alarm_pool_init_default
 .text.alarm_pool_get_default
                0x000000001000129c       0x2c CMakeFiles/Multislope.dir/home/dmytro/Documents/pico/pico-sdk/src/common/pico_time/time.c.obj
                0x000000001000129c                alarm_pool_get_default
 .text.alarm_pool_add_alarm_at
                0x00000000100012c8      0x170 CMakeFiles/Multislope.dir/home/dmytro/Documents/pico/pico-sdk/src/common/pico_time/time.c.obj
                0x00000000100012c8                alarm_pool_add_alarm_at
 .text.alarm_pool_cancel_alarm
                0x0000000010001438       0xf0 CMakeFiles/Multislope.dir/home/dmytro/Documents/pico/pico-sdk/src/common/pico_time/time.c.obj
                0x0000000010001438                alarm_pool_cancel_alarm
 .text.sleep_until
                0x0000000010001528       0xfc CMakeFiles/Multislope.dir/home/dmytro/Documents/pico/pico-sdk/src/common/pico_time/time.c.obj
                0x0000000010001528                sleep_until
 .text.sleep_us
                0x0000000010001624       0x58 CMakeFiles/Multislope.dir/home/dmytro/Documents/pico/pico-sdk/src/common/pico_time/time.c.obj
                0x0000000010001624                sleep_us
 .text.sleep_ms
                0x000000001000167c       0x14 CMakeFiles/Multislope.dir/home/dmytro/Documents/pico/pico-sdk/src/common/pico_time/time.c.obj
                0x000000001000167c                sleep_ms
 .text.best_effort_wfe_or_timeout
                0x0000000010001690       0x80 CMakeFiles/Multislope.dir/home/dmytro/Documents/pico/pico-sdk/src/common/pico_time/time.c.obj
                0x0000000010001690                best_effort_wfe_or_timeout
 .text.hardware_alarm_irq_handler
                0x0000000010001710       0x8c CMakeFiles/Multislope.dir/home/dmytro/Documents/pico/pico-sdk/src/rp2_common/hardware_timer/timer.c.obj
 .text.hardware_alarm_claim
                0x000000001000179c       0x18 CMakeFiles/Multislope.dir/home/dmytro/Documents/pico/pico-sdk/src/rp2_common/hardware_timer/timer.c.obj
                0x000000001000179c                hardware_alarm_claim
 .text.time_us_64
                0x00000000100017b4       0x18 CMakeFiles/Multislope.dir/home/dmytro/Documents/pico/pico-sdk/src/rp2_common/hardware_timer/timer.c.obj
                0x00000000100017b4                time_us_64
 .text.busy_wait_until
                0x00000000100017cc       0x24 CMakeFiles/Multislope.dir/home/dmytro/Documents/pico/pico-sdk/src/rp2_common/hardware_timer/timer.c.obj
                0x00000000100017cc                busy_wait_until
 .text.hardware_alarm_set_callback
                0x00000000100017f0       0x90 CMakeFiles/Multislope.dir/home/dmytro/Documents/pico/pico-sdk/src/rp2_common/hardware_timer/timer.c.obj
                0x00000000100017f0                hardware_alarm_set_callback
 .text.hardware_alarm_set_target
                0x0000000010001880       0xe8 CMakeFiles/Multislope.dir/home/dmytro/Documents/pico/pico-sdk/src/rp2_common/hardware_timer/timer.c.obj
                0x0000000010001880                hardware_alarm_set_target
 .text.hardware_alarm_cancel
                0x0000000010001968       0x40 CMakeFiles/Multislope.dir/home/dmytro/Documents/pico/pico-sdk/src/rp2_common/hardware_timer/timer.c.obj
                0x0000000010001968                hardware_alarm_cancel
 .text.lock_init
                0x00000000100019a8       0x10 CMakeFiles/Multislope.dir/home/dmytro/Documents/pico/pico-sdk/src/common/pico_sync/lock_core.c.obj
                0x00000000100019a8                lock_init
 .text.mutex_init
                0x00000000100019b8       0x1a CMakeFiles/Multislope.dir/home/dmytro/Documents/pico/pico-sdk/src/common/pico_sync/mutex.c.obj
                0x00000000100019b8                mutex_init
 .text.recursive_mutex_init
                0x00000000100019d2       0x1e CMakeFiles/Multislope.dir/home/dmytro/Documents/pico/pico-sdk/src/common/pico_sync/mutex.c.obj
                0x00000000100019d2                recursive_mutex_init
 .text.critical_section_init_with_lock_num
                0x00000000100019f0       0x14 CMakeFiles/Multislope.dir/home/dmytro/Documents/pico/pico-sdk/src/common/pico_sync/critical_section.c.obj
                0x00000000100019f0                critical_section_init_with_lock_num
 .text.critical_section_init
                0x0000000010001a04       0x14 CMakeFiles/Multislope.dir/home/dmytro/Documents/pico/pico-sdk/src/common/pico_sync/critical_section.c.obj
                0x0000000010001a04                critical_section_init
 .text.ph_add_child_node
                0x0000000010001a18       0xa4 CMakeFiles/Multislope.dir/home/dmytro/Documents/pico/pico-sdk/src/common/pico_util/pheap.c.obj
 .text.ph_merge_nodes
                0x0000000010001abc       0x3e CMakeFiles/Multislope.dir/home/dmytro/Documents/pico/pico-sdk/src/common/pico_util/pheap.c.obj
 *fill*         0x0000000010001afa        0x2 
 .text.ph_clear
                0x0000000010001afc       0x70 CMakeFiles/Multislope.dir/home/dmytro/Documents/pico/pico-sdk/src/common/pico_util/pheap.c.obj
                0x0000000010001afc                ph_clear
 .text.ph_post_alloc_init
                0x0000000010001b6c        0xe CMakeFiles/Multislope.dir/home/dmytro/Documents/pico/pico-sdk/src/common/pico_util/pheap.c.obj
                0x0000000010001b6c                ph_post_alloc_init
 *fill*         0x0000000010001b7a        0x2 
 .text.ph_merge_two_pass
                0x0000000010001b7c       0xa8 CMakeFiles/Multislope.dir/home/dmytro/Documents/pico/pico-sdk/src/common/pico_util/pheap.c.obj
                0x0000000010001b7c                ph_merge_two_pass
 .text.ph_remove_any_head
                0x0000000010001c24      0x108 CMakeFiles/Multislope.dir/home/dmytro/Documents/pico/pico-sdk/src/common/pico_util/pheap.c.obj
 .text.ph_remove_head
                0x0000000010001d2c       0x14 CMakeFiles/Multislope.dir/home/dmytro/Documents/pico/pico-sdk/src/common/pico_util/pheap.c.obj
                0x0000000010001d2c                ph_remove_head
 .text.ph_remove_and_free_node
                0x0000000010001d40       0xf8 CMakeFiles/Multislope.dir/home/dmytro/Documents/pico/pico-sdk/src/common/pico_util/pheap.c.obj
                0x0000000010001d40                ph_remove_and_free_node
 .text._exit    0x0000000010001e38        0x4 CMakeFiles/Multislope.dir/home/dmytro/Documents/pico/pico-sdk/src/rp2_common/pico_runtime/runtime.c.obj
                0x0000000010001e38                _exit
 .text.exit     0x0000000010001e3c        0x6 CMakeFiles/Multislope.dir/home/dmytro/Documents/pico/pico-sdk/src/rp2_common/pico_runtime/runtime.c.obj
                0x0000000010001e3c                exit
 *fill*         0x0000000010001e42        0x2 
 .text.__assert_func
                0x0000000010001e44       0x3c CMakeFiles/Multislope.dir/home/dmytro/Documents/pico/pico-sdk/src/rp2_common/pico_runtime/runtime.c.obj
                0x0000000010001e44                __assert_func
 .text.runtime_init
                0x0000000010001e80       0xf8 CMakeFiles/Multislope.dir/home/dmytro/Documents/pico/pico-sdk/src/rp2_common/pico_runtime/runtime.c.obj
                0x0000000010001e80                runtime_init
 .text.panic    0x0000000010001f78       0x30 CMakeFiles/Multislope.dir/home/dmytro/Documents/pico/pico-sdk/src/rp2_common/pico_runtime/runtime.c.obj
                0x0000000010001f78                panic
 .text.clock_configure
                0x0000000010001fa8      0x104 CMakeFiles/Multislope.dir/home/dmytro/Documents/pico/pico-sdk/src/rp2_common/hardware_clocks/clocks.c.obj
                0x0000000010001fa8                clock_configure
 .text.clocks_init
                0x00000000100020ac      0x100 CMakeFiles/Multislope.dir/home/dmytro/Documents/pico/pico-sdk/src/rp2_common/hardware_clocks/clocks.c.obj
                0x00000000100020ac                clocks_init
 .text.clock_get_hz
                0x00000000100021ac        0xc CMakeFiles/Multislope.dir/home/dmytro/Documents/pico/pico-sdk/src/rp2_common/hardware_clocks/clocks.c.obj
                0x00000000100021ac                clock_get_hz
 .text.set_raw_irq_handler_and_unlock
                0x00000000100021b8       0x28 CMakeFiles/Multislope.dir/home/dmytro/Documents/pico/pico-sdk/src/rp2_common/hardware_irq/irq.c.obj
 .text.make_branch
                0x00000000100021e0       0x34 CMakeFiles/Multislope.dir/home/dmytro/Documents/pico/pico-sdk/src/rp2_common/hardware_irq/irq.c.obj
 .text.insert_branch_and_link
                0x0000000010002214       0x40 CMakeFiles/Multislope.dir/home/dmytro/Documents/pico/pico-sdk/src/rp2_common/hardware_irq/irq.c.obj
 .text.irq_is_enabled
                0x0000000010002254       0x18 CMakeFiles/Multislope.dir/home/dmytro/Documents/pico/pico-sdk/src/rp2_common/hardware_irq/irq.c.obj
                0x0000000010002254                irq_is_enabled
 .text.irq_set_mask_enabled
                0x000000001000226c       0x20 CMakeFiles/Multislope.dir/home/dmytro/Documents/pico/pico-sdk/src/rp2_common/hardware_irq/irq.c.obj
                0x000000001000226c                irq_set_mask_enabled
 .text.irq_set_enabled
                0x000000001000228c        0xe CMakeFiles/Multislope.dir/home/dmytro/Documents/pico/pico-sdk/src/rp2_common/hardware_irq/irq.c.obj
                0x000000001000228c                irq_set_enabled
 *fill*         0x000000001000229a        0x2 
 .text.irq_set_pending
                0x000000001000229c       0x10 CMakeFiles/Multislope.dir/home/dmytro/Documents/pico/pico-sdk/src/rp2_common/hardware_irq/irq.c.obj
                0x000000001000229c                irq_set_pending
 .text.irq_get_vtable_handler
                0x00000000100022ac       0x10 CMakeFiles/Multislope.dir/home/dmytro/Documents/pico/pico-sdk/src/rp2_common/hardware_irq/irq.c.obj
                0x00000000100022ac                irq_get_vtable_handler
 .text.irq_set_exclusive_handler
                0x00000000100022bc       0x54 CMakeFiles/Multislope.dir/home/dmytro/Documents/pico/pico-sdk/src/rp2_common/hardware_irq/irq.c.obj
                0x00000000100022bc                irq_set_exclusive_handler
 .text.irq_remove_handler
                0x0000000010002310      0x1ac CMakeFiles/Multislope.dir/home/dmytro/Documents/pico/pico-sdk/src/rp2_common/hardware_irq/irq.c.obj
                0x0000000010002310                irq_remove_handler
 .text.irq_add_tail_to_free_list
                0x00000000100024bc       0xf0 CMakeFiles/Multislope.dir/home/dmytro/Documents/pico/pico-sdk/src/rp2_common/hardware_irq/irq.c.obj
                0x00000000100024bc                irq_add_tail_to_free_list
 .text.irq_init_priorities
                0x00000000100025ac       0x1c CMakeFiles/Multislope.dir/home/dmytro/Documents/pico/pico-sdk/src/rp2_common/hardware_irq/irq.c.obj
                0x00000000100025ac                irq_init_priorities
 .text.pll_init
                0x00000000100025c8      0x118 CMakeFiles/Multislope.dir/home/dmytro/Documents/pico/pico-sdk/src/rp2_common/hardware_pll/pll.c.obj
                0x00000000100025c8                pll_init
 .text.watchdog_start_tick
                0x00000000100026e0       0x10 CMakeFiles/Multislope.dir/home/dmytro/Documents/pico/pico-sdk/src/rp2_common/hardware_watchdog/watchdog.c.obj
                0x00000000100026e0                watchdog_start_tick
 .text.watchdog_update
                0x00000000100026f0       0x14 CMakeFiles/Multislope.dir/home/dmytro/Documents/pico/pico-sdk/src/rp2_common/hardware_watchdog/watchdog.c.obj
                0x00000000100026f0                watchdog_update
 .text._watchdog_enable
                0x0000000010002704       0x78 CMakeFiles/Multislope.dir/home/dmytro/Documents/pico/pico-sdk/src/rp2_common/hardware_watchdog/watchdog.c.obj
                0x0000000010002704                _watchdog_enable
 .text.watchdog_reboot
                0x000000001000277c       0x48 CMakeFiles/Multislope.dir/home/dmytro/Documents/pico/pico-sdk/src/rp2_common/hardware_watchdog/watchdog.c.obj
                0x000000001000277c                watchdog_reboot
 .text.xosc_init
                0x00000000100027c4       0x28 CMakeFiles/Multislope.dir/home/dmytro/Documents/pico/pico-sdk/src/rp2_common/hardware_xosc/xosc.c.obj
                0x00000000100027c4                xosc_init
 .text._out_null
                0x00000000100027ec        0x2 CMakeFiles/Multislope.dir/home/dmytro/Documents/pico/pico-sdk/src/rp2_common/pico_printf/printf.c.obj
 .text._out_fct
                0x00000000100027ee        0xe CMakeFiles/Multislope.dir/home/dmytro/Documents/pico/pico-sdk/src/rp2_common/pico_printf/printf.c.obj
 .text._atoi    0x00000000100027fc       0x24 CMakeFiles/Multislope.dir/home/dmytro/Documents/pico/pico-sdk/src/rp2_common/pico_printf/printf.c.obj
 .text._out_rev
                0x0000000010002820       0xae CMakeFiles/Multislope.dir/home/dmytro/Documents/pico/pico-sdk/src/rp2_common/pico_printf/printf.c.obj
 .text._ntoa_format
                0x00000000100028ce      0x110 CMakeFiles/Multislope.dir/home/dmytro/Documents/pico/pico-sdk/src/rp2_common/pico_printf/printf.c.obj
 .text._ntoa_long
                0x00000000100029de       0xbc CMakeFiles/Multislope.dir/home/dmytro/Documents/pico/pico-sdk/src/rp2_common/pico_printf/printf.c.obj
 .text._ntoa_long_long
                0x0000000010002a9a       0xe2 CMakeFiles/Multislope.dir/home/dmytro/Documents/pico/pico-sdk/src/rp2_common/pico_printf/printf.c.obj
 .text._etoa    0x0000000010002b7c      0x40c CMakeFiles/Multislope.dir/home/dmytro/Documents/pico/pico-sdk/src/rp2_common/pico_printf/printf.c.obj
 .text._ftoa    0x0000000010002f88      0x354 CMakeFiles/Multislope.dir/home/dmytro/Documents/pico/pico-sdk/src/rp2_common/pico_printf/printf.c.obj
 .text._vsnprintf
                0x00000000100032dc      0x628 CMakeFiles/Multislope.dir/home/dmytro/Documents/pico/pico-sdk/src/rp2_common/pico_printf/printf.c.obj
 .text.vfctprintf
                0x0000000010003904       0x20 CMakeFiles/Multislope.dir/home/dmytro/Documents/pico/pico-sdk/src/rp2_common/pico_printf/printf.c.obj
                0x0000000010003904                vfctprintf
 .text          0x0000000010003924       0x10 CMakeFiles/Multislope.dir/home/dmytro/Documents/pico/pico-sdk/src/rp2_common/pico_bit_ops/bit_ops_aeabi.S.obj
 .text.rom_func_lookup
                0x0000000010003934       0x10 CMakeFiles/Multislope.dir/home/dmytro/Documents/pico/pico-sdk/src/rp2_common/pico_bootrom/bootrom.c.obj
                0x0000000010003934                rom_func_lookup
 .text.rom_data_lookup
                0x0000000010003944       0x10 CMakeFiles/Multislope.dir/home/dmytro/Documents/pico/pico-sdk/src/rp2_common/pico_bootrom/bootrom.c.obj
                0x0000000010003944                rom_data_lookup
 .text.rom_funcs_lookup
                0x0000000010003954       0x36 CMakeFiles/Multislope.dir/home/dmytro/Documents/pico/pico-sdk/src/rp2_common/pico_bootrom/bootrom.c.obj
                0x0000000010003954                rom_funcs_lookup
 *fill*         0x000000001000398a        0x2 
 .text.__wrap___aeabi_idiv
                0x000000001000398c       0x50 CMakeFiles/Multislope.dir/home/dmytro/Documents/pico/pico-sdk/src/rp2_common/pico_divider/divider.S.obj
                0x000000001000398c                __wrap___aeabi_idivmod
                0x000000001000398c                divmod_s32s32
                0x000000001000398c                div_s32s32
                0x000000001000398c                __wrap___aeabi_idiv
                0x0000000010003994                divmod_s32s32_unsafe
                0x00000000100039c0                divmod_s32s32_savestate
 .text.__wrap___aeabi_uidiv
                0x00000000100039dc       0x4c CMakeFiles/Multislope.dir/home/dmytro/Documents/pico/pico-sdk/src/rp2_common/pico_divider/divider.S.obj
                0x00000000100039dc                __wrap___aeabi_uidiv
                0x00000000100039dc                __wrap___aeabi_uidivmod
                0x00000000100039dc                div_u32u32
                0x00000000100039dc                divmod_u32u32
                0x00000000100039e4                divmod_u32u32_unsafe
                0x0000000010003a0c                divmod_u32u32_savestate
 .text.__wrap___aeabi_ldiv
                0x0000000010003a28      0x434 CMakeFiles/Multislope.dir/home/dmytro/Documents/pico/pico-sdk/src/rp2_common/pico_divider/divider.S.obj
                0x0000000010003a28                div_s64s64
                0x0000000010003a28                divmod_s64s64
                0x0000000010003a28                __wrap___aeabi_ldivmod
                0x0000000010003a60                div_u64u64
                0x0000000010003a60                divmod_u64u64
                0x0000000010003a60                __wrap___aeabi_uldivmod
                0x0000000010003a70                divmod_u64u64_savestate
                0x0000000010003a98                divmod_s64s64_unsafe
                0x0000000010003b20                divmod_u64u64_unsafe
 .text.__wrap___aeabi_darithmetic
                0x0000000010003e5c       0x80 CMakeFiles/Multislope.dir/home/dmytro/Documents/pico/pico-sdk/src/rp2_common/pico_double/double_aeabi.S.obj
                0x0000000010003e5c                __wrap___aeabi_drsub
                0x0000000010003e62                __wrap___aeabi_dsub
                0x0000000010003e74                __wrap___aeabi_dadd
                0x0000000010003e86                __wrap___aeabi_ddiv
                0x0000000010003ec2                __wrap___aeabi_dmul
 .text.__wrap___aeabi_cdcmple
                0x0000000010003edc       0x6c CMakeFiles/Multislope.dir/home/dmytro/Documents/pico/pico-sdk/src/rp2_common/pico_double/double_aeabi.S.obj
                0x0000000010003edc                __wrap___aeabi_cdrcmple
                0x0000000010003eec                __wrap___aeabi_cdcmple
                0x0000000010003eec                __wrap___aeabi_cdcmpeq
 .text.__wrap___aeabi_dcmplt
                0x0000000010003f48        0xc CMakeFiles/Multislope.dir/home/dmytro/Documents/pico/pico-sdk/src/rp2_common/pico_double/double_aeabi.S.obj
                0x0000000010003f48                __wrap___aeabi_dcmplt
 .text.__wrap___aeabi_dcmple
                0x0000000010003f54       0x10 CMakeFiles/Multislope.dir/home/dmytro/Documents/pico/pico-sdk/src/rp2_common/pico_double/double_aeabi.S.obj
                0x0000000010003f54                __wrap___aeabi_dcmple
 .text.__wrap___aeabi_dcmpge
                0x0000000010003f64       0x10 CMakeFiles/Multislope.dir/home/dmytro/Documents/pico/pico-sdk/src/rp2_common/pico_double/double_aeabi.S.obj
                0x0000000010003f64                __wrap___aeabi_dcmpge
 .text.__wrap___aeabi_dcmpgt
                0x0000000010003f74        0xa CMakeFiles/Multislope.dir/home/dmytro/Documents/pico/pico-sdk/src/rp2_common/pico_double/double_aeabi.S.obj
                0x0000000010003f74                __wrap___aeabi_dcmpgt
 .text.__wrap___aeabi_dcmpun
                0x0000000010003f7e       0x1c CMakeFiles/Multislope.dir/home/dmytro/Documents/pico/pico-sdk/src/rp2_common/pico_double/double_aeabi.S.obj
                0x0000000010003f7e                __wrap___aeabi_dcmpun
 *fill*         0x0000000010003f9a        0x2 
 .text.__wrap___aeabi_i2d
                0x0000000010003f9c       0x38 CMakeFiles/Multislope.dir/home/dmytro/Documents/pico/pico-sdk/src/rp2_common/pico_double/double_aeabi.S.obj
                0x0000000010003f9c                __wrap___aeabi_ui2d
                0x0000000010003fa4                __wrap___aeabi_i2d
 .text.__wrap___aeabi_d2iz
                0x0000000010003fd4       0x48 CMakeFiles/Multislope.dir/home/dmytro/Documents/pico/pico-sdk/src/rp2_common/pico_double/double_aeabi.S.obj
                0x0000000010003fd4                __wrap___aeabi_d2iz
                0x0000000010003fd4                double2int_z
 .text.__wrap___aeabi_d2uiz
                0x000000001000401c       0x18 CMakeFiles/Multislope.dir/home/dmytro/Documents/pico/pico-sdk/src/rp2_common/pico_double/double_aeabi.S.obj
                0x000000001000401c                double2uint
                0x000000001000401c                __wrap___aeabi_d2uiz
 .text.__aeabi_double_init
                0x0000000010004034       0xc8 CMakeFiles/Multislope.dir/home/dmytro/Documents/pico/pico-sdk/src/rp2_common/pico_double/double_init_rom.c.obj
                0x0000000010004034                __aeabi_double_init
 .text.double_table_shim_on_use_helper
                0x00000000100040fc       0x34 CMakeFiles/Multislope.dir/home/dmytro/Documents/pico/pico-sdk/src/rp2_common/pico_double/double_v1_rom_shim.S.obj
                0x00000000100040fc                double_table_shim_on_use_helper
 .text.__wrap___aeabi_dsub
                0x0000000010004130       0x10 CMakeFiles/Multislope.dir/home/dmytro/Documents/pico/pico-sdk/src/rp2_common/pico_double/double_v1_rom_shim.S.obj
                0x0000000010004130                drsub_shim
                0x0000000010004136                dsub_shim
 .text.dadd_shim
                0x0000000010004140      0x15c CMakeFiles/Multislope.dir/home/dmytro/Documents/pico/pico-sdk/src/rp2_common/pico_double/double_v1_rom_shim.S.obj
                0x0000000010004140                dadd_shim
 .text.dmul_shim
                0x000000001000429c      0x15c CMakeFiles/Multislope.dir/home/dmytro/Documents/pico/pico-sdk/src/rp2_common/pico_double/double_v1_rom_shim.S.obj
                0x000000001000429c                dmul_shim
 .text.ddiv_shim
                0x00000000100043f8      0x1b0 CMakeFiles/Multislope.dir/home/dmytro/Documents/pico/pico-sdk/src/rp2_common/pico_double/double_v1_rom_shim.S.obj
                0x00000000100043f8                ddiv_shim
 .text.double2uint_shim
                0x00000000100045a8        0xe CMakeFiles/Multislope.dir/home/dmytro/Documents/pico/pico-sdk/src/rp2_common/pico_double/double_v1_rom_shim.S.obj
                0x00000000100045a8                double2uint_shim
                0x00000000100045aa                double2ufix_shim
 *fill*         0x00000000100045b6        0x2 
 .text.double2uint64_shim
                0x00000000100045b8       0x70 CMakeFiles/Multislope.dir/home/dmytro/Documents/pico/pico-sdk/src/rp2_common/pico_double/double_v1_rom_shim.S.obj
                0x00000000100045b8                double2uint64_shim
                0x00000000100045ba                double2ufix64_shim
                0x00000000100045da                d2fix_a
 .text.dunpacks
                0x0000000010004628       0x3c CMakeFiles/Multislope.dir/home/dmytro/Documents/pico/pico-sdk/src/rp2_common/pico_double/double_v1_rom_shim.S.obj
                0x0000000010004628                dunpacks
 .text.__aeabi_lmul
                0x0000000010004664       0x32 CMakeFiles/Multislope.dir/home/dmytro/Documents/pico/pico-sdk/src/rp2_common/pico_int64_ops/pico_int64_ops_aeabi.S.obj
                0x0000000010004664                __wrap___aeabi_lmul
 *fill*         0x0000000010004696        0x2 
 .text.__wrap___aeabi_farithmetic
                0x0000000010004698       0x58 CMakeFiles/Multislope.dir/home/dmytro/Documents/pico/pico-sdk/src/rp2_common/pico_float/float_aeabi.S.obj
                0x0000000010004698                __wrap___aeabi_frsub
                0x000000001000469e                __wrap___aeabi_fsub
                0x00000000100046a8                __wrap___aeabi_fadd
                0x00000000100046b2                __wrap___aeabi_fdiv
                0x00000000100046de                __wrap___aeabi_fmul
 .text.__wrap___aeabi_ui2f
                0x00000000100046f0        0xa CMakeFiles/Multislope.dir/home/dmytro/Documents/pico/pico-sdk/src/rp2_common/pico_float/float_aeabi.S.obj
                0x00000000100046f0                __wrap___aeabi_ui2f
 *fill*         0x00000000100046fa        0x2 
 .text.__wrap___aeabi_i2f
                0x00000000100046fc       0x44 CMakeFiles/Multislope.dir/home/dmytro/Documents/pico/pico-sdk/src/rp2_common/pico_float/float_aeabi.S.obj
                0x00000000100046fc                __wrap___aeabi_i2f
 .text.__wrap___aeabi_f2uiz
                0x0000000010004740       0x10 CMakeFiles/Multislope.dir/home/dmytro/Documents/pico/pico-sdk/src/rp2_common/pico_float/float_aeabi.S.obj
                0x0000000010004740                __wrap___aeabi_f2uiz
 .text.__aeabi_float_init
                0x0000000010004750       0xfc CMakeFiles/Multislope.dir/home/dmytro/Documents/pico/pico-sdk/src/rp2_common/pico_float/float_init_rom.c.obj
                0x0000000010004750                __aeabi_float_init
 .text.float_table_shim_on_use_helper
                0x000000001000484c       0x34 CMakeFiles/Multislope.dir/home/dmytro/Documents/pico/pico-sdk/src/rp2_common/pico_float/float_v1_rom_shim.S.obj
                0x000000001000484c                float_table_shim_on_use_helper
 .text          0x0000000010004880       0x10 CMakeFiles/Multislope.dir/home/dmytro/Documents/pico/pico-sdk/src/rp2_common/pico_mem_ops/mem_ops_aeabi.S.obj
                0x0000000010004880                __aeabi_mem_init
 .text.memset   0x0000000010004890        0xc CMakeFiles/Multislope.dir/home/dmytro/Documents/pico/pico-sdk/src/rp2_common/pico_mem_ops/mem_ops_aeabi.S.obj
                0x0000000010004890                __wrap_memset
 .text.memcpy   0x000000001000489c        0xc CMakeFiles/Multislope.dir/home/dmytro/Documents/pico/pico-sdk/src/rp2_common/pico_mem_ops/mem_ops_aeabi.S.obj
                0x000000001000489c                __wrap___aeabi_memcpy
                0x000000001000489c                __wrap_memcpy
 .text.stdio_out_chars_no_crlf
                0x00000000100048a8        0xe CMakeFiles/Multislope.dir/home/dmytro/Documents/pico/pico-sdk/src/rp2_common/pico_stdio/stdio.c.obj
 *fill*         0x00000000100048b6        0x2 
 .text.stdio_out_chars_crlf
                0x00000000100048b8       0x80 CMakeFiles/Multislope.dir/home/dmytro/Documents/pico/pico-sdk/src/rp2_common/pico_stdio/stdio.c.obj
 .text.stdio_stack_buffer_flush
                0x0000000010004938       0x44 CMakeFiles/Multislope.dir/home/dmytro/Documents/pico/pico-sdk/src/rp2_common/pico_stdio/stdio.c.obj
 .text.stdio_buffered_printer
                0x000000001000497c       0x20 CMakeFiles/Multislope.dir/home/dmytro/Documents/pico/pico-sdk/src/rp2_common/pico_stdio/stdio.c.obj
 .text.stdout_serialize_begin
                0x000000001000499c       0x30 CMakeFiles/Multislope.dir/home/dmytro/Documents/pico/pico-sdk/src/rp2_common/pico_stdio/stdio.c.obj
                0x000000001000499c                stdout_serialize_begin
 .text.stdout_serialize_end
                0x00000000100049cc       0x10 CMakeFiles/Multislope.dir/home/dmytro/Documents/pico/pico-sdk/src/rp2_common/pico_stdio/stdio.c.obj
                0x00000000100049cc                stdout_serialize_end
 .text.stdio_put_string
                0x00000000100049dc       0x98 CMakeFiles/Multislope.dir/home/dmytro/Documents/pico/pico-sdk/src/rp2_common/pico_stdio/stdio.c.obj
 .text.stdio_set_driver_enabled
                0x0000000010004a74       0x38 CMakeFiles/Multislope.dir/home/dmytro/Documents/pico/pico-sdk/src/rp2_common/pico_stdio/stdio.c.obj
                0x0000000010004a74                stdio_set_driver_enabled
 .text.stdio_flush
                0x0000000010004aac       0x20 CMakeFiles/Multislope.dir/home/dmytro/Documents/pico/pico-sdk/src/rp2_common/pico_stdio/stdio.c.obj
                0x0000000010004aac                stdio_flush
 .text.__wrap_puts
                0x0000000010004acc       0x1e CMakeFiles/Multislope.dir/home/dmytro/Documents/pico/pico-sdk/src/rp2_common/pico_stdio/stdio.c.obj
                0x0000000010004acc                __wrap_puts
 *fill*         0x0000000010004aea        0x2 
 .text.__wrap_vprintf
                0x0000000010004aec       0x44 CMakeFiles/Multislope.dir/home/dmytro/Documents/pico/pico-sdk/src/rp2_common/pico_stdio/stdio.c.obj
                0x0000000010004aec                __wrap_vprintf
 .text.__wrap_printf
                0x0000000010004b30       0x18 CMakeFiles/Multislope.dir/home/dmytro/Documents/pico/pico-sdk/src/rp2_common/pico_stdio/stdio.c.obj
                0x0000000010004b30                __wrap_printf
 .text.stdio_init_all
                0x0000000010004b48        0x8 CMakeFiles/Multislope.dir/home/dmytro/Documents/pico/pico-sdk/src/rp2_common/pico_stdio/stdio.c.obj
                0x0000000010004b48                stdio_init_all
 .text.resetd_init
                0x0000000010004b50        0x2 CMakeFiles/Multislope.dir/home/dmytro/Documents/pico/pico-sdk/src/rp2_common/pico_stdio_usb/reset_interface.c.obj
 *fill*         0x0000000010004b52        0x2 
 .text.resetd_reset
                0x0000000010004b54        0xc CMakeFiles/Multislope.dir/home/dmytro/Documents/pico/pico-sdk/src/rp2_common/pico_stdio_usb/reset_interface.c.obj
 .text.resetd_open
                0x0000000010004b60       0x34 CMakeFiles/Multislope.dir/home/dmytro/Documents/pico/pico-sdk/src/rp2_common/pico_stdio_usb/reset_interface.c.obj
 .text.resetd_xfer_cb
                0x0000000010004b94        0x4 CMakeFiles/Multislope.dir/home/dmytro/Documents/pico/pico-sdk/src/rp2_common/pico_stdio_usb/reset_interface.c.obj
 .text.resetd_control_xfer_cb
                0x0000000010004b98       0x6c CMakeFiles/Multislope.dir/home/dmytro/Documents/pico/pico-sdk/src/rp2_common/pico_stdio_usb/reset_interface.c.obj
 .text.usbd_app_driver_get_cb
                0x0000000010004c04        0xc CMakeFiles/Multislope.dir/home/dmytro/Documents/pico/pico-sdk/src/rp2_common/pico_stdio_usb/reset_interface.c.obj
                0x0000000010004c04                usbd_app_driver_get_cb
 .text.tud_cdc_line_coding_cb
                0x0000000010004c10       0x34 CMakeFiles/Multislope.dir/home/dmytro/Documents/pico/pico-sdk/src/rp2_common/pico_stdio_usb/reset_interface.c.obj
                0x0000000010004c10                tud_cdc_line_coding_cb
 .text.stdio_usb_in_chars
                0x0000000010004c44       0x70 CMakeFiles/Multislope.dir/home/dmytro/Documents/pico/pico-sdk/src/rp2_common/pico_stdio_usb/stdio_usb.c.obj
                0x0000000010004c44                stdio_usb_in_chars
 .text.low_priority_worker_irq
                0x0000000010004cb4       0x20 CMakeFiles/Multislope.dir/home/dmytro/Documents/pico/pico-sdk/src/rp2_common/pico_stdio_usb/stdio_usb.c.obj
 .text.stdio_usb_out_chars
                0x0000000010004cd4       0xd4 CMakeFiles/Multislope.dir/home/dmytro/Documents/pico/pico-sdk/src/rp2_common/pico_stdio_usb/stdio_usb.c.obj
 .text.timer_task
                0x0000000010004da8       0x10 CMakeFiles/Multislope.dir/home/dmytro/Documents/pico/pico-sdk/src/rp2_common/pico_stdio_usb/stdio_usb.c.obj
 .text.stdio_usb_init
                0x0000000010004db8       0xb8 CMakeFiles/Multislope.dir/home/dmytro/Documents/pico/pico-sdk/src/rp2_common/pico_stdio_usb/stdio_usb.c.obj
                0x0000000010004db8                stdio_usb_init
 .text.tud_descriptor_device_cb
                0x0000000010004e70        0x8 CMakeFiles/Multislope.dir/home/dmytro/Documents/pico/pico-sdk/src/rp2_common/pico_stdio_usb/stdio_usb_descriptors.c.obj
                0x0000000010004e70                tud_descriptor_device_cb
 .text.tud_descriptor_configuration_cb
                0x0000000010004e78        0x8 CMakeFiles/Multislope.dir/home/dmytro/Documents/pico/pico-sdk/src/rp2_common/pico_stdio_usb/stdio_usb_descriptors.c.obj
                0x0000000010004e78                tud_descriptor_configuration_cb
 .text.tud_descriptor_string_cb
                0x0000000010004e80       0x6c CMakeFiles/Multislope.dir/home/dmytro/Documents/pico/pico-sdk/src/rp2_common/pico_stdio_usb/stdio_usb_descriptors.c.obj
                0x0000000010004e80                tud_descriptor_string_cb
 .text.hw_endpoint_get_by_addr
                0x0000000010004eec       0x18 CMakeFiles/Multislope.dir/home/dmytro/Documents/pico/pico-sdk/lib/tinyusb/src/portable/raspberrypi/rp2040/dcd_rp2040.c.obj
 .text.reset_ep0_pid
                0x0000000010004f04       0x28 CMakeFiles/Multislope.dir/home/dmytro/Documents/pico/pico-sdk/lib/tinyusb/src/portable/raspberrypi/rp2040/dcd_rp2040.c.obj
 .text._hw_endpoint_alloc
                0x0000000010004f2c       0x70 CMakeFiles/Multislope.dir/home/dmytro/Documents/pico/pico-sdk/lib/tinyusb/src/portable/raspberrypi/rp2040/dcd_rp2040.c.obj
 .text.hw_endpoint_init
                0x0000000010004f9c       0x88 CMakeFiles/Multislope.dir/home/dmytro/Documents/pico/pico-sdk/lib/tinyusb/src/portable/raspberrypi/rp2040/dcd_rp2040.c.obj
 .text.reset_non_control_endpoints
                0x0000000010005024       0x40 CMakeFiles/Multislope.dir/home/dmytro/Documents/pico/pico-sdk/lib/tinyusb/src/portable/raspberrypi/rp2040/dcd_rp2040.c.obj
 .text.hw_handle_buff_status
                0x0000000010005064       0x8c CMakeFiles/Multislope.dir/home/dmytro/Documents/pico/pico-sdk/lib/tinyusb/src/portable/raspberrypi/rp2040/dcd_rp2040.c.obj
 .text.dcd_rp2040_irq
                0x00000000100050f0       0xc0 CMakeFiles/Multislope.dir/home/dmytro/Documents/pico/pico-sdk/lib/tinyusb/src/portable/raspberrypi/rp2040/dcd_rp2040.c.obj
 .text.hw_endpoint_xfer
                0x00000000100051b0       0x14 CMakeFiles/Multislope.dir/home/dmytro/Documents/pico/pico-sdk/lib/tinyusb/src/portable/raspberrypi/rp2040/dcd_rp2040.c.obj
 .text.dcd_int_enable
                0x00000000100051c4       0x2c CMakeFiles/Multislope.dir/home/dmytro/Documents/pico/pico-sdk/lib/tinyusb/src/portable/raspberrypi/rp2040/dcd_rp2040.c.obj
                0x00000000100051c4                dcd_int_enable
 .text.dcd_set_address
                0x00000000100051f0       0x2c CMakeFiles/Multislope.dir/home/dmytro/Documents/pico/pico-sdk/lib/tinyusb/src/portable/raspberrypi/rp2040/dcd_rp2040.c.obj
                0x00000000100051f0                dcd_set_address
 .text.dcd_connect
                0x000000001000521c       0x10 CMakeFiles/Multislope.dir/home/dmytro/Documents/pico/pico-sdk/lib/tinyusb/src/portable/raspberrypi/rp2040/dcd_rp2040.c.obj
                0x000000001000521c                dcd_connect
 .text.dcd_init
                0x000000001000522c       0x7c CMakeFiles/Multislope.dir/home/dmytro/Documents/pico/pico-sdk/lib/tinyusb/src/portable/raspberrypi/rp2040/dcd_rp2040.c.obj
                0x000000001000522c                dcd_init
 .text.dcd_edpt0_status_complete
                0x00000000100052a8       0x1c CMakeFiles/Multislope.dir/home/dmytro/Documents/pico/pico-sdk/lib/tinyusb/src/portable/raspberrypi/rp2040/dcd_rp2040.c.obj
                0x00000000100052a8                dcd_edpt0_status_complete
 .text.dcd_edpt_open
                0x00000000100052c4       0x40 CMakeFiles/Multislope.dir/home/dmytro/Documents/pico/pico-sdk/lib/tinyusb/src/portable/raspberrypi/rp2040/dcd_rp2040.c.obj
                0x00000000100052c4                dcd_edpt_open
 .text.dcd_edpt_close_all
                0x0000000010005304        0x8 CMakeFiles/Multislope.dir/home/dmytro/Documents/pico/pico-sdk/lib/tinyusb/src/portable/raspberrypi/rp2040/dcd_rp2040.c.obj
                0x0000000010005304                dcd_edpt_close_all
 .text.dcd_edpt_xfer
                0x000000001000530c       0x30 CMakeFiles/Multislope.dir/home/dmytro/Documents/pico/pico-sdk/lib/tinyusb/src/portable/raspberrypi/rp2040/dcd_rp2040.c.obj
                0x000000001000530c                dcd_edpt_xfer
 .text.dcd_edpt_stall
                0x000000001000533c       0x2c CMakeFiles/Multislope.dir/home/dmytro/Documents/pico/pico-sdk/lib/tinyusb/src/portable/raspberrypi/rp2040/dcd_rp2040.c.obj
                0x000000001000533c                dcd_edpt_stall
 .text.dcd_edpt_clear_stall
                0x0000000010005368       0x20 CMakeFiles/Multislope.dir/home/dmytro/Documents/pico/pico-sdk/lib/tinyusb/src/portable/raspberrypi/rp2040/dcd_rp2040.c.obj
                0x0000000010005368                dcd_edpt_clear_stall
 .text.prepare_ep_buffer
                0x0000000010005388       0x70 CMakeFiles/Multislope.dir/home/dmytro/Documents/pico/pico-sdk/lib/tinyusb/src/portable/raspberrypi/rp2040/rp2040_usb.c.obj
 .text.sync_ep_buffer
                0x00000000100053f8       0x7c CMakeFiles/Multislope.dir/home/dmytro/Documents/pico/pico-sdk/lib/tinyusb/src/portable/raspberrypi/rp2040/rp2040_usb.c.obj
 .text._hw_endpoint_xfer_sync
                0x0000000010005474       0x28 CMakeFiles/Multislope.dir/home/dmytro/Documents/pico/pico-sdk/lib/tinyusb/src/portable/raspberrypi/rp2040/rp2040_usb.c.obj
 .text.rp2040_usb_init
                0x000000001000549c       0x4c CMakeFiles/Multislope.dir/home/dmytro/Documents/pico/pico-sdk/lib/tinyusb/src/portable/raspberrypi/rp2040/rp2040_usb.c.obj
                0x000000001000549c                rp2040_usb_init
 .text.hw_endpoint_reset_transfer
                0x00000000100054e8        0xc CMakeFiles/Multislope.dir/home/dmytro/Documents/pico/pico-sdk/lib/tinyusb/src/portable/raspberrypi/rp2040/rp2040_usb.c.obj
                0x00000000100054e8                hw_endpoint_reset_transfer
 .text._hw_endpoint_buffer_control_update32
                0x00000000100054f4       0x58 CMakeFiles/Multislope.dir/home/dmytro/Documents/pico/pico-sdk/lib/tinyusb/src/portable/raspberrypi/rp2040/rp2040_usb.c.obj
                0x00000000100054f4                _hw_endpoint_buffer_control_update32
 .text._hw_endpoint_start_next_buffer
                0x000000001000554c       0x74 CMakeFiles/Multislope.dir/home/dmytro/Documents/pico/pico-sdk/lib/tinyusb/src/portable/raspberrypi/rp2040/rp2040_usb.c.obj
 .text.hw_endpoint_xfer_start
                0x00000000100055c0       0x48 CMakeFiles/Multislope.dir/home/dmytro/Documents/pico/pico-sdk/lib/tinyusb/src/portable/raspberrypi/rp2040/rp2040_usb.c.obj
                0x00000000100055c0                hw_endpoint_xfer_start
 .text.hw_endpoint_xfer_continue
                0x0000000010005608       0x38 CMakeFiles/Multislope.dir/home/dmytro/Documents/pico/pico-sdk/lib/tinyusb/src/portable/raspberrypi/rp2040/rp2040_usb.c.obj
                0x0000000010005608                hw_endpoint_xfer_continue
 .text.configuration_reset
                0x0000000010005640       0x84 CMakeFiles/Multislope.dir/home/dmytro/Documents/pico/pico-sdk/lib/tinyusb/src/device/usbd.c.obj
 .text.usbd_reset
                0x00000000100056c4        0xc CMakeFiles/Multislope.dir/home/dmytro/Documents/pico/pico-sdk/lib/tinyusb/src/device/usbd.c.obj
 .text.invoke_class_control
                0x00000000100056d0       0x1a CMakeFiles/Multislope.dir/home/dmytro/Documents/pico/pico-sdk/lib/tinyusb/src/device/usbd.c.obj
 *fill*         0x00000000100056ea        0x2 
 .text.process_set_config
                0x00000000100056ec      0x1ac CMakeFiles/Multislope.dir/home/dmytro/Documents/pico/pico-sdk/lib/tinyusb/src/device/usbd.c.obj
 .text.process_get_descriptor
                0x0000000010005898       0xec CMakeFiles/Multislope.dir/home/dmytro/Documents/pico/pico-sdk/lib/tinyusb/src/device/usbd.c.obj
 .text.tud_mounted
                0x0000000010005984       0x10 CMakeFiles/Multislope.dir/home/dmytro/Documents/pico/pico-sdk/lib/tinyusb/src/device/usbd.c.obj
                0x0000000010005984                tud_mounted
 .text.tud_suspended
                0x0000000010005994       0x10 CMakeFiles/Multislope.dir/home/dmytro/Documents/pico/pico-sdk/lib/tinyusb/src/device/usbd.c.obj
                0x0000000010005994                tud_suspended
 .text.tud_inited
                0x00000000100059a4        0xc CMakeFiles/Multislope.dir/home/dmytro/Documents/pico/pico-sdk/lib/tinyusb/src/device/usbd.c.obj
                0x00000000100059a4                tud_inited
 .text.tud_init
                0x00000000100059b0       0xcc CMakeFiles/Multislope.dir/home/dmytro/Documents/pico/pico-sdk/lib/tinyusb/src/device/usbd.c.obj
                0x00000000100059b0                tud_init
 .text.dcd_event_handler
                0x0000000010005a7c      0x1e0 CMakeFiles/Multislope.dir/home/dmytro/Documents/pico/pico-sdk/lib/tinyusb/src/device/usbd.c.obj
                0x0000000010005a7c                dcd_event_handler
 .text.dcd_event_bus_signal
                0x0000000010005c5c       0x26 CMakeFiles/Multislope.dir/home/dmytro/Documents/pico/pico-sdk/lib/tinyusb/src/device/usbd.c.obj
                0x0000000010005c5c                dcd_event_bus_signal
 .text.dcd_event_bus_reset
                0x0000000010005c82       0x2a CMakeFiles/Multislope.dir/home/dmytro/Documents/pico/pico-sdk/lib/tinyusb/src/device/usbd.c.obj
                0x0000000010005c82                dcd_event_bus_reset
 .text.dcd_event_setup_received
                0x0000000010005cac       0x34 CMakeFiles/Multislope.dir/home/dmytro/Documents/pico/pico-sdk/lib/tinyusb/src/device/usbd.c.obj
                0x0000000010005cac                dcd_event_setup_received
 .text.dcd_event_xfer_complete
                0x0000000010005ce0       0x44 CMakeFiles/Multislope.dir/home/dmytro/Documents/pico/pico-sdk/lib/tinyusb/src/device/usbd.c.obj
                0x0000000010005ce0                dcd_event_xfer_complete
 .text.usbd_edpt_open
                0x0000000010005d24       0x58 CMakeFiles/Multislope.dir/home/dmytro/Documents/pico/pico-sdk/lib/tinyusb/src/device/usbd.c.obj
                0x0000000010005d24                usbd_edpt_open
 .text.usbd_open_edpt_pair
                0x0000000010005d7c       0x8c CMakeFiles/Multislope.dir/home/dmytro/Documents/pico/pico-sdk/lib/tinyusb/src/device/usbd.c.obj
                0x0000000010005d7c                usbd_open_edpt_pair
 .text.usbd_edpt_claim
                0x0000000010005e08       0x8c CMakeFiles/Multislope.dir/home/dmytro/Documents/pico/pico-sdk/lib/tinyusb/src/device/usbd.c.obj
                0x0000000010005e08                usbd_edpt_claim
 .text.usbd_edpt_release
                0x0000000010005e94       0x68 CMakeFiles/Multislope.dir/home/dmytro/Documents/pico/pico-sdk/lib/tinyusb/src/device/usbd.c.obj
                0x0000000010005e94                usbd_edpt_release
 .text.usbd_edpt_xfer
                0x0000000010005efc       0x80 CMakeFiles/Multislope.dir/home/dmytro/Documents/pico/pico-sdk/lib/tinyusb/src/device/usbd.c.obj
                0x0000000010005efc                usbd_edpt_xfer
 .text.usbd_edpt_stall
                0x0000000010005f7c       0x40 CMakeFiles/Multislope.dir/home/dmytro/Documents/pico/pico-sdk/lib/tinyusb/src/device/usbd.c.obj
                0x0000000010005f7c                usbd_edpt_stall
 .text.usbd_edpt_clear_stall
                0x0000000010005fbc       0x40 CMakeFiles/Multislope.dir/home/dmytro/Documents/pico/pico-sdk/lib/tinyusb/src/device/usbd.c.obj
                0x0000000010005fbc                usbd_edpt_clear_stall
 .text.usbd_edpt_stalled
                0x0000000010005ffc       0x1c CMakeFiles/Multislope.dir/home/dmytro/Documents/pico/pico-sdk/lib/tinyusb/src/device/usbd.c.obj
                0x0000000010005ffc                usbd_edpt_stalled
 .text.process_control_request
                0x0000000010006018      0x3b8 CMakeFiles/Multislope.dir/home/dmytro/Documents/pico/pico-sdk/lib/tinyusb/src/device/usbd.c.obj
 .text.tud_task
                0x00000000100063d0      0x218 CMakeFiles/Multislope.dir/home/dmytro/Documents/pico/pico-sdk/lib/tinyusb/src/device/usbd.c.obj
                0x00000000100063d0                tud_task
 .text._data_stage_xact
                0x00000000100065e8       0x58 CMakeFiles/Multislope.dir/home/dmytro/Documents/pico/pico-sdk/lib/tinyusb/src/device/usbd_control.c.obj
 .text.tud_control_status
                0x0000000010006640       0x38 CMakeFiles/Multislope.dir/home/dmytro/Documents/pico/pico-sdk/lib/tinyusb/src/device/usbd_control.c.obj
                0x0000000010006640                tud_control_status
 .text.tud_control_xfer
                0x0000000010006678       0xa8 CMakeFiles/Multislope.dir/home/dmytro/Documents/pico/pico-sdk/lib/tinyusb/src/device/usbd_control.c.obj
                0x0000000010006678                tud_control_xfer
 .text.usbd_control_reset
                0x0000000010006720       0x14 CMakeFiles/Multislope.dir/home/dmytro/Documents/pico/pico-sdk/lib/tinyusb/src/device/usbd_control.c.obj
                0x0000000010006720                usbd_control_reset
 .text.usbd_control_set_complete_callback
                0x0000000010006734        0xc CMakeFiles/Multislope.dir/home/dmytro/Documents/pico/pico-sdk/lib/tinyusb/src/device/usbd_control.c.obj
                0x0000000010006734                usbd_control_set_complete_callback
 .text.usbd_control_set_request
                0x0000000010006740       0x1c CMakeFiles/Multislope.dir/home/dmytro/Documents/pico/pico-sdk/lib/tinyusb/src/device/usbd_control.c.obj
                0x0000000010006740                usbd_control_set_request
 .text.usbd_control_xfer_cb
                0x000000001000675c       0xfc CMakeFiles/Multislope.dir/home/dmytro/Documents/pico/pico-sdk/lib/tinyusb/src/device/usbd_control.c.obj
                0x000000001000675c                usbd_control_xfer_cb
 .text._prep_out_transaction
                0x0000000010006858       0x46 CMakeFiles/Multislope.dir/home/dmytro/Documents/pico/pico-sdk/lib/tinyusb/src/class/cdc/cdc_device.c.obj
 *fill*         0x000000001000689e        0x2 
 .text.tud_cdc_n_connected
                0x00000000100068a0       0x44 CMakeFiles/Multislope.dir/home/dmytro/Documents/pico/pico-sdk/lib/tinyusb/src/class/cdc/cdc_device.c.obj
                0x00000000100068a0                tud_cdc_n_connected
 .text.tud_cdc_n_available
                0x00000000100068e4       0x18 CMakeFiles/Multislope.dir/home/dmytro/Documents/pico/pico-sdk/lib/tinyusb/src/class/cdc/cdc_device.c.obj
                0x00000000100068e4                tud_cdc_n_available
 .text.tud_cdc_n_read
                0x00000000100068fc       0x28 CMakeFiles/Multislope.dir/home/dmytro/Documents/pico/pico-sdk/lib/tinyusb/src/class/cdc/cdc_device.c.obj
                0x00000000100068fc                tud_cdc_n_read
 .text.tud_cdc_n_write_flush
                0x0000000010006924       0xcc CMakeFiles/Multislope.dir/home/dmytro/Documents/pico/pico-sdk/lib/tinyusb/src/class/cdc/cdc_device.c.obj
                0x0000000010006924                tud_cdc_n_write_flush
 .text.tud_cdc_n_write
                0x00000000100069f0       0x38 CMakeFiles/Multislope.dir/home/dmytro/Documents/pico/pico-sdk/lib/tinyusb/src/class/cdc/cdc_device.c.obj
                0x00000000100069f0                tud_cdc_n_write
 .text.tud_cdc_n_write_available
                0x0000000010006a28       0x1c CMakeFiles/Multislope.dir/home/dmytro/Documents/pico/pico-sdk/lib/tinyusb/src/class/cdc/cdc_device.c.obj
                0x0000000010006a28                tud_cdc_n_write_available
 .text.cdcd_init
                0x0000000010006a44       0xbc CMakeFiles/Multislope.dir/home/dmytro/Documents/pico/pico-sdk/lib/tinyusb/src/class/cdc/cdc_device.c.obj
                0x0000000010006a44                cdcd_init
 .text.cdcd_reset
                0x0000000010006b00       0x44 CMakeFiles/Multislope.dir/home/dmytro/Documents/pico/pico-sdk/lib/tinyusb/src/class/cdc/cdc_device.c.obj
                0x0000000010006b00                cdcd_reset
 .text.cdcd_open
                0x0000000010006b44       0xf8 CMakeFiles/Multislope.dir/home/dmytro/Documents/pico/pico-sdk/lib/tinyusb/src/class/cdc/cdc_device.c.obj
                0x0000000010006b44                cdcd_open
 .text.cdcd_control_xfer_cb
                0x0000000010006c3c      0x134 CMakeFiles/Multislope.dir/home/dmytro/Documents/pico/pico-sdk/lib/tinyusb/src/class/cdc/cdc_device.c.obj
                0x0000000010006c3c                cdcd_control_xfer_cb
 .text.cdcd_xfer_cb
                0x0000000010006d70      0x144 CMakeFiles/Multislope.dir/home/dmytro/Documents/pico/pico-sdk/lib/tinyusb/src/class/cdc/cdc_device.c.obj
                0x0000000010006d70                cdcd_xfer_cb
 .text.tusb_init
                0x0000000010006eb4       0x24 CMakeFiles/Multislope.dir/home/dmytro/Documents/pico/pico-sdk/lib/tinyusb/src/tusb.c.obj
                0x0000000010006eb4                tusb_init
 .text.tusb_inited
                0x0000000010006ed8        0xe CMakeFiles/Multislope.dir/home/dmytro/Documents/pico/pico-sdk/lib/tinyusb/src/tusb.c.obj
                0x0000000010006ed8                tusb_inited
 *fill*         0x0000000010006ee6        0x2 
 .text.tu_edpt_validate
                0x0000000010006ee8       0xa8 CMakeFiles/Multislope.dir/home/dmytro/Documents/pico/pico-sdk/lib/tinyusb/src/tusb.c.obj
                0x0000000010006ee8                tu_edpt_validate
 .text.tu_edpt_bind_driver
                0x0000000010006f90       0x2a CMakeFiles/Multislope.dir/home/dmytro/Documents/pico/pico-sdk/lib/tinyusb/src/tusb.c.obj
                0x0000000010006f90                tu_edpt_bind_driver
 .text.advance_pointer
                0x0000000010006fba       0x18 CMakeFiles/Multislope.dir/home/dmytro/Documents/pico/pico-sdk/lib/tinyusb/src/common/tusb_fifo.c.obj
 .text.backward_pointer
                0x0000000010006fd2       0x1e CMakeFiles/Multislope.dir/home/dmytro/Documents/pico/pico-sdk/lib/tinyusb/src/common/tusb_fifo.c.obj
 .text.get_relative_pointer
                0x0000000010006ff0       0x10 CMakeFiles/Multislope.dir/home/dmytro/Documents/pico/pico-sdk/lib/tinyusb/src/common/tusb_fifo.c.obj
 .text._tu_fifo_peek
                0x0000000010007000       0x50 CMakeFiles/Multislope.dir/home/dmytro/Documents/pico/pico-sdk/lib/tinyusb/src/common/tusb_fifo.c.obj
 .text._ff_pull_const_addr
                0x0000000010007050       0x4c CMakeFiles/Multislope.dir/home/dmytro/Documents/pico/pico-sdk/lib/tinyusb/src/common/tusb_fifo.c.obj
 .text._ff_pull_n
                0x000000001000709c      0x10c CMakeFiles/Multislope.dir/home/dmytro/Documents/pico/pico-sdk/lib/tinyusb/src/common/tusb_fifo.c.obj
 .text._tu_fifo_peek_n
                0x00000000100071a8       0x5e CMakeFiles/Multislope.dir/home/dmytro/Documents/pico/pico-sdk/lib/tinyusb/src/common/tusb_fifo.c.obj
 .text._tu_fifo_read_n
                0x0000000010007206       0x4e CMakeFiles/Multislope.dir/home/dmytro/Documents/pico/pico-sdk/lib/tinyusb/src/common/tusb_fifo.c.obj
 .text._ff_push_const_addr
                0x0000000010007254       0x40 CMakeFiles/Multislope.dir/home/dmytro/Documents/pico/pico-sdk/lib/tinyusb/src/common/tusb_fifo.c.obj
 .text._ff_push_n
                0x0000000010007294      0x106 CMakeFiles/Multislope.dir/home/dmytro/Documents/pico/pico-sdk/lib/tinyusb/src/common/tusb_fifo.c.obj
 .text._tu_fifo_write_n
                0x000000001000739a       0x9e CMakeFiles/Multislope.dir/home/dmytro/Documents/pico/pico-sdk/lib/tinyusb/src/common/tusb_fifo.c.obj
 .text.tu_fifo_config
                0x0000000010007438       0x72 CMakeFiles/Multislope.dir/home/dmytro/Documents/pico/pico-sdk/lib/tinyusb/src/common/tusb_fifo.c.obj
                0x0000000010007438                tu_fifo_config
 .text.tu_fifo_count
                0x00000000100074aa       0x26 CMakeFiles/Multislope.dir/home/dmytro/Documents/pico/pico-sdk/lib/tinyusb/src/common/tusb_fifo.c.obj
                0x00000000100074aa                tu_fifo_count
 .text.tu_fifo_empty
                0x00000000100074d0        0xe CMakeFiles/Multislope.dir/home/dmytro/Documents/pico/pico-sdk/lib/tinyusb/src/common/tusb_fifo.c.obj
                0x00000000100074d0                tu_fifo_empty
 .text.tu_fifo_remaining
                0x00000000100074de       0x20 CMakeFiles/Multislope.dir/home/dmytro/Documents/pico/pico-sdk/lib/tinyusb/src/common/tusb_fifo.c.obj
                0x00000000100074de                tu_fifo_remaining
 .text.tu_fifo_read
                0x00000000100074fe       0x42 CMakeFiles/Multislope.dir/home/dmytro/Documents/pico/pico-sdk/lib/tinyusb/src/common/tusb_fifo.c.obj
                0x00000000100074fe                tu_fifo_read
 .text.tu_fifo_read_n
                0x0000000010007540        0xa CMakeFiles/Multislope.dir/home/dmytro/Documents/pico/pico-sdk/lib/tinyusb/src/common/tusb_fifo.c.obj
                0x0000000010007540                tu_fifo_read_n
 .text.tu_fifo_write
                0x000000001000754a       0x6c CMakeFiles/Multislope.dir/home/dmytro/Documents/pico/pico-sdk/lib/tinyusb/src/common/tusb_fifo.c.obj
                0x000000001000754a                tu_fifo_write
 .text.tu_fifo_write_n
                0x00000000100075b6        0xa CMakeFiles/Multislope.dir/home/dmytro/Documents/pico/pico-sdk/lib/tinyusb/src/common/tusb_fifo.c.obj
                0x00000000100075b6                tu_fifo_write_n
 .text.tu_fifo_clear
                0x00000000100075c0       0x4c CMakeFiles/Multislope.dir/home/dmytro/Documents/pico/pico-sdk/lib/tinyusb/src/common/tusb_fifo.c.obj
                0x00000000100075c0                tu_fifo_clear
 .text.tu_fifo_set_overwritable
                0x000000001000760c       0x3c CMakeFiles/Multislope.dir/home/dmytro/Documents/pico/pico-sdk/lib/tinyusb/src/common/tusb_fifo.c.obj
                0x000000001000760c                tu_fifo_set_overwritable
 .text._retrieve_unique_id_on_boot
                0x0000000010007648       0x10 CMakeFiles/Multislope.dir/home/dmytro/Documents/pico/pico-sdk/src/rp2_common/pico_unique_id/unique_id.c.obj
 .text.pico_get_unique_board_id_string
                0x0000000010007658       0x60 CMakeFiles/Multislope.dir/home/dmytro/Documents/pico/pico-sdk/src/rp2_common/pico_unique_id/unique_id.c.obj
                0x0000000010007658                pico_get_unique_board_id_string
 .text.flash_get_unique_id
                0x00000000100076b8       0x46 CMakeFiles/Multislope.dir/home/dmytro/Documents/pico/pico-sdk/src/rp2_common/hardware_flash/flash.c.obj
                0x00000000100076b8                flash_get_unique_id
 *fill*         0x00000000100076fe        0x2 
 .text._pio_can_add_program_at_offset
                0x0000000010007700       0x3c CMakeFiles/Multislope.dir/home/dmytro/Documents/pico/pico-sdk/src/rp2_common/hardware_pio/pio.c.obj
 .text._pio_find_offset_for_program
                0x000000001000773c       0x7c CMakeFiles/Multislope.dir/home/dmytro/Documents/pico/pico-sdk/src/rp2_common/hardware_pio/pio.c.obj
 .text._pio_add_program_at_offset
                0x00000000100077b8       0x78 CMakeFiles/Multislope.dir/home/dmytro/Documents/pico/pico-sdk/src/rp2_common/hardware_pio/pio.c.obj
 .text.pio_claim_unused_sm
                0x0000000010007830       0x3c CMakeFiles/Multislope.dir/home/dmytro/Documents/pico/pico-sdk/src/rp2_common/hardware_pio/pio.c.obj
                0x0000000010007830                pio_claim_unused_sm
 .text.pio_add_program
                0x000000001000786c       0x38 CMakeFiles/Multislope.dir/home/dmytro/Documents/pico/pico-sdk/src/rp2_common/hardware_pio/pio.c.obj
                0x000000001000786c                pio_add_program
 .text.pio_sm_set_consecutive_pindirs
                0x00000000100078a4       0x70 CMakeFiles/Multislope.dir/home/dmytro/Documents/pico/pico-sdk/src/rp2_common/hardware_pio/pio.c.obj
                0x00000000100078a4                pio_sm_set_consecutive_pindirs
 .text.pio_sm_init
                0x0000000010007914       0xa8 CMakeFiles/Multislope.dir/home/dmytro/Documents/pico/pico-sdk/src/rp2_common/hardware_pio/pio.c.obj
                0x0000000010007914                pio_sm_init
 .text.adc_init
                0x00000000100079bc       0x34 CMakeFiles/Multislope.dir/home/dmytro/Documents/pico/pico-sdk/src/rp2_common/hardware_adc/adc.c.obj
                0x00000000100079bc                adc_init
 .text          0x00000000100079f0       0x68 /usr/lib/gcc/arm-none-eabi/9.2.1/../../../arm-none-eabi/lib/thumb/v6-m/nofp/libg.a(lib_a-strlen-stub.o)
                0x00000000100079f0                strlen
 *(.fini)
 .fini          0x0000000010007a58        0x4 /usr/lib/gcc/arm-none-eabi/9.2.1/thumb/v6-m/nofp/crti.o
                0x0000000010007a58                _fini
 *fill*         0x0000000010007a5c        0x4 
 .fini.__stub   0x0000000010007a60       0x70 linker stubs
 *crtbegin.o(.ctors)
 *crtbegin?.o(.ctors)
 *(EXCLUDE_FILE(*crtend.o *crtend?.o) .ctors)
 *(SORT_BY_NAME(.ctors.*))
 *(.ctors)
 *crtbegin.o(.dtors)
 *crtbegin?.o(.dtors)
 *(EXCLUDE_FILE(*crtend.o *crtend?.o) .dtors)
 *(SORT_BY_NAME(.dtors.*))
 *(.dtors)
 *(.eh_frame*)
 .eh_frame      0x0000000010007ad0        0x0 /usr/lib/gcc/arm-none-eabi/9.2.1/thumb/v6-m/nofp/crtbegin.o
                0x0000000010007ad0                . = ALIGN (0x4)

.glue_7         0x0000000010007ad0        0x0
 .glue_7        0x0000000010007ad0        0x0 linker stubs

.glue_7t        0x0000000010007ad0        0x0
 .glue_7t       0x0000000010007ad0        0x0 linker stubs

.vfp11_veneer   0x0000000010007ad0        0x0
 .vfp11_veneer  0x0000000010007ad0        0x0 linker stubs

.v4_bx          0x0000000010007ad0        0x0
 .v4_bx         0x0000000010007ad0        0x0 linker stubs

.iplt           0x0000000010007ad0        0x0
 .iplt          0x0000000010007ad0        0x0 /usr/lib/gcc/arm-none-eabi/9.2.1/thumb/v6-m/nofp/crtbegin.o

.rodata         0x0000000010007ad0     0x1824
 *(EXCLUDE_FILE(*libm.a: *libc.a:*lib_a-mem*.o *libgcc.a:) .rodata*)
 .rodata.pio_irh.str1.4
                0x0000000010007ad0       0x6b CMakeFiles/Multislope.dir/main.c.obj
 *fill*         0x0000000010007b3b        0x1 
 .rodata.main.str1.4
                0x0000000010007b3c       0xd0 CMakeFiles/Multislope.dir/main.c.obj
 .rodata.__func__.5221
                0x0000000010007c0c       0x15 CMakeFiles/Multislope.dir/main.c.obj
 *fill*         0x0000000010007c21        0x3 
 .rodata.dbclk_program
                0x0000000010007c24        0x6 CMakeFiles/Multislope.dir/main.c.obj
 *fill*         0x0000000010007c2a        0x2 
 .rodata.dbclk_program_instructions
                0x0000000010007c2c        0x8 CMakeFiles/Multislope.dir/main.c.obj
 .rodata.ms_program
                0x0000000010007c34        0x6 CMakeFiles/Multislope.dir/main.c.obj
 *fill*         0x0000000010007c3a        0x2 
 .rodata.ms_program_instructions
                0x0000000010007c3c       0x26 CMakeFiles/Multislope.dir/main.c.obj
 *fill*         0x0000000010007c62        0x2 
 .rodata.spin_lock_claim_unused.str1.4
                0x0000000010007c64       0x1b CMakeFiles/Multislope.dir/home/dmytro/Documents/pico/pico-sdk/src/rp2_common/hardware_sync/sync.c.obj
 *fill*         0x0000000010007c7f        0x1 
 .rodata.repeating_timer_callback.str1.4
                0x0000000010007c80       0x55 CMakeFiles/Multislope.dir/home/dmytro/Documents/pico/pico-sdk/src/common/pico_time/time.c.obj
 *fill*         0x0000000010007cd5        0x3 
 .rodata.alarm_pool_dump_key.str1.4
                0x0000000010007cd8       0x33 CMakeFiles/Multislope.dir/home/dmytro/Documents/pico/pico-sdk/src/common/pico_time/time.c.obj
 *fill*         0x0000000010007d0b        0x1 
 .rodata.ph_add_child_node.str1.4
                0x0000000010007d0c       0x9e CMakeFiles/Multislope.dir/home/dmytro/Documents/pico/pico-sdk/src/common/pico_time/time.c.obj
 *fill*         0x0000000010007daa        0x2 
 .rodata.add_alarm_under_lock.str1.4
                0x0000000010007dac       0x28 CMakeFiles/Multislope.dir/home/dmytro/Documents/pico/pico-sdk/src/common/pico_time/time.c.obj
                                         0x2b (size before relaxing)
 .rodata.alarm_pool_alarm_callback.str1.4
                0x0000000010007dd4       0x82 CMakeFiles/Multislope.dir/home/dmytro/Documents/pico/pico-sdk/src/common/pico_time/time.c.obj
                                         0xee (size before relaxing)
 *fill*         0x0000000010007e56        0x2 
 .rodata.alarm_pool_get_default.str1.4
                0x0000000010007e58       0x21 CMakeFiles/Multislope.dir/home/dmytro/Documents/pico/pico-sdk/src/common/pico_time/time.c.obj
 *fill*         0x0000000010007e79        0x3 
 .rodata.alarm_pool_cancel_alarm.str1.4
                0x0000000010007e7c       0x27 CMakeFiles/Multislope.dir/home/dmytro/Documents/pico/pico-sdk/src/common/pico_time/time.c.obj
 *fill*         0x0000000010007ea3        0x1 
 .rodata.sleep_until.str1.4
                0x0000000010007ea4       0x4d CMakeFiles/Multislope.dir/home/dmytro/Documents/pico/pico-sdk/src/common/pico_time/time.c.obj
 *fill*         0x0000000010007ef1        0x3 
 .rodata.__func__.5701
                0x0000000010007ef4       0x15 CMakeFiles/Multislope.dir/home/dmytro/Documents/pico/pico-sdk/src/common/pico_time/time.c.obj
 *fill*         0x0000000010007f09        0x3 
 .rodata.__func__.6007
                0x0000000010007f0c        0xc CMakeFiles/Multislope.dir/home/dmytro/Documents/pico/pico-sdk/src/common/pico_time/time.c.obj
 .rodata.__func__.6014
                0x0000000010007f18       0x12 CMakeFiles/Multislope.dir/home/dmytro/Documents/pico/pico-sdk/src/common/pico_time/time.c.obj
 *fill*         0x0000000010007f2a        0x2 
 .rodata.__func__.6030
                0x0000000010007f2c        0xf CMakeFiles/Multislope.dir/home/dmytro/Documents/pico/pico-sdk/src/common/pico_time/time.c.obj
 *fill*         0x0000000010007f3b        0x1 
 .rodata.__func__.6052
                0x0000000010007f3c        0xd CMakeFiles/Multislope.dir/home/dmytro/Documents/pico/pico-sdk/src/common/pico_time/time.c.obj
 *fill*         0x0000000010007f49        0x3 
 .rodata.__func__.6276
                0x0000000010007f4c        0xa CMakeFiles/Multislope.dir/home/dmytro/Documents/pico/pico-sdk/src/common/pico_time/time.c.obj
 *fill*         0x0000000010007f56        0x2 
 .rodata.__func__.6281
                0x0000000010007f58       0x12 CMakeFiles/Multislope.dir/home/dmytro/Documents/pico/pico-sdk/src/common/pico_time/time.c.obj
 *fill*         0x0000000010007f6a        0x2 
 .rodata.__func__.6296
                0x0000000010007f6c       0x17 CMakeFiles/Multislope.dir/home/dmytro/Documents/pico/pico-sdk/src/common/pico_time/time.c.obj
 *fill*         0x0000000010007f83        0x1 
 .rodata.__func__.6307
                0x0000000010007f84       0x15 CMakeFiles/Multislope.dir/home/dmytro/Documents/pico/pico-sdk/src/common/pico_time/time.c.obj
 *fill*         0x0000000010007f99        0x3 
 .rodata.__func__.6324
                0x0000000010007f9c       0x1a CMakeFiles/Multislope.dir/home/dmytro/Documents/pico/pico-sdk/src/common/pico_time/time.c.obj
 *fill*         0x0000000010007fb6        0x2 
 .rodata.__func__.6363
                0x0000000010007fb8       0x18 CMakeFiles/Multislope.dir/home/dmytro/Documents/pico/pico-sdk/src/common/pico_time/time.c.obj
 .rodata.hardware_alarm_claim.str1.4
                0x0000000010007fd0       0x22 CMakeFiles/Multislope.dir/home/dmytro/Documents/pico/pico-sdk/src/rp2_common/hardware_timer/timer.c.obj
 *fill*         0x0000000010007ff2        0x2 
 .rodata.hardware_alarm_set_target.str1.4
                0x0000000010007ff4       0x6f CMakeFiles/Multislope.dir/home/dmytro/Documents/pico/pico-sdk/src/rp2_common/hardware_timer/timer.c.obj
 *fill*         0x0000000010008063        0x1 
 .rodata.__func__.4559
                0x0000000010008064       0x1a CMakeFiles/Multislope.dir/home/dmytro/Documents/pico/pico-sdk/src/rp2_common/hardware_timer/timer.c.obj
 *fill*         0x000000001000807e        0x2 
 .rodata.str1.4
                0x0000000010008080       0x95 CMakeFiles/Multislope.dir/home/dmytro/Documents/pico/pico-sdk/src/common/pico_sync/mutex.c.obj
                                        0x101 (size before relaxing)
 *fill*         0x0000000010008115        0x3 
 .rodata.__func__.4193
                0x0000000010008118       0x15 CMakeFiles/Multislope.dir/home/dmytro/Documents/pico/pico-sdk/src/common/pico_sync/mutex.c.obj
 *fill*         0x000000001000812d        0x3 
 .rodata.__func__.4681
                0x0000000010008130       0x18 CMakeFiles/Multislope.dir/home/dmytro/Documents/pico/pico-sdk/src/common/pico_sync/mutex.c.obj
 .rodata.__func__.4700
                0x0000000010008148        0xb CMakeFiles/Multislope.dir/home/dmytro/Documents/pico/pico-sdk/src/common/pico_sync/mutex.c.obj
 .rodata.ph_add_child_node.str1.4
                0x0000000010008153       0x9e CMakeFiles/Multislope.dir/home/dmytro/Documents/pico/pico-sdk/src/common/pico_util/pheap.c.obj
 *fill*         0x0000000010008153        0x1 
 .rodata.ph_remove_any_head.str1.4
                0x0000000010008154       0x98 CMakeFiles/Multislope.dir/home/dmytro/Documents/pico/pico-sdk/src/common/pico_util/pheap.c.obj
 .rodata.ph_remove_and_free_node.str1.4
                0x00000000100081ec       0x26 CMakeFiles/Multislope.dir/home/dmytro/Documents/pico/pico-sdk/src/common/pico_util/pheap.c.obj
 *fill*         0x0000000010008212        0x2 
 .rodata.__func__.5708
                0x0000000010008214        0xc CMakeFiles/Multislope.dir/home/dmytro/Documents/pico/pico-sdk/src/common/pico_util/pheap.c.obj
 .rodata.__func__.5715
                0x0000000010008220       0x12 CMakeFiles/Multislope.dir/home/dmytro/Documents/pico/pico-sdk/src/common/pico_util/pheap.c.obj
 *fill*         0x0000000010008232        0x2 
 .rodata.__func__.5801
                0x0000000010008234       0x13 CMakeFiles/Multislope.dir/home/dmytro/Documents/pico/pico-sdk/src/common/pico_util/pheap.c.obj
 *fill*         0x0000000010008247        0x1 
 .rodata.__func__.5819
                0x0000000010008248       0x18 CMakeFiles/Multislope.dir/home/dmytro/Documents/pico/pico-sdk/src/common/pico_util/pheap.c.obj
 .rodata.__assert_func.str1.4
                0x0000000010008260       0x3f CMakeFiles/Multislope.dir/home/dmytro/Documents/pico/pico-sdk/src/rp2_common/pico_runtime/runtime.c.obj
                                         0x43 (size before relaxing)
 *fill*         0x000000001000829f        0x1 
 .rodata.runtime_init.str1.4
                0x00000000100082a0       0x6b CMakeFiles/Multislope.dir/home/dmytro/Documents/pico/pico-sdk/src/rp2_common/pico_runtime/runtime.c.obj
 *fill*         0x000000001000830b        0x1 
 .rodata.panic.str1.4
                0x000000001000830c       0x12 CMakeFiles/Multislope.dir/home/dmytro/Documents/pico/pico-sdk/src/rp2_common/pico_runtime/runtime.c.obj
 *fill*         0x000000001000831e        0x2 
 .rodata.__func__.5816
                0x0000000010008320        0xd CMakeFiles/Multislope.dir/home/dmytro/Documents/pico/pico-sdk/src/rp2_common/pico_runtime/runtime.c.obj
 *fill*         0x000000001000832d        0x3 
 .rodata.clock_configure.str1.4
                0x0000000010008330       0x61 CMakeFiles/Multislope.dir/home/dmytro/Documents/pico/pico-sdk/src/rp2_common/hardware_clocks/clocks.c.obj
 *fill*         0x0000000010008391        0x3 
 .rodata.__func__.4688
                0x0000000010008394       0x10 CMakeFiles/Multislope.dir/home/dmytro/Documents/pico/pico-sdk/src/rp2_common/hardware_clocks/clocks.c.obj
 .rodata.make_branch.str1.4
                0x00000000100083a4       0x57 CMakeFiles/Multislope.dir/home/dmytro/Documents/pico/pico-sdk/src/rp2_common/hardware_irq/irq.c.obj
 *fill*         0x00000000100083fb        0x1 
 .rodata.irq_set_exclusive_handler.str1.4
                0x00000000100083fc       0x36 CMakeFiles/Multislope.dir/home/dmytro/Documents/pico/pico-sdk/src/rp2_common/hardware_irq/irq.c.obj
 *fill*         0x0000000010008432        0x2 
 .rodata.irq_add_shared_handler.str1.4
                0x0000000010008434       0xd9 CMakeFiles/Multislope.dir/home/dmytro/Documents/pico/pico-sdk/src/rp2_common/hardware_irq/irq.c.obj
 *fill*         0x000000001000850d        0x3 
 .rodata.irq_remove_handler.str1.4
                0x0000000010008510       0x2a CMakeFiles/Multislope.dir/home/dmytro/Documents/pico/pico-sdk/src/rp2_common/hardware_irq/irq.c.obj
 *fill*         0x000000001000853a        0x2 
 .rodata.irq_add_tail_to_free_list.str1.4
                0x000000001000853c       0x32 CMakeFiles/Multislope.dir/home/dmytro/Documents/pico/pico-sdk/src/rp2_common/hardware_irq/irq.c.obj
                                         0x3a (size before relaxing)
 *fill*         0x000000001000856e        0x2 
 .rodata.__func__.4733
                0x0000000010008570       0x1a CMakeFiles/Multislope.dir/home/dmytro/Documents/pico/pico-sdk/src/rp2_common/hardware_irq/irq.c.obj
 *fill*         0x000000001000858a        0x2 
 .rodata.__func__.4747
                0x000000001000858c        0xc CMakeFiles/Multislope.dir/home/dmytro/Documents/pico/pico-sdk/src/rp2_common/hardware_irq/irq.c.obj
 .rodata.__func__.4755
                0x0000000010008598       0x17 CMakeFiles/Multislope.dir/home/dmytro/Documents/pico/pico-sdk/src/rp2_common/hardware_irq/irq.c.obj
 *fill*         0x00000000100085af        0x1 
 .rodata.__func__.4759
                0x00000000100085b0        0xf CMakeFiles/Multislope.dir/home/dmytro/Documents/pico/pico-sdk/src/rp2_common/hardware_irq/irq.c.obj
 *fill*         0x00000000100085bf        0x1 
 .rodata.__func__.4798
                0x00000000100085c0       0x13 CMakeFiles/Multislope.dir/home/dmytro/Documents/pico/pico-sdk/src/rp2_common/hardware_irq/irq.c.obj
 *fill*         0x00000000100085d3        0x1 
 .rodata.__func__.4821
                0x00000000100085d4       0x1a CMakeFiles/Multislope.dir/home/dmytro/Documents/pico/pico-sdk/src/rp2_common/hardware_irq/irq.c.obj
 *fill*         0x00000000100085ee        0x2 
 .rodata.pll_init.str1.4
                0x00000000100085f0       0xe3 CMakeFiles/Multislope.dir/home/dmytro/Documents/pico/pico-sdk/src/rp2_common/hardware_pll/pll.c.obj
 *fill*         0x00000000100086d3        0x1 
 .rodata.__func__.4408
                0x00000000100086d4        0x9 CMakeFiles/Multislope.dir/home/dmytro/Documents/pico/pico-sdk/src/rp2_common/hardware_pll/pll.c.obj
 *fill*         0x00000000100086dd        0x3 
 .rodata._ftoa.str1.4
                0x00000000100086e0       0x15 CMakeFiles/Multislope.dir/home/dmytro/Documents/pico/pico-sdk/src/rp2_common/pico_printf/printf.c.obj
 *fill*         0x00000000100086f5        0x3 
 .rodata._vsnprintf
                0x00000000100086f8      0x1e0 CMakeFiles/Multislope.dir/home/dmytro/Documents/pico/pico-sdk/src/rp2_common/pico_printf/printf.c.obj
 .rodata.pow10.5422
                0x00000000100088d8       0x50 CMakeFiles/Multislope.dir/home/dmytro/Documents/pico/pico-sdk/src/rp2_common/pico_printf/printf.c.obj
 .rodata.__aeabi_double_init.str1.4
                0x0000000010008928       0xb2 CMakeFiles/Multislope.dir/home/dmytro/Documents/pico/pico-sdk/src/rp2_common/pico_double/double_init_rom.c.obj
 *fill*         0x00000000100089da        0x2 
 .rodata.__func__.4719
                0x00000000100089dc       0x14 CMakeFiles/Multislope.dir/home/dmytro/Documents/pico/pico-sdk/src/rp2_common/pico_double/double_init_rom.c.obj
 .rodata.__aeabi_float_init.str1.4
                0x00000000100089f0       0x84 CMakeFiles/Multislope.dir/home/dmytro/Documents/pico/pico-sdk/src/rp2_common/pico_float/float_init_rom.c.obj
                                         0x88 (size before relaxing)
 .rodata.__func__.4720
                0x0000000010008a74       0x13 CMakeFiles/Multislope.dir/home/dmytro/Documents/pico/pico-sdk/src/rp2_common/pico_float/float_init_rom.c.obj
 *fill*         0x0000000010008a87        0x1 
 .rodata.str1.4
                0x0000000010008a88       0x40 CMakeFiles/Multislope.dir/home/dmytro/Documents/pico/pico-sdk/src/rp2_common/pico_standard_link/binary_info.c.obj
 .rodata.__bi_44
                0x0000000010008ac8        0xc CMakeFiles/Multislope.dir/home/dmytro/Documents/pico/pico-sdk/src/rp2_common/pico_standard_link/binary_info.c.obj
 .rodata.__bi_75
                0x0000000010008ad4        0xc CMakeFiles/Multislope.dir/home/dmytro/Documents/pico/pico-sdk/src/rp2_common/pico_standard_link/binary_info.c.obj
 .rodata.__bi_81
                0x0000000010008ae0        0xc CMakeFiles/Multislope.dir/home/dmytro/Documents/pico/pico-sdk/src/rp2_common/pico_standard_link/binary_info.c.obj
 .rodata.crlf_str.5901
                0x0000000010008aec        0x2 CMakeFiles/Multislope.dir/home/dmytro/Documents/pico/pico-sdk/src/rp2_common/pico_stdio/stdio.c.obj
 *fill*         0x0000000010008aee        0x2 
 .rodata._resetd_driver
                0x0000000010008af0       0x18 CMakeFiles/Multislope.dir/home/dmytro/Documents/pico/pico-sdk/src/rp2_common/pico_stdio_usb/reset_interface.c.obj
 .rodata.stdio_usb_init.str1.4
                0x0000000010008b08       0x6b CMakeFiles/Multislope.dir/home/dmytro/Documents/pico/pico-sdk/src/rp2_common/pico_stdio_usb/stdio_usb.c.obj
 .rodata.str1.4
                0x0000000010008b08       0x13 CMakeFiles/Multislope.dir/home/dmytro/Documents/pico/pico-sdk/src/rp2_common/pico_stdio_usb/stdio_usb.c.obj
 *fill*         0x0000000010008b1b        0x1 
 .rodata.__bi_93.7216
                0x0000000010008b1c        0xc CMakeFiles/Multislope.dir/home/dmytro/Documents/pico/pico-sdk/src/rp2_common/pico_stdio_usb/stdio_usb.c.obj
 .rodata.__func__.5424
                0x0000000010008b28       0x15 CMakeFiles/Multislope.dir/home/dmytro/Documents/pico/pico-sdk/src/rp2_common/pico_stdio_usb/stdio_usb.c.obj
 *fill*         0x0000000010008b3d        0x3 
 .rodata.str1.4
                0x0000000010008b40       0x2a CMakeFiles/Multislope.dir/home/dmytro/Documents/pico/pico-sdk/src/rp2_common/pico_stdio_usb/stdio_usb_descriptors.c.obj
 *fill*         0x0000000010008b6a        0x2 
 .rodata.usbd_desc_cfg
                0x0000000010008b6c       0x54 CMakeFiles/Multislope.dir/home/dmytro/Documents/pico/pico-sdk/src/rp2_common/pico_stdio_usb/stdio_usb_descriptors.c.obj
 .rodata.usbd_desc_device
                0x0000000010008bc0       0x12 CMakeFiles/Multislope.dir/home/dmytro/Documents/pico/pico-sdk/src/rp2_common/pico_stdio_usb/stdio_usb_descriptors.c.obj
 *fill*         0x0000000010008bd2        0x2 
 .rodata.usbd_desc_str
                0x0000000010008bd4       0x18 CMakeFiles/Multislope.dir/home/dmytro/Documents/pico/pico-sdk/src/rp2_common/pico_stdio_usb/stdio_usb_descriptors.c.obj
 .rodata._hw_endpoint_alloc.str1.4
                0x0000000010008bec       0xc1 CMakeFiles/Multislope.dir/home/dmytro/Documents/pico/pico-sdk/lib/tinyusb/src/portable/raspberrypi/rp2040/dcd_rp2040.c.obj
 *fill*         0x0000000010008cad        0x3 
 .rodata.dcd_rp2040_irq.str1.4
                0x0000000010008cb0       0x14 CMakeFiles/Multislope.dir/home/dmytro/Documents/pico/pico-sdk/lib/tinyusb/src/portable/raspberrypi/rp2040/dcd_rp2040.c.obj
 .rodata.dcd_int_enable.str1.4
                0x0000000010008cc4        0xc CMakeFiles/Multislope.dir/home/dmytro/Documents/pico/pico-sdk/lib/tinyusb/src/portable/raspberrypi/rp2040/dcd_rp2040.c.obj
 .rodata.__func__.6888
                0x0000000010008cd0       0x13 CMakeFiles/Multislope.dir/home/dmytro/Documents/pico/pico-sdk/lib/tinyusb/src/portable/raspberrypi/rp2040/dcd_rp2040.c.obj
 *fill*         0x0000000010008ce3        0x1 
 .rodata.__func__.6941
                0x0000000010008ce4        0x9 CMakeFiles/Multislope.dir/home/dmytro/Documents/pico/pico-sdk/lib/tinyusb/src/portable/raspberrypi/rp2040/dcd_rp2040.c.obj
 *fill*         0x0000000010008ced        0x3 
 .rodata.__func__.6945
                0x0000000010008cf0        0xf CMakeFiles/Multislope.dir/home/dmytro/Documents/pico/pico-sdk/lib/tinyusb/src/portable/raspberrypi/rp2040/dcd_rp2040.c.obj
 *fill*         0x0000000010008cff        0x1 
 .rodata.__func__.6954
                0x0000000010008d00       0x10 CMakeFiles/Multislope.dir/home/dmytro/Documents/pico/pico-sdk/lib/tinyusb/src/portable/raspberrypi/rp2040/dcd_rp2040.c.obj
 .rodata.__func__.6973
                0x0000000010008d10        0xe CMakeFiles/Multislope.dir/home/dmytro/Documents/pico/pico-sdk/lib/tinyusb/src/portable/raspberrypi/rp2040/dcd_rp2040.c.obj
 *fill*         0x0000000010008d1e        0x2 
 .rodata.__func__.6983
                0x0000000010008d20        0xe CMakeFiles/Multislope.dir/home/dmytro/Documents/pico/pico-sdk/lib/tinyusb/src/portable/raspberrypi/rp2040/dcd_rp2040.c.obj
 *fill*         0x0000000010008d2e        0x2 
 .rodata.sync_ep_buffer.str1.4
                0x0000000010008d30       0x9d CMakeFiles/Multislope.dir/home/dmytro/Documents/pico/pico-sdk/lib/tinyusb/src/portable/raspberrypi/rp2040/rp2040_usb.c.obj
 *fill*         0x0000000010008dcd        0x3 
 .rodata._hw_endpoint_buffer_control_update32.str1.4
                0x0000000010008dd0       0x1f CMakeFiles/Multislope.dir/home/dmytro/Documents/pico/pico-sdk/lib/tinyusb/src/portable/raspberrypi/rp2040/rp2040_usb.c.obj
 *fill*         0x0000000010008def        0x1 
 .rodata.hw_endpoint_xfer_start.str1.4
                0x0000000010008df0       0x38 CMakeFiles/Multislope.dir/home/dmytro/Documents/pico/pico-sdk/lib/tinyusb/src/portable/raspberrypi/rp2040/rp2040_usb.c.obj
 .rodata.hw_endpoint_xfer_continue.str1.4
                0x0000000010008e28       0x29 CMakeFiles/Multislope.dir/home/dmytro/Documents/pico/pico-sdk/lib/tinyusb/src/portable/raspberrypi/rp2040/rp2040_usb.c.obj
 *fill*         0x0000000010008e51        0x3 
 .rodata.str1.4
                0x0000000010008e54        0x7 CMakeFiles/Multislope.dir/home/dmytro/Documents/pico/pico-sdk/lib/tinyusb/src/portable/raspberrypi/rp2040/rp2040_usb.c.obj
 *fill*         0x0000000010008e5b        0x1 
 .rodata.__func__.6655
                0x0000000010008e5c        0xf CMakeFiles/Multislope.dir/home/dmytro/Documents/pico/pico-sdk/lib/tinyusb/src/portable/raspberrypi/rp2040/rp2040_usb.c.obj
 *fill*         0x0000000010008e6b        0x1 
 .rodata.process_set_config.str1.4
                0x0000000010008e6c       0x17 CMakeFiles/Multislope.dir/home/dmytro/Documents/pico/pico-sdk/lib/tinyusb/src/device/usbd.c.obj
 *fill*         0x0000000010008e83        0x1 
 .rodata.process_get_descriptor
                0x0000000010008e84       0x40 CMakeFiles/Multislope.dir/home/dmytro/Documents/pico/pico-sdk/lib/tinyusb/src/device/usbd.c.obj
 .rodata.process_control_request
                0x0000000010008ec4       0x28 CMakeFiles/Multislope.dir/home/dmytro/Documents/pico/pico-sdk/lib/tinyusb/src/device/usbd.c.obj
 .rodata.tud_task
                0x0000000010008eec       0x24 CMakeFiles/Multislope.dir/home/dmytro/Documents/pico/pico-sdk/lib/tinyusb/src/device/usbd.c.obj
 .rodata.__func__.6564
                0x0000000010008f10       0x10 CMakeFiles/Multislope.dir/home/dmytro/Documents/pico/pico-sdk/lib/tinyusb/src/device/usbd.c.obj
 .rodata.__func__.7362
                0x0000000010008f20        0x9 CMakeFiles/Multislope.dir/home/dmytro/Documents/pico/pico-sdk/lib/tinyusb/src/device/usbd.c.obj
 *fill*         0x0000000010008f29        0x3 
 .rodata.__func__.7383
                0x0000000010008f2c       0x18 CMakeFiles/Multislope.dir/home/dmytro/Documents/pico/pico-sdk/lib/tinyusb/src/device/usbd.c.obj
 .rodata.__func__.7426
                0x0000000010008f44       0x13 CMakeFiles/Multislope.dir/home/dmytro/Documents/pico/pico-sdk/lib/tinyusb/src/device/usbd.c.obj
 *fill*         0x0000000010008f57        0x1 
 .rodata.__func__.7461
                0x0000000010008f58       0x17 CMakeFiles/Multislope.dir/home/dmytro/Documents/pico/pico-sdk/lib/tinyusb/src/device/usbd.c.obj
 *fill*         0x0000000010008f6f        0x1 
 .rodata.__func__.7515
                0x0000000010008f70       0x14 CMakeFiles/Multislope.dir/home/dmytro/Documents/pico/pico-sdk/lib/tinyusb/src/device/usbd.c.obj
 .rodata.__func__.7529
                0x0000000010008f84        0xf CMakeFiles/Multislope.dir/home/dmytro/Documents/pico/pico-sdk/lib/tinyusb/src/device/usbd.c.obj
 *fill*         0x0000000010008f93        0x1 
 .rodata.__func__.7552
                0x0000000010008f94        0xf CMakeFiles/Multislope.dir/home/dmytro/Documents/pico/pico-sdk/lib/tinyusb/src/device/usbd.c.obj
 *fill*         0x0000000010008fa3        0x1 
 .rodata._usbd_driver
                0x0000000010008fa4       0x18 CMakeFiles/Multislope.dir/home/dmytro/Documents/pico/pico-sdk/lib/tinyusb/src/device/usbd.c.obj
 .rodata.tud_control_xfer.str1.4
                0x0000000010008fbc       0x17 CMakeFiles/Multislope.dir/home/dmytro/Documents/pico/pico-sdk/lib/tinyusb/src/device/usbd_control.c.obj
 .rodata.__func__.7277
                0x0000000010008fbc       0x11 CMakeFiles/Multislope.dir/home/dmytro/Documents/pico/pico-sdk/lib/tinyusb/src/device/usbd_control.c.obj
 *fill*         0x0000000010008fcd        0x3 
 .rodata.__func__.7304
                0x0000000010008fd0       0x15 CMakeFiles/Multislope.dir/home/dmytro/Documents/pico/pico-sdk/lib/tinyusb/src/device/usbd_control.c.obj
 .rodata.tud_cdc_n_write_flush.str1.4
                0x0000000010008fe5       0x17 CMakeFiles/Multislope.dir/home/dmytro/Documents/pico/pico-sdk/lib/tinyusb/src/class/cdc/cdc_device.c.obj
 *fill*         0x0000000010008fe5        0x3 
 .rodata.__func__.7213
                0x0000000010008fe8       0x16 CMakeFiles/Multislope.dir/home/dmytro/Documents/pico/pico-sdk/lib/tinyusb/src/class/cdc/cdc_device.c.obj
 *fill*         0x0000000010008ffe        0x2 
 .rodata.__func__.7246
                0x0000000010009000        0xa CMakeFiles/Multislope.dir/home/dmytro/Documents/pico/pico-sdk/lib/tinyusb/src/class/cdc/cdc_device.c.obj
 *fill*         0x000000001000900a        0x2 
 .rodata.__func__.7281
                0x000000001000900c        0xd CMakeFiles/Multislope.dir/home/dmytro/Documents/pico/pico-sdk/lib/tinyusb/src/class/cdc/cdc_device.c.obj
 .rodata.tusb_init.str1.4
                0x0000000010009019       0x17 CMakeFiles/Multislope.dir/home/dmytro/Documents/pico/pico-sdk/lib/tinyusb/src/tusb.c.obj
 *fill*         0x0000000010009019        0x3 
 .rodata.__func__.7150
                0x000000001000901c        0xa CMakeFiles/Multislope.dir/home/dmytro/Documents/pico/pico-sdk/lib/tinyusb/src/tusb.c.obj
 *fill*         0x0000000010009026        0x2 
 .rodata.__func__.7162
                0x0000000010009028       0x11 CMakeFiles/Multislope.dir/home/dmytro/Documents/pico/pico-sdk/lib/tinyusb/src/tusb.c.obj
 *fill*         0x0000000010009039        0x3 
 .rodata.pico_get_unique_board_id_string.str1.4
                0x000000001000903c       0x57 CMakeFiles/Multislope.dir/home/dmytro/Documents/pico/pico-sdk/src/rp2_common/pico_unique_id/unique_id.c.obj
 *fill*         0x0000000010009093        0x1 
 .rodata.__func__.4287
                0x0000000010009094       0x20 CMakeFiles/Multislope.dir/home/dmytro/Documents/pico/pico-sdk/src/rp2_common/pico_unique_id/unique_id.c.obj
 .rodata.str1.4
                0x00000000100090b4      0x162 CMakeFiles/Multislope.dir/home/dmytro/Documents/pico/pico-sdk/src/rp2_common/hardware_flash/flash.c.obj
 *fill*         0x0000000010009216        0x2 
 .rodata.__func__.4461
                0x0000000010009218        0xd CMakeFiles/Multislope.dir/home/dmytro/Documents/pico/pico-sdk/src/rp2_common/hardware_flash/flash.c.obj
 *fill*         0x0000000010009225        0x3 
 .rodata._pio_find_offset_for_program.str1.4
                0x0000000010009228       0x73 CMakeFiles/Multislope.dir/home/dmytro/Documents/pico/pico-sdk/src/rp2_common/hardware_pio/pio.c.obj
 *fill*         0x000000001000929b        0x1 
 .rodata._pio_add_program_at_offset.str1.4
                0x000000001000929c       0x11 CMakeFiles/Multislope.dir/home/dmytro/Documents/pico/pico-sdk/src/rp2_common/hardware_pio/pio.c.obj
 *fill*         0x00000000100092ad        0x3 
 .rodata.pio_claim_unused_sm.str1.4
                0x00000000100092b0       0x24 CMakeFiles/Multislope.dir/home/dmytro/Documents/pico/pico-sdk/src/rp2_common/hardware_pio/pio.c.obj
 .rodata.__func__.5230
                0x00000000100092d4       0x1d CMakeFiles/Multislope.dir/home/dmytro/Documents/pico/pico-sdk/src/rp2_common/hardware_pio/pio.c.obj
                0x00000000100092f4                . = ALIGN (0x4)
 *fill*         0x00000000100092f1        0x3 
 *(SORT_BY_ALIGNMENT(SORT_BY_NAME(.flashdata*)))