Archive member included to satisfy reference by file (symbol)

/usr/lib/gcc/arm-none-eabi/9.2.1/thumb/v6-m/nofp/libgcc.a(_dvmd_tls.o)
                              CMakeFiles/Multislope.dir/home/dima/rpico/pico/pico-sdk/src/rp2_common/pico_divider/divider.S.obj (__aeabi_idiv0)
/usr/lib/gcc/arm-none-eabi/9.2.1/../../../arm-none-eabi/lib/thumb/v6-m/nofp/libg.a(lib_a-atexit.o)
                              /usr/lib/gcc/arm-none-eabi/9.2.1/../../../arm-none-eabi/lib/thumb/v6-m/nofp/crt0.o (atexit)
/usr/lib/gcc/arm-none-eabi/9.2.1/../../../arm-none-eabi/lib/thumb/v6-m/nofp/libg.a(lib_a-calloc.o)
                              CMakeFiles/Multislope.dir/home/dima/rpico/pico/pico-sdk/src/rp2_common/pico_malloc/pico_malloc.c.obj (calloc)
/usr/lib/gcc/arm-none-eabi/9.2.1/../../../arm-none-eabi/lib/thumb/v6-m/nofp/libg.a(lib_a-callocr.o)
                              /usr/lib/gcc/arm-none-eabi/9.2.1/../../../arm-none-eabi/lib/thumb/v6-m/nofp/libg.a(lib_a-calloc.o) (_calloc_r)
/usr/lib/gcc/arm-none-eabi/9.2.1/../../../arm-none-eabi/lib/thumb/v6-m/nofp/libg.a(lib_a-ctype_.o)
                              CMakeFiles/Multislope.dir/home/dima/rpico/pico/pico-sdk/lib/tinyusb/src/tusb.c.obj (_ctype_)
/usr/lib/gcc/arm-none-eabi/9.2.1/../../../arm-none-eabi/lib/thumb/v6-m/nofp/libg.a(lib_a-fini.o)
                              /usr/lib/gcc/arm-none-eabi/9.2.1/../../../arm-none-eabi/lib/thumb/v6-m/nofp/crt0.o (__libc_fini_array)
/usr/lib/gcc/arm-none-eabi/9.2.1/../../../arm-none-eabi/lib/thumb/v6-m/nofp/libg.a(lib_a-impure.o)
                              /usr/lib/gcc/arm-none-eabi/9.2.1/../../../arm-none-eabi/lib/thumb/v6-m/nofp/libg.a(lib_a-calloc.o) (_impure_ptr)
/usr/lib/gcc/arm-none-eabi/9.2.1/../../../arm-none-eabi/lib/thumb/v6-m/nofp/libg.a(lib_a-init.o)
                              /usr/lib/gcc/arm-none-eabi/9.2.1/../../../arm-none-eabi/lib/thumb/v6-m/nofp/crt0.o (__libc_init_array)
/usr/lib/gcc/arm-none-eabi/9.2.1/../../../arm-none-eabi/lib/thumb/v6-m/nofp/libg.a(lib_a-malloc.o)
                              CMakeFiles/Multislope.dir/home/dima/rpico/pico/pico-sdk/src/rp2_common/pico_malloc/pico_malloc.c.obj (malloc)
/usr/lib/gcc/arm-none-eabi/9.2.1/../../../arm-none-eabi/lib/thumb/v6-m/nofp/libg.a(lib_a-mallocr.o)
                              /usr/lib/gcc/arm-none-eabi/9.2.1/../../../arm-none-eabi/lib/thumb/v6-m/nofp/libg.a(lib_a-callocr.o) (_malloc_r)
/usr/lib/gcc/arm-none-eabi/9.2.1/../../../arm-none-eabi/lib/thumb/v6-m/nofp/libg.a(lib_a-mlock.o)
                              /usr/lib/gcc/arm-none-eabi/9.2.1/../../../arm-none-eabi/lib/thumb/v6-m/nofp/libg.a(lib_a-mallocr.o) (__malloc_lock)
/usr/lib/gcc/arm-none-eabi/9.2.1/../../../arm-none-eabi/lib/thumb/v6-m/nofp/libg.a(lib_a-sbrkr.o)
                              /usr/lib/gcc/arm-none-eabi/9.2.1/../../../arm-none-eabi/lib/thumb/v6-m/nofp/libg.a(lib_a-mallocr.o) (_sbrk_r)
/usr/lib/gcc/arm-none-eabi/9.2.1/../../../arm-none-eabi/lib/thumb/v6-m/nofp/libg.a(lib_a-strlen-stub.o)
                              CMakeFiles/Multislope.dir/home/dima/rpico/pico/pico-sdk/src/rp2_common/pico_stdio/stdio.c.obj (strlen)
/usr/lib/gcc/arm-none-eabi/9.2.1/../../../arm-none-eabi/lib/thumb/v6-m/nofp/libg.a(lib_a-__atexit.o)
                              /usr/lib/gcc/arm-none-eabi/9.2.1/../../../arm-none-eabi/lib/thumb/v6-m/nofp/libg.a(lib_a-atexit.o) (__register_exitproc)
/usr/lib/gcc/arm-none-eabi/9.2.1/../../../arm-none-eabi/lib/thumb/v6-m/nofp/libg.a(lib_a-freer.o)
                              /usr/lib/gcc/arm-none-eabi/9.2.1/../../../arm-none-eabi/lib/thumb/v6-m/nofp/libg.a(lib_a-malloc.o) (_free_r)
/usr/lib/gcc/arm-none-eabi/9.2.1/../../../arm-none-eabi/lib/thumb/v6-m/nofp/libg.a(lib_a-reent.o)
                              /usr/lib/gcc/arm-none-eabi/9.2.1/../../../arm-none-eabi/lib/thumb/v6-m/nofp/libg.a(lib_a-sbrkr.o) (errno)

Allocating common symbols
Common symbol       size              file

ADCRes_4            0x2               CMakeFiles/Multislope.dir/main.c.obj
t3                  0x8               CMakeFiles/Multislope.dir/main.c.obj
sf_table            0x100             CMakeFiles/Multislope.dir/home/dima/rpico/pico/pico-sdk/src/rp2_common/pico_float/float_init_rom.c.obj
errno               0x4               /usr/lib/gcc/arm-none-eabi/9.2.1/../../../arm-none-eabi/lib/thumb/v6-m/nofp/libg.a(lib_a-reent.o)
ADCRes_1            0x2               CMakeFiles/Multislope.dir/main.c.obj
t2                  0x8               CMakeFiles/Multislope.dir/main.c.obj
ADCRes_3            0x2               CMakeFiles/Multislope.dir/main.c.obj
_usbd_qdef_buf      0xc0              CMakeFiles/Multislope.dir/home/dima/rpico/pico/pico-sdk/lib/tinyusb/src/device/usbd.c.obj
t4                  0x8               CMakeFiles/Multislope.dir/main.c.obj
ADCRes_2            0x2               CMakeFiles/Multislope.dir/main.c.obj
t1                  0x8               CMakeFiles/Multislope.dir/main.c.obj
[...]
Memory Configuration

Name             Origin             Length             Attributes
FLASH            0x0000000010000000 0x0000000000200000 xr
RAM              0x0000000020000000 0x0000000000040000 xrw
SCRATCH_X        0x0000000020040000 0x0000000000001000 xrw
SCRATCH_Y        0x0000000020041000 0x0000000000001000 xrw
*default*        0x0000000000000000 0xffffffffffffffff

Linker script and memory map

LOAD /usr/lib/gcc/arm-none-eabi/9.2.1/thumb/v6-m/nofp/crti.o
LOAD /usr/lib/gcc/arm-none-eabi/9.2.1/thumb/v6-m/nofp/crtbegin.o
LOAD /usr/lib/gcc/arm-none-eabi/9.2.1/../../../arm-none-eabi/lib/thumb/v6-m/nofp/crt0.o

.flash_begin    0x0000000010000000        0x0
                0x0000000010000000                __flash_binary_start = .

.boot2          0x0000000010000000      0x100
                0x0000000010000000                __boot2_start__ = .
 *(.boot2)
 .boot2         0x0000000010000000      0x100 /tmp/ccmCLiFm.o
                0x0000000010000100                __boot2_end__ = .
                0x0000000000000001                ASSERT (((__boot2_end__ - __boot2_start__) == 0x100), ERROR: Pico second stage bootloader must be 256 bytes in size)

.text           0x0000000010000100     0x7788
                0x0000000010000100                __logical_binary_start = .
 *(.vectors)
 .vectors       0x0000000010000100       0xd4 CMakeFiles/Multislope.dir/home/dima/rpico/pico/pico-sdk/src/rp2_common/pico_standard_link/crt0.S.obj
                0x0000000010000100                __vectors
                0x0000000010000100                __VECTOR_TABLE
                0x00000000100001c0                isr_invalid
                0x00000000100001c0                __default_isrs_start
                0x00000000100001c2                isr_nmi
                0x00000000100001c4                isr_hardfault
                0x00000000100001c6                isr_svcall
                0x00000000100001c8                isr_pendsv
                0x00000000100001ca                isr_systick
                0x00000000100001cc                isr_irq30
                0x00000000100001cc                __unhandled_user_irq
                0x00000000100001cc                isr_irq13
                0x00000000100001cc                isr_irq27
                0x00000000100001cc                isr_irq31
                0x00000000100001cc                isr_irq5
                0x00000000100001cc                isr_irq11
                0x00000000100001cc                isr_irq23
                0x00000000100001cc                isr_irq18
                0x00000000100001cc                isr_irq28
                0x00000000100001cc                isr_irq19
                0x00000000100001cc                isr_irq0
                0x00000000100001cc                isr_irq6
                0x00000000100001cc                isr_irq22
                0x00000000100001cc                isr_irq17
                0x00000000100001cc                isr_irq14
                0x00000000100001cc                isr_irq2
                0x00000000100001cc                isr_irq10
                0x00000000100001cc                isr_irq8
                0x00000000100001cc                isr_irq24
                0x00000000100001cc                isr_irq1
                0x00000000100001cc                isr_irq7
                0x00000000100001cc                isr_irq21
                0x00000000100001cc                isr_irq20
                0x00000000100001cc                isr_irq15
                0x00000000100001cc                isr_irq25
                0x00000000100001cc                isr_irq4
                0x00000000100001cc                isr_irq16
                0x00000000100001cc                isr_irq29
                0x00000000100001cc                isr_irq26
                0x00000000100001cc                __default_isrs_end
                0x00000000100001cc                isr_irq3
                0x00000000100001cc                isr_irq12
                0x00000000100001cc                isr_irq9
                0x00000000100001d2                unhandled_user_irq_num_in_r0
 *(.binary_info_header)
 .binary_info_header
                0x00000000100001d4       0x14 CMakeFiles/Multislope.dir/home/dima/rpico/pico/pico-sdk/src/rp2_common/pico_standard_link/crt0.S.obj
                0x00000000100001e8                __binary_info_header_end = .
 *(.reset)
 .reset         0x00000000100001e8       0xa8 CMakeFiles/Multislope.dir/home/dima/rpico/pico/pico-sdk/src/rp2_common/pico_standard_link/crt0.S.obj
                0x00000000100001e8                _entry_point
                0x0000000010000266                __get_current_exception
 .reset         0x0000000010000290       0x30 CMakeFiles/Multislope.dir/home/dima/rpico/pico/pico-sdk/src/rp2_common/pico_standard_link/binary_info.c.obj
 *(.init)
 .init          0x00000000100002c0        0x4 /usr/lib/gcc/arm-none-eabi/9.2.1/thumb/v6-m/nofp/crti.o
                0x00000000100002c0                _init
 *(EXCLUDE_FILE(*libm.a: *libc.a:*lib_a-mem*.o *libgcc.a:) .text*)
 .text          0x00000000100002c4       0x98 /usr/lib/gcc/arm-none-eabi/9.2.1/thumb/v6-m/nofp/crtbegin.o
 .text.pio_irh  0x000000001000035c      0x144 CMakeFiles/Multislope.dir/main.c.obj
                0x000000001000035c                pio_irh
 .text.ms_program_init
                0x00000000100004a0      0x108 CMakeFiles/Multislope.dir/main.c.obj
                0x00000000100004a0                ms_program_init
 .text.get_counts
                0x00000000100005a8       0x56 CMakeFiles/Multislope.dir/main.c.obj
                0x00000000100005a8                get_counts
 *fill*         0x00000000100005fe        0x2 
 .text.main     0x0000000010000600      0x1b8 CMakeFiles/Multislope.dir/main.c.obj
                0x0000000010000600                main
 .text.gpio_set_function
                0x00000000100007b8       0x30 CMakeFiles/Multislope.dir/home/dima/rpico/pico/pico-sdk/src/rp2_common/hardware_gpio/gpio.c.obj
                0x00000000100007b8                gpio_set_function
 .text.gpio_set_pulls
                0x00000000100007e8       0x34 CMakeFiles/Multislope.dir/home/dima/rpico/pico/pico-sdk/src/rp2_common/hardware_gpio/gpio.c.obj
                0x00000000100007e8                gpio_set_pulls
 .text.gpio_set_input_enabled
                0x000000001000081c       0x30 CMakeFiles/Multislope.dir/home/dima/rpico/pico/pico-sdk/src/rp2_common/hardware_gpio/gpio.c.obj
                0x000000001000081c                gpio_set_input_enabled
 .text.gpio_init
                0x000000001000084c       0x16 CMakeFiles/Multislope.dir/home/dima/rpico/pico/pico-sdk/src/rp2_common/hardware_gpio/gpio.c.obj
                0x000000001000084c                gpio_init
 *fill*         0x0000000010000862        0x2 
 .text.hw_claim_lock
                0x0000000010000864       0x18 CMakeFiles/Multislope.dir/home/dima/rpico/pico/pico-sdk/src/rp2_common/hardware_claim/claim.c.obj
                0x0000000010000864                hw_claim_lock
 .text.hw_claim_unlock
                0x000000001000087c       0x14 CMakeFiles/Multislope.dir/home/dima/rpico/pico/pico-sdk/src/rp2_common/hardware_claim/claim.c.obj
                0x000000001000087c                hw_claim_unlock
 .text.hw_claim_or_assert
                0x0000000010000890       0x32 CMakeFiles/Multislope.dir/home/dima/rpico/pico/pico-sdk/src/rp2_common/hardware_claim/claim.c.obj
                0x0000000010000890                hw_claim_or_assert
 .text.hw_claim_unused_from_range
                0x00000000100008c2       0x50 CMakeFiles/Multislope.dir/home/dima/rpico/pico/pico-sdk/src/rp2_common/hardware_claim/claim.c.obj
                0x00000000100008c2                hw_claim_unused_from_range
 *fill*         0x0000000010000912        0x2 
 .text.running_on_fpga
                0x0000000010000914       0x14 CMakeFiles/Multislope.dir/home/dima/rpico/pico/pico-sdk/src/rp2_common/pico_platform/platform.c.obj
                0x0000000010000914                running_on_fpga
 .text.spin_locks_reset
                0x0000000010000928       0x20 CMakeFiles/Multislope.dir/home/dima/rpico/pico/pico-sdk/src/rp2_common/hardware_sync/sync.c.obj
                0x0000000010000928                spin_locks_reset
 .text.next_striped_spin_lock_num
                0x0000000010000948       0x1c CMakeFiles/Multislope.dir/home/dima/rpico/pico/pico-sdk/src/rp2_common/hardware_sync/sync.c.obj
                0x0000000010000948                next_striped_spin_lock_num
 .text.spin_lock_claim_unused
                0x0000000010000964       0x20 CMakeFiles/Multislope.dir/home/dima/rpico/pico/pico-sdk/src/rp2_common/hardware_sync/sync.c.obj
                0x0000000010000964                spin_lock_claim_unused
 .text.alarm_pool_post_alloc_init
                0x0000000010000984       0x40 CMakeFiles/Multislope.dir/home/dima/rpico/pico/pico-sdk/src/common/pico_time/time.c.obj
 .text.sleep_until_callback
                0x00000000100009c4       0x30 CMakeFiles/Multislope.dir/home/dima/rpico/pico/pico-sdk/src/common/pico_time/time.c.obj
 .text.timer_pool_entry_comparator
                0x00000000100009f4       0x7c CMakeFiles/Multislope.dir/home/dima/rpico/pico/pico-sdk/src/common/pico_time/time.c.obj
                0x00000000100009f4                timer_pool_entry_comparator
 .text.ph_add_child_node
                0x0000000010000a70       0xa4 CMakeFiles/Multislope.dir/home/dima/rpico/pico/pico-sdk/src/common/pico_time/time.c.obj
 .text.ph_merge_nodes
                0x0000000010000b14       0x3e CMakeFiles/Multislope.dir/home/dima/rpico/pico/pico-sdk/src/common/pico_time/time.c.obj
 *fill*         0x0000000010000b52        0x2 
 .text.add_alarm_under_lock
                0x0000000010000b54      0x174 CMakeFiles/Multislope.dir/home/dima/rpico/pico/pico-sdk/src/common/pico_time/time.c.obj
 .text.alarm_pool_alarm_callback
                0x0000000010000cc8      0x32c CMakeFiles/Multislope.dir/home/dima/rpico/pico/pico-sdk/src/common/pico_time/time.c.obj
 .text.alarm_pool_init_default
                0x0000000010000ff4       0x38 CMakeFiles/Multislope.dir/home/dima/rpico/pico/pico-sdk/src/common/pico_time/time.c.obj
                0x0000000010000ff4                alarm_pool_init_default
 .text.alarm_pool_get_default
                0x000000001000102c       0x2c CMakeFiles/Multislope.dir/home/dima/rpico/pico/pico-sdk/src/common/pico_time/time.c.obj
                0x000000001000102c                alarm_pool_get_default
 .text.alarm_pool_add_alarm_at
                0x0000000010001058      0x170 CMakeFiles/Multislope.dir/home/dima/rpico/pico/pico-sdk/src/common/pico_time/time.c.obj
                0x0000000010001058                alarm_pool_add_alarm_at
 .text.alarm_pool_cancel_alarm
                0x00000000100011c8       0xec CMakeFiles/Multislope.dir/home/dima/rpico/pico/pico-sdk/src/common/pico_time/time.c.obj
                0x00000000100011c8                alarm_pool_cancel_alarm
 .text.sleep_until
                0x00000000100012b4       0xfc CMakeFiles/Multislope.dir/home/dima/rpico/pico/pico-sdk/src/common/pico_time/time.c.obj
                0x00000000100012b4                sleep_until
 .text.sleep_us
                0x00000000100013b0       0x58 CMakeFiles/Multislope.dir/home/dima/rpico/pico/pico-sdk/src/common/pico_time/time.c.obj
                0x00000000100013b0                sleep_us
 .text.sleep_ms
                0x0000000010001408       0x14 CMakeFiles/Multislope.dir/home/dima/rpico/pico/pico-sdk/src/common/pico_time/time.c.obj
                0x0000000010001408                sleep_ms
 .text.best_effort_wfe_or_timeout
                0x000000001000141c       0x80 CMakeFiles/Multislope.dir/home/dima/rpico/pico/pico-sdk/src/common/pico_time/time.c.obj
                0x000000001000141c                best_effort_wfe_or_timeout
 .text.hardware_alarm_irq_handler
                0x000000001000149c       0x8c CMakeFiles/Multislope.dir/home/dima/rpico/pico/pico-sdk/src/rp2_common/hardware_timer/timer.c.obj
 .text.hardware_alarm_claim
                0x0000000010001528       0x18 CMakeFiles/Multislope.dir/home/dima/rpico/pico/pico-sdk/src/rp2_common/hardware_timer/timer.c.obj
                0x0000000010001528                hardware_alarm_claim
 .text.time_us_64
                0x0000000010001540       0x18 CMakeFiles/Multislope.dir/home/dima/rpico/pico/pico-sdk/src/rp2_common/hardware_timer/timer.c.obj
                0x0000000010001540                time_us_64
 .text.busy_wait_until
                0x0000000010001558       0x24 CMakeFiles/Multislope.dir/home/dima/rpico/pico/pico-sdk/src/rp2_common/hardware_timer/timer.c.obj
                0x0000000010001558                busy_wait_until
 .text.hardware_alarm_set_callback
                0x000000001000157c       0x90 CMakeFiles/Multislope.dir/home/dima/rpico/pico/pico-sdk/src/rp2_common/hardware_timer/timer.c.obj
                0x000000001000157c                hardware_alarm_set_callback
 .text.hardware_alarm_set_target
                0x000000001000160c       0xe8 CMakeFiles/Multislope.dir/home/dima/rpico/pico/pico-sdk/src/rp2_common/hardware_timer/timer.c.obj
                0x000000001000160c                hardware_alarm_set_target
 .text.hardware_alarm_cancel
                0x00000000100016f4       0x40 CMakeFiles/Multislope.dir/home/dima/rpico/pico/pico-sdk/src/rp2_common/hardware_timer/timer.c.obj
                0x00000000100016f4                hardware_alarm_cancel
 .text.lock_init
                0x0000000010001734       0x10 CMakeFiles/Multislope.dir/home/dima/rpico/pico/pico-sdk/src/common/pico_sync/lock_core.c.obj
                0x0000000010001734                lock_init
 .text.mutex_init_internal
                0x0000000010001744       0x1e CMakeFiles/Multislope.dir/home/dima/rpico/pico/pico-sdk/src/common/pico_sync/mutex.c.obj
 .text.mutex_init
                0x0000000010001762        0xa CMakeFiles/Multislope.dir/home/dima/rpico/pico/pico-sdk/src/common/pico_sync/mutex.c.obj
                0x0000000010001762                mutex_init
 .text.recursive_mutex_init
                0x000000001000176c        0xa CMakeFiles/Multislope.dir/home/dima/rpico/pico/pico-sdk/src/common/pico_sync/mutex.c.obj
                0x000000001000176c                recursive_mutex_init
 *fill*         0x0000000010001776        0x2 
 .text.critical_section_init_with_lock_num
                0x0000000010001778       0x14 CMakeFiles/Multislope.dir/home/dima/rpico/pico/pico-sdk/src/common/pico_sync/critical_section.c.obj
                0x0000000010001778                critical_section_init_with_lock_num
 .text.critical_section_init
                0x000000001000178c       0x14 CMakeFiles/Multislope.dir/home/dima/rpico/pico/pico-sdk/src/common/pico_sync/critical_section.c.obj
                0x000000001000178c                critical_section_init
 .text.ph_add_child_node
                0x00000000100017a0       0xa4 CMakeFiles/Multislope.dir/home/dima/rpico/pico/pico-sdk/src/common/pico_util/pheap.c.obj
 .text.ph_merge_nodes
                0x0000000010001844       0x3e CMakeFiles/Multislope.dir/home/dima/rpico/pico/pico-sdk/src/common/pico_util/pheap.c.obj
 *fill*         0x0000000010001882        0x2 
 .text.ph_clear
                0x0000000010001884       0x70 CMakeFiles/Multislope.dir/home/dima/rpico/pico/pico-sdk/src/common/pico_util/pheap.c.obj
                0x0000000010001884                ph_clear
 .text.ph_post_alloc_init
                0x00000000100018f4        0xe CMakeFiles/Multislope.dir/home/dima/rpico/pico/pico-sdk/src/common/pico_util/pheap.c.obj
                0x00000000100018f4                ph_post_alloc_init
 *fill*         0x0000000010001902        0x2 
 .text.ph_merge_two_pass
                0x0000000010001904       0xa8 CMakeFiles/Multislope.dir/home/dima/rpico/pico/pico-sdk/src/common/pico_util/pheap.c.obj
                0x0000000010001904                ph_merge_two_pass
 .text.ph_remove_any_head
                0x00000000100019ac      0x108 CMakeFiles/Multislope.dir/home/dima/rpico/pico/pico-sdk/src/common/pico_util/pheap.c.obj
 .text.ph_remove_head
                0x0000000010001ab4       0x14 CMakeFiles/Multislope.dir/home/dima/rpico/pico/pico-sdk/src/common/pico_util/pheap.c.obj
                0x0000000010001ab4                ph_remove_head
 .text.ph_remove_and_free_node
                0x0000000010001ac8       0xf8 CMakeFiles/Multislope.dir/home/dima/rpico/pico/pico-sdk/src/common/pico_util/pheap.c.obj
                0x0000000010001ac8                ph_remove_and_free_node
 .text.runtime_init
                0x0000000010001bc0       0xd8 CMakeFiles/Multislope.dir/home/dima/rpico/pico/pico-sdk/src/rp2_common/pico_runtime/runtime.c.obj
                0x0000000010001bc0                runtime_init
 .text._exit    0x0000000010001c98        0x4 CMakeFiles/Multislope.dir/home/dima/rpico/pico/pico-sdk/src/rp2_common/pico_runtime/runtime.c.obj
                0x0000000010001c98                _exit
 .text.exit     0x0000000010001c9c        0x6 CMakeFiles/Multislope.dir/home/dima/rpico/pico/pico-sdk/src/rp2_common/pico_runtime/runtime.c.obj
                0x0000000010001c9c                exit
 *fill*         0x0000000010001ca2        0x2 
 .text.__assert_func
                0x0000000010001ca4       0x3c CMakeFiles/Multislope.dir/home/dima/rpico/pico/pico-sdk/src/rp2_common/pico_runtime/runtime.c.obj
                0x0000000010001ca4                __assert_func
 .text.panic    0x0000000010001ce0       0x30 CMakeFiles/Multislope.dir/home/dima/rpico/pico/pico-sdk/src/rp2_common/pico_runtime/runtime.c.obj
                0x0000000010001ce0                panic
 .text.clock_configure
                0x0000000010001d10      0x104 CMakeFiles/Multislope.dir/home/dima/rpico/pico/pico-sdk/src/rp2_common/hardware_clocks/clocks.c.obj
                0x0000000010001d10                clock_configure
 .text.clocks_init
                0x0000000010001e14      0x100 CMakeFiles/Multislope.dir/home/dima/rpico/pico/pico-sdk/src/rp2_common/hardware_clocks/clocks.c.obj
                0x0000000010001e14                clocks_init
 .text.clock_get_hz
                0x0000000010001f14        0xc CMakeFiles/Multislope.dir/home/dima/rpico/pico/pico-sdk/src/rp2_common/hardware_clocks/clocks.c.obj
                0x0000000010001f14                clock_get_hz
 .text.set_raw_irq_handler_and_unlock
                0x0000000010001f20       0x28 CMakeFiles/Multislope.dir/home/dima/rpico/pico/pico-sdk/src/rp2_common/hardware_irq/irq.c.obj
 .text.make_branch
                0x0000000010001f48       0x34 CMakeFiles/Multislope.dir/home/dima/rpico/pico/pico-sdk/src/rp2_common/hardware_irq/irq.c.obj
 .text.insert_branch_and_link
                0x0000000010001f7c       0x40 CMakeFiles/Multislope.dir/home/dima/rpico/pico/pico-sdk/src/rp2_common/hardware_irq/irq.c.obj
 .text.irq_is_enabled
                0x0000000010001fbc       0x18 CMakeFiles/Multislope.dir/home/dima/rpico/pico/pico-sdk/src/rp2_common/hardware_irq/irq.c.obj
                0x0000000010001fbc                irq_is_enabled
 .text.irq_set_mask_enabled
                0x0000000010001fd4       0x20 CMakeFiles/Multislope.dir/home/dima/rpico/pico/pico-sdk/src/rp2_common/hardware_irq/irq.c.obj
                0x0000000010001fd4                irq_set_mask_enabled
 .text.irq_set_enabled
                0x0000000010001ff4        0xe CMakeFiles/Multislope.dir/home/dima/rpico/pico/pico-sdk/src/rp2_common/hardware_irq/irq.c.obj
                0x0000000010001ff4                irq_set_enabled
 *fill*         0x0000000010002002        0x2 
 .text.irq_set_pending
                0x0000000010002004       0x10 CMakeFiles/Multislope.dir/home/dima/rpico/pico/pico-sdk/src/rp2_common/hardware_irq/irq.c.obj
                0x0000000010002004                irq_set_pending
 .text.irq_get_vtable_handler
                0x0000000010002014       0x10 CMakeFiles/Multislope.dir/home/dima/rpico/pico/pico-sdk/src/rp2_common/hardware_irq/irq.c.obj
                0x0000000010002014                irq_get_vtable_handler
 .text.irq_set_exclusive_handler
                0x0000000010002024       0x54 CMakeFiles/Multislope.dir/home/dima/rpico/pico/pico-sdk/src/rp2_common/hardware_irq/irq.c.obj
                0x0000000010002024                irq_set_exclusive_handler
 .text.irq_remove_handler
                0x0000000010002078      0x1ac CMakeFiles/Multislope.dir/home/dima/rpico/pico/pico-sdk/src/rp2_common/hardware_irq/irq.c.obj
                0x0000000010002078                irq_remove_handler
 .text.irq_set_priority
                0x0000000010002224       0x28 CMakeFiles/Multislope.dir/home/dima/rpico/pico/pico-sdk/src/rp2_common/hardware_irq/irq.c.obj
                0x0000000010002224                irq_set_priority
 .text.irq_add_tail_to_free_list
                0x000000001000224c       0xf0 CMakeFiles/Multislope.dir/home/dima/rpico/pico/pico-sdk/src/rp2_common/hardware_irq/irq.c.obj
                0x000000001000224c                irq_add_tail_to_free_list
 .text.irq_init_priorities
                0x000000001000233c       0x16 CMakeFiles/Multislope.dir/home/dima/rpico/pico/pico-sdk/src/rp2_common/hardware_irq/irq.c.obj
                0x000000001000233c                irq_init_priorities
 *fill*         0x0000000010002352        0x2 
 .text.pll_init
                0x0000000010002354      0x118 CMakeFiles/Multislope.dir/home/dima/rpico/pico/pico-sdk/src/rp2_common/hardware_pll/pll.c.obj
                0x0000000010002354                pll_init
 .text.watchdog_start_tick
                0x000000001000246c       0x10 CMakeFiles/Multislope.dir/home/dima/rpico/pico/pico-sdk/src/rp2_common/hardware_watchdog/watchdog.c.obj
                0x000000001000246c                watchdog_start_tick
 .text.watchdog_update
                0x000000001000247c       0x14 CMakeFiles/Multislope.dir/home/dima/rpico/pico/pico-sdk/src/rp2_common/hardware_watchdog/watchdog.c.obj
                0x000000001000247c                watchdog_update
 .text._watchdog_enable
                0x0000000010002490       0x70 CMakeFiles/Multislope.dir/home/dima/rpico/pico/pico-sdk/src/rp2_common/hardware_watchdog/watchdog.c.obj
                0x0000000010002490                _watchdog_enable
 .text.watchdog_reboot
                0x0000000010002500       0x48 CMakeFiles/Multislope.dir/home/dima/rpico/pico/pico-sdk/src/rp2_common/hardware_watchdog/watchdog.c.obj
                0x0000000010002500                watchdog_reboot
 .text.xosc_init
                0x0000000010002548       0x28 CMakeFiles/Multislope.dir/home/dima/rpico/pico/pico-sdk/src/rp2_common/hardware_xosc/xosc.c.obj
                0x0000000010002548                xosc_init
 .text._out_null
                0x0000000010002570        0x2 CMakeFiles/Multislope.dir/home/dima/rpico/pico/pico-sdk/src/rp2_common/pico_printf/printf.c.obj
 .text._out_fct
                0x0000000010002572        0xe CMakeFiles/Multislope.dir/home/dima/rpico/pico/pico-sdk/src/rp2_common/pico_printf/printf.c.obj
 .text._atoi    0x0000000010002580       0x24 CMakeFiles/Multislope.dir/home/dima/rpico/pico/pico-sdk/src/rp2_common/pico_printf/printf.c.obj
 .text._out_rev
                0x00000000100025a4       0xae CMakeFiles/Multislope.dir/home/dima/rpico/pico/pico-sdk/src/rp2_common/pico_printf/printf.c.obj
 .text._ntoa_format
                0x0000000010002652      0x110 CMakeFiles/Multislope.dir/home/dima/rpico/pico/pico-sdk/src/rp2_common/pico_printf/printf.c.obj
 .text._ntoa_long
                0x0000000010002762       0xbc CMakeFiles/Multislope.dir/home/dima/rpico/pico/pico-sdk/src/rp2_common/pico_printf/printf.c.obj
 .text._ntoa_long_long
                0x000000001000281e       0xe2 CMakeFiles/Multislope.dir/home/dima/rpico/pico/pico-sdk/src/rp2_common/pico_printf/printf.c.obj
 .text._etoa    0x0000000010002900      0x40c CMakeFiles/Multislope.dir/home/dima/rpico/pico/pico-sdk/src/rp2_common/pico_printf/printf.c.obj
 .text._ftoa    0x0000000010002d0c      0x354 CMakeFiles/Multislope.dir/home/dima/rpico/pico/pico-sdk/src/rp2_common/pico_printf/printf.c.obj
 .text._vsnprintf
                0x0000000010003060      0x628 CMakeFiles/Multislope.dir/home/dima/rpico/pico/pico-sdk/src/rp2_common/pico_printf/printf.c.obj
 .text.vfctprintf
                0x0000000010003688       0x20 CMakeFiles/Multislope.dir/home/dima/rpico/pico/pico-sdk/src/rp2_common/pico_printf/printf.c.obj
                0x0000000010003688                vfctprintf
 .text          0x00000000100036a8       0x10 CMakeFiles/Multislope.dir/home/dima/rpico/pico/pico-sdk/src/rp2_common/pico_bit_ops/bit_ops_aeabi.S.obj
 .text.rom_func_lookup
                0x00000000100036b8       0x10 CMakeFiles/Multislope.dir/home/dima/rpico/pico/pico-sdk/src/rp2_common/pico_bootrom/bootrom.c.obj
                0x00000000100036b8                rom_func_lookup
 .text.rom_data_lookup
                0x00000000100036c8       0x10 CMakeFiles/Multislope.dir/home/dima/rpico/pico/pico-sdk/src/rp2_common/pico_bootrom/bootrom.c.obj
                0x00000000100036c8                rom_data_lookup
 .text.rom_funcs_lookup
                0x00000000100036d8       0x36 CMakeFiles/Multislope.dir/home/dima/rpico/pico/pico-sdk/src/rp2_common/pico_bootrom/bootrom.c.obj
                0x00000000100036d8                rom_funcs_lookup
 *fill*         0x000000001000370e        0x2 
 .text.__wrap___aeabi_idiv
                0x0000000010003710       0x50 CMakeFiles/Multislope.dir/home/dima/rpico/pico/pico-sdk/src/rp2_common/pico_divider/divider.S.obj
                0x0000000010003710                __wrap___aeabi_idivmod
                0x0000000010003710                divmod_s32s32
                0x0000000010003710                div_s32s32
                0x0000000010003710                __wrap___aeabi_idiv
                0x0000000010003718                divmod_s32s32_unsafe
                0x0000000010003744                divmod_s32s32_savestate
 .text.__wrap___aeabi_uidiv
                0x0000000010003760       0x4c CMakeFiles/Multislope.dir/home/dima/rpico/pico/pico-sdk/src/rp2_common/pico_divider/divider.S.obj
                0x0000000010003760                __wrap___aeabi_uidiv
                0x0000000010003760                __wrap___aeabi_uidivmod
                0x0000000010003760                div_u32u32
                0x0000000010003760                divmod_u32u32
                0x0000000010003768                divmod_u32u32_unsafe
                0x0000000010003790                divmod_u32u32_savestate
 .text.__wrap___aeabi_ldiv
                0x00000000100037ac      0x430 CMakeFiles/Multislope.dir/home/dima/rpico/pico/pico-sdk/src/rp2_common/pico_divider/divider.S.obj
                0x00000000100037ac                div_s64s64
                0x00000000100037ac                divmod_s64s64
                0x00000000100037ac                __wrap___aeabi_ldivmod
                0x00000000100037e4                div_u64u64
                0x00000000100037e4                divmod_u64u64
                0x00000000100037e4                __wrap___aeabi_uldivmod
                0x00000000100037f4                divmod_u64u64_savestate
                0x000000001000381c                divmod_s64s64_unsafe
                0x00000000100038a4                divmod_u64u64_unsafe
 .text.__wrap___aeabi_darithmetic
                0x0000000010003bdc       0x80 CMakeFiles/Multislope.dir/home/dima/rpico/pico/pico-sdk/src/rp2_common/pico_double/double_aeabi.S.obj
                0x0000000010003bdc                __wrap___aeabi_drsub
                0x0000000010003be2                __wrap___aeabi_dsub
                0x0000000010003bf4                __wrap___aeabi_dadd
                0x0000000010003c06                __wrap___aeabi_ddiv
                0x0000000010003c42                __wrap___aeabi_dmul
 .text.__wrap___aeabi_cdcmple
                0x0000000010003c5c       0x6c CMakeFiles/Multislope.dir/home/dima/rpico/pico/pico-sdk/src/rp2_common/pico_double/double_aeabi.S.obj
                0x0000000010003c5c                __wrap___aeabi_cdrcmple
                0x0000000010003c6c                __wrap___aeabi_cdcmple
                0x0000000010003c6c                __wrap___aeabi_cdcmpeq
 .text.__wrap___aeabi_dcmplt
                0x0000000010003cc8        0xc CMakeFiles/Multislope.dir/home/dima/rpico/pico/pico-sdk/src/rp2_common/pico_double/double_aeabi.S.obj
                0x0000000010003cc8                __wrap___aeabi_dcmplt
 .text.__wrap___aeabi_dcmple
                0x0000000010003cd4       0x10 CMakeFiles/Multislope.dir/home/dima/rpico/pico/pico-sdk/src/rp2_common/pico_double/double_aeabi.S.obj
                0x0000000010003cd4                __wrap___aeabi_dcmple
 .text.__wrap___aeabi_dcmpge
                0x0000000010003ce4       0x10 CMakeFiles/Multislope.dir/home/dima/rpico/pico/pico-sdk/src/rp2_common/pico_double/double_aeabi.S.obj
                0x0000000010003ce4                __wrap___aeabi_dcmpge
 .text.__wrap___aeabi_dcmpgt
                0x0000000010003cf4        0xa CMakeFiles/Multislope.dir/home/dima/rpico/pico/pico-sdk/src/rp2_common/pico_double/double_aeabi.S.obj
                0x0000000010003cf4                __wrap___aeabi_dcmpgt
 .text.__wrap___aeabi_dcmpun
                0x0000000010003cfe       0x1c CMakeFiles/Multislope.dir/home/dima/rpico/pico/pico-sdk/src/rp2_common/pico_double/double_aeabi.S.obj
                0x0000000010003cfe                __wrap___aeabi_dcmpun
 *fill*         0x0000000010003d1a        0x2 
 .text.__wrap___aeabi_i2d
                0x0000000010003d1c       0x38 CMakeFiles/Multislope.dir/home/dima/rpico/pico/pico-sdk/src/rp2_common/pico_double/double_aeabi.S.obj
                0x0000000010003d1c                __wrap___aeabi_ui2d
                0x0000000010003d24                __wrap___aeabi_i2d
 .text.__wrap___aeabi_d2iz
                0x0000000010003d54       0x48 CMakeFiles/Multislope.dir/home/dima/rpico/pico/pico-sdk/src/rp2_common/pico_double/double_aeabi.S.obj
                0x0000000010003d54                __wrap___aeabi_d2iz
                0x0000000010003d54                double2int_z
 .text.__wrap___aeabi_d2uiz
                0x0000000010003d9c       0x18 CMakeFiles/Multislope.dir/home/dima/rpico/pico/pico-sdk/src/rp2_common/pico_double/double_aeabi.S.obj
                0x0000000010003d9c                double2uint
                0x0000000010003d9c                __wrap___aeabi_d2uiz
 .text.__aeabi_double_init
                0x0000000010003db4       0xb4 CMakeFiles/Multislope.dir/home/dima/rpico/pico/pico-sdk/src/rp2_common/pico_double/double_init_rom.c.obj
                0x0000000010003db4                __aeabi_double_init
 .text.double_table_shim_on_use_helper
                0x0000000010003e68       0x34 CMakeFiles/Multislope.dir/home/dima/rpico/pico/pico-sdk/src/rp2_common/pico_double/double_v1_rom_shim.S.obj
                0x0000000010003e68                double_table_shim_on_use_helper
 .text.__wrap___aeabi_dsub
                0x0000000010003e9c       0x10 CMakeFiles/Multislope.dir/home/dima/rpico/pico/pico-sdk/src/rp2_common/pico_double/double_v1_rom_shim.S.obj
                0x0000000010003e9c                drsub_shim
                0x0000000010003ea2                dsub_shim
 .text.dadd_shim
                0x0000000010003eac      0x15c CMakeFiles/Multislope.dir/home/dima/rpico/pico/pico-sdk/src/rp2_common/pico_double/double_v1_rom_shim.S.obj
                0x0000000010003eac                dadd_shim
 .text.dmul_shim
                0x0000000010004008      0x15c CMakeFiles/Multislope.dir/home/dima/rpico/pico/pico-sdk/src/rp2_common/pico_double/double_v1_rom_shim.S.obj
                0x0000000010004008                dmul_shim
 .text.ddiv_shim
                0x0000000010004164      0x1b0 CMakeFiles/Multislope.dir/home/dima/rpico/pico/pico-sdk/src/rp2_common/pico_double/double_v1_rom_shim.S.obj
                0x0000000010004164                ddiv_shim
 .text.dcordic_rot_step
                0x0000000010004314       0x7c CMakeFiles/Multislope.dir/home/dima/rpico/pico/pico-sdk/src/rp2_common/pico_double/double_v1_rom_shim.S.obj
                0x0000000010004314                dcordic_rot_step
 .text.double2uint_shim
                0x0000000010004390        0xe CMakeFiles/Multislope.dir/home/dima/rpico/pico/pico-sdk/src/rp2_common/pico_double/double_v1_rom_shim.S.obj
                0x0000000010004390                double2uint_shim
                0x0000000010004392                double2ufix_shim
 *fill*         0x000000001000439e        0x2 
 .text.double2uint64_shim
                0x00000000100043a0       0x6c CMakeFiles/Multislope.dir/home/dima/rpico/pico/pico-sdk/src/rp2_common/pico_double/double_v1_rom_shim.S.obj
                0x00000000100043a0                double2uint64_shim
                0x00000000100043a2                double2ufix64_shim
                0x00000000100043bc                d2fix_a
 .text.dunpacks
                0x000000001000440c       0x3c CMakeFiles/Multislope.dir/home/dima/rpico/pico/pico-sdk/src/rp2_common/pico_double/double_v1_rom_shim.S.obj
                0x000000001000440c                dunpacks
 .text.__aeabi_lmul
                0x0000000010004448       0x32 CMakeFiles/Multislope.dir/home/dima/rpico/pico/pico-sdk/src/rp2_common/pico_int64_ops/pico_int64_ops_aeabi.S.obj
                0x0000000010004448                __wrap___aeabi_lmul
 *fill*         0x000000001000447a        0x2 
 .text.__wrap___aeabi_farithmetic
                0x000000001000447c       0x58 CMakeFiles/Multislope.dir/home/dima/rpico/pico/pico-sdk/src/rp2_common/pico_float/float_aeabi.S.obj
                0x000000001000447c                __wrap___aeabi_frsub
                0x0000000010004482                __wrap___aeabi_fsub
                0x000000001000448c                __wrap___aeabi_fadd
                0x0000000010004496                __wrap___aeabi_fdiv
                0x00000000100044c2                __wrap___aeabi_fmul
 .text.__wrap___aeabi_ui2f
                0x00000000100044d4        0xa CMakeFiles/Multislope.dir/home/dima/rpico/pico/pico-sdk/src/rp2_common/pico_float/float_aeabi.S.obj
                0x00000000100044d4                __wrap___aeabi_ui2f
 *fill*         0x00000000100044de        0x2 
 .text.__wrap___aeabi_i2f
                0x00000000100044e0       0x44 CMakeFiles/Multislope.dir/home/dima/rpico/pico/pico-sdk/src/rp2_common/pico_float/float_aeabi.S.obj
                0x00000000100044e0                __wrap___aeabi_i2f
 .text.__wrap___aeabi_f2uiz
                0x0000000010004524       0x10 CMakeFiles/Multislope.dir/home/dima/rpico/pico/pico-sdk/src/rp2_common/pico_float/float_aeabi.S.obj
                0x0000000010004524                __wrap___aeabi_f2uiz
 .text.__aeabi_float_init
                0x0000000010004534       0xfc CMakeFiles/Multislope.dir/home/dima/rpico/pico/pico-sdk/src/rp2_common/pico_float/float_init_rom.c.obj
                0x0000000010004534                __aeabi_float_init
 .text.float_table_shim_on_use_helper
                0x0000000010004630       0x34 CMakeFiles/Multislope.dir/home/dima/rpico/pico/pico-sdk/src/rp2_common/pico_float/float_v1_rom_shim.S.obj
                0x0000000010004630                float_table_shim_on_use_helper
 .text          0x0000000010004664       0x10 CMakeFiles/Multislope.dir/home/dima/rpico/pico/pico-sdk/src/rp2_common/pico_mem_ops/mem_ops_aeabi.S.obj
                0x0000000010004664                __aeabi_mem_init
 .text.memset   0x0000000010004674        0xc CMakeFiles/Multislope.dir/home/dima/rpico/pico/pico-sdk/src/rp2_common/pico_mem_ops/mem_ops_aeabi.S.obj
                0x0000000010004674                __wrap_memset
 .text.memcpy   0x0000000010004680        0xc CMakeFiles/Multislope.dir/home/dima/rpico/pico/pico-sdk/src/rp2_common/pico_mem_ops/mem_ops_aeabi.S.obj
                0x0000000010004680                __wrap___aeabi_memcpy
                0x0000000010004680                __wrap_memcpy
 .text.stdio_out_chars_crlf
                0x000000001000468c       0x80 CMakeFiles/Multislope.dir/home/dima/rpico/pico/pico-sdk/src/rp2_common/pico_stdio/stdio.c.obj
 .text.stdio_stack_buffer_flush
                0x000000001000470c       0x44 CMakeFiles/Multislope.dir/home/dima/rpico/pico/pico-sdk/src/rp2_common/pico_stdio/stdio.c.obj
 .text.stdio_buffered_printer
                0x0000000010004750       0x20 CMakeFiles/Multislope.dir/home/dima/rpico/pico/pico-sdk/src/rp2_common/pico_stdio/stdio.c.obj
 .text.stdout_serialize_begin
                0x0000000010004770       0x30 CMakeFiles/Multislope.dir/home/dima/rpico/pico/pico-sdk/src/rp2_common/pico_stdio/stdio.c.obj
                0x0000000010004770                stdout_serialize_begin
 .text.stdout_serialize_end
                0x00000000100047a0       0x10 CMakeFiles/Multislope.dir/home/dima/rpico/pico/pico-sdk/src/rp2_common/pico_stdio/stdio.c.obj
                0x00000000100047a0                stdout_serialize_end
 .text.stdio_put_string
                0x00000000100047b0       0x84 CMakeFiles/Multislope.dir/home/dima/rpico/pico/pico-sdk/src/rp2_common/pico_stdio/stdio.c.obj
 .text.stdio_set_driver_enabled
                0x0000000010004834       0x38 CMakeFiles/Multislope.dir/home/dima/rpico/pico/pico-sdk/src/rp2_common/pico_stdio/stdio.c.obj
                0x0000000010004834                stdio_set_driver_enabled
 .text.stdio_flush
                0x000000001000486c       0x20 CMakeFiles/Multislope.dir/home/dima/rpico/pico/pico-sdk/src/rp2_common/pico_stdio/stdio.c.obj
                0x000000001000486c                stdio_flush
 .text.__wrap_puts
                0x000000001000488c       0x1c CMakeFiles/Multislope.dir/home/dima/rpico/pico/pico-sdk/src/rp2_common/pico_stdio/stdio.c.obj
                0x000000001000488c                __wrap_puts
 .text.__wrap_vprintf
                0x00000000100048a8       0x44 CMakeFiles/Multislope.dir/home/dima/rpico/pico/pico-sdk/src/rp2_common/pico_stdio/stdio.c.obj
                0x00000000100048a8                __wrap_vprintf
 .text.__wrap_printf
                0x00000000100048ec       0x18 CMakeFiles/Multislope.dir/home/dima/rpico/pico/pico-sdk/src/rp2_common/pico_stdio/stdio.c.obj
                0x00000000100048ec                __wrap_printf
 .text.stdio_init_all
                0x0000000010004904        0x8 CMakeFiles/Multislope.dir/home/dima/rpico/pico/pico-sdk/src/rp2_common/pico_stdio/stdio.c.obj
                0x0000000010004904                stdio_init_all
 .text.resetd_init
                0x000000001000490c        0x2 CMakeFiles/Multislope.dir/home/dima/rpico/pico/pico-sdk/src/rp2_common/pico_stdio_usb/reset_interface.c.obj
 *fill*         0x000000001000490e        0x2 
 .text.resetd_reset
                0x0000000010004910        0xc CMakeFiles/Multislope.dir/home/dima/rpico/pico/pico-sdk/src/rp2_common/pico_stdio_usb/reset_interface.c.obj
 .text.resetd_open
                0x000000001000491c       0x34 CMakeFiles/Multislope.dir/home/dima/rpico/pico/pico-sdk/src/rp2_common/pico_stdio_usb/reset_interface.c.obj
 .text.resetd_xfer_cb
                0x0000000010004950        0x4 CMakeFiles/Multislope.dir/home/dima/rpico/pico/pico-sdk/src/rp2_common/pico_stdio_usb/reset_interface.c.obj
 .text.resetd_control_xfer_cb
                0x0000000010004954       0x6c CMakeFiles/Multislope.dir/home/dima/rpico/pico/pico-sdk/src/rp2_common/pico_stdio_usb/reset_interface.c.obj
 .text.usbd_app_driver_get_cb
                0x00000000100049c0        0xc CMakeFiles/Multislope.dir/home/dima/rpico/pico/pico-sdk/src/rp2_common/pico_stdio_usb/reset_interface.c.obj
                0x00000000100049c0                usbd_app_driver_get_cb
 .text.tud_cdc_line_coding_cb
                0x00000000100049cc       0x34 CMakeFiles/Multislope.dir/home/dima/rpico/pico/pico-sdk/src/rp2_common/pico_stdio_usb/reset_interface.c.obj
                0x00000000100049cc                tud_cdc_line_coding_cb
 .text.stdio_usb_in_chars
                0x0000000010004a00       0x70 CMakeFiles/Multislope.dir/home/dima/rpico/pico/pico-sdk/src/rp2_common/pico_stdio_usb/stdio_usb.c.obj
                0x0000000010004a00                stdio_usb_in_chars
 .text.low_priority_worker_irq
                0x0000000010004a70       0x20 CMakeFiles/Multislope.dir/home/dima/rpico/pico/pico-sdk/src/rp2_common/pico_stdio_usb/stdio_usb.c.obj
 .text.stdio_usb_out_chars
                0x0000000010004a90       0xd4 CMakeFiles/Multislope.dir/home/dima/rpico/pico/pico-sdk/src/rp2_common/pico_stdio_usb/stdio_usb.c.obj
 .text.timer_task
                0x0000000010004b64       0x10 CMakeFiles/Multislope.dir/home/dima/rpico/pico/pico-sdk/src/rp2_common/pico_stdio_usb/stdio_usb.c.obj
 .text.stdio_usb_init
                0x0000000010004b74       0xb8 CMakeFiles/Multislope.dir/home/dima/rpico/pico/pico-sdk/src/rp2_common/pico_stdio_usb/stdio_usb.c.obj
                0x0000000010004b74                stdio_usb_init
 .text.tud_descriptor_device_cb
                0x0000000010004c2c        0x8 CMakeFiles/Multislope.dir/home/dima/rpico/pico/pico-sdk/src/rp2_common/pico_stdio_usb/stdio_usb_descriptors.c.obj
                0x0000000010004c2c                tud_descriptor_device_cb
 .text.tud_descriptor_configuration_cb
                0x0000000010004c34        0x8 CMakeFiles/Multislope.dir/home/dima/rpico/pico/pico-sdk/src/rp2_common/pico_stdio_usb/stdio_usb_descriptors.c.obj
                0x0000000010004c34                tud_descriptor_configuration_cb
 .text.tud_descriptor_string_cb
                0x0000000010004c3c       0x68 CMakeFiles/Multislope.dir/home/dima/rpico/pico/pico-sdk/src/rp2_common/pico_stdio_usb/stdio_usb_descriptors.c.obj
                0x0000000010004c3c                tud_descriptor_string_cb
 .text.hw_endpoint_get_by_addr
                0x0000000010004ca4       0x18 CMakeFiles/Multislope.dir/home/dima/rpico/pico/pico-sdk/lib/tinyusb/src/portable/raspberrypi/rp2040/dcd_rp2040.c.obj
 .text.reset_ep0
                0x0000000010004cbc       0x2c CMakeFiles/Multislope.dir/home/dima/rpico/pico/pico-sdk/lib/tinyusb/src/portable/raspberrypi/rp2040/dcd_rp2040.c.obj
 .text._hw_endpoint_alloc
                0x0000000010004ce8       0x80 CMakeFiles/Multislope.dir/home/dima/rpico/pico/pico-sdk/lib/tinyusb/src/portable/raspberrypi/rp2040/dcd_rp2040.c.obj
 .text._hw_endpoint_init
                0x0000000010004d68       0xbc CMakeFiles/Multislope.dir/home/dima/rpico/pico/pico-sdk/lib/tinyusb/src/portable/raspberrypi/rp2040/dcd_rp2040.c.obj
 .text.hw_endpoint_init
                0x0000000010004e24       0x18 CMakeFiles/Multislope.dir/home/dima/rpico/pico/pico-sdk/lib/tinyusb/src/portable/raspberrypi/rp2040/dcd_rp2040.c.obj
 .text.hw_handle_buff_status
                0x0000000010004e3c       0xb4 CMakeFiles/Multislope.dir/home/dima/rpico/pico/pico-sdk/lib/tinyusb/src/portable/raspberrypi/rp2040/dcd_rp2040.c.obj
 .text.dcd_rp2040_irq
                0x0000000010004ef0       0xa8 CMakeFiles/Multislope.dir/home/dima/rpico/pico/pico-sdk/lib/tinyusb/src/portable/raspberrypi/rp2040/dcd_rp2040.c.obj
 .text.hw_endpoint_xfer
                0x0000000010004f98       0x18 CMakeFiles/Multislope.dir/home/dima/rpico/pico/pico-sdk/lib/tinyusb/src/portable/raspberrypi/rp2040/dcd_rp2040.c.obj
 .text.ep0_0len_status
                0x0000000010004fb0       0x14 CMakeFiles/Multislope.dir/home/dima/rpico/pico/pico-sdk/lib/tinyusb/src/portable/raspberrypi/rp2040/dcd_rp2040.c.obj
 .text._hw_endpoint_stall
                0x0000000010004fc4       0x54 CMakeFiles/Multislope.dir/home/dima/rpico/pico/pico-sdk/lib/tinyusb/src/portable/raspberrypi/rp2040/dcd_rp2040.c.obj
 .text.hw_endpoint_stall
                0x0000000010005018        0xc CMakeFiles/Multislope.dir/home/dima/rpico/pico/pico-sdk/lib/tinyusb/src/portable/raspberrypi/rp2040/dcd_rp2040.c.obj
 .text._hw_endpoint_clear_stall
                0x0000000010005024       0x34 CMakeFiles/Multislope.dir/home/dima/rpico/pico/pico-sdk/lib/tinyusb/src/portable/raspberrypi/rp2040/dcd_rp2040.c.obj
 .text.hw_endpoint_clear_stall
                0x0000000010005058        0xc CMakeFiles/Multislope.dir/home/dima/rpico/pico/pico-sdk/lib/tinyusb/src/portable/raspberrypi/rp2040/dcd_rp2040.c.obj
 .text.dcd_int_enable
                0x0000000010005064       0x2c CMakeFiles/Multislope.dir/home/dima/rpico/pico/pico-sdk/lib/tinyusb/src/portable/raspberrypi/rp2040/dcd_rp2040.c.obj
                0x0000000010005064                dcd_int_enable
 .text.dcd_set_address
                0x0000000010005090       0x28 CMakeFiles/Multislope.dir/home/dima/rpico/pico/pico-sdk/lib/tinyusb/src/portable/raspberrypi/rp2040/dcd_rp2040.c.obj
                0x0000000010005090                dcd_set_address
 .text.dcd_connect
                0x00000000100050b8       0x30 CMakeFiles/Multislope.dir/home/dima/rpico/pico/pico-sdk/lib/tinyusb/src/portable/raspberrypi/rp2040/dcd_rp2040.c.obj
                0x00000000100050b8                dcd_connect
 .text.dcd_init
                0x00000000100050e8       0x84 CMakeFiles/Multislope.dir/home/dima/rpico/pico/pico-sdk/lib/tinyusb/src/portable/raspberrypi/rp2040/dcd_rp2040.c.obj
                0x00000000100050e8                dcd_init
 .text.dcd_edpt0_status_complete
                0x000000001000516c       0x40 CMakeFiles/Multislope.dir/home/dima/rpico/pico/pico-sdk/lib/tinyusb/src/portable/raspberrypi/rp2040/dcd_rp2040.c.obj
                0x000000001000516c                dcd_edpt0_status_complete
 .text.dcd_edpt_open
                0x00000000100051ac       0x40 CMakeFiles/Multislope.dir/home/dima/rpico/pico/pico-sdk/lib/tinyusb/src/portable/raspberrypi/rp2040/dcd_rp2040.c.obj
                0x00000000100051ac                dcd_edpt_open
 .text.dcd_edpt_xfer
                0x00000000100051ec       0x34 CMakeFiles/Multislope.dir/home/dima/rpico/pico/pico-sdk/lib/tinyusb/src/portable/raspberrypi/rp2040/dcd_rp2040.c.obj
                0x00000000100051ec                dcd_edpt_xfer
 .text.dcd_edpt_stall
                0x0000000010005220       0x28 CMakeFiles/Multislope.dir/home/dima/rpico/pico/pico-sdk/lib/tinyusb/src/portable/raspberrypi/rp2040/dcd_rp2040.c.obj
                0x0000000010005220                dcd_edpt_stall
 .text.dcd_edpt_clear_stall
                0x0000000010005248       0x2c CMakeFiles/Multislope.dir/home/dima/rpico/pico/pico-sdk/lib/tinyusb/src/portable/raspberrypi/rp2040/dcd_rp2040.c.obj
                0x0000000010005248                dcd_edpt_clear_stall
 .text.rp2040_usb_init
                0x0000000010005274       0x50 CMakeFiles/Multislope.dir/home/dima/rpico/pico/pico-sdk/lib/tinyusb/src/portable/raspberrypi/rp2040/rp2040_usb.c.obj
                0x0000000010005274                rp2040_usb_init
 .text.hw_endpoint_reset_transfer
                0x00000000100052c4       0x10 CMakeFiles/Multislope.dir/home/dima/rpico/pico/pico-sdk/lib/tinyusb/src/portable/raspberrypi/rp2040/rp2040_usb.c.obj
                0x00000000100052c4                hw_endpoint_reset_transfer
 .text._hw_endpoint_buffer_control_update32
                0x00000000100052d4       0x58 CMakeFiles/Multislope.dir/home/dima/rpico/pico/pico-sdk/lib/tinyusb/src/portable/raspberrypi/rp2040/rp2040_usb.c.obj
                0x00000000100052d4                _hw_endpoint_buffer_control_update32
 .text._hw_endpoint_start_next_buffer
                0x000000001000532c       0x50 CMakeFiles/Multislope.dir/home/dima/rpico/pico/pico-sdk/lib/tinyusb/src/portable/raspberrypi/rp2040/rp2040_usb.c.obj
                0x000000001000532c                _hw_endpoint_start_next_buffer
 .text._hw_endpoint_xfer_start
                0x000000001000537c       0x3e CMakeFiles/Multislope.dir/home/dima/rpico/pico/pico-sdk/lib/tinyusb/src/portable/raspberrypi/rp2040/rp2040_usb.c.obj
                0x000000001000537c                _hw_endpoint_xfer_start
 *fill*         0x00000000100053ba        0x2 
 .text._hw_endpoint_xfer_sync
                0x00000000100053bc       0x74 CMakeFiles/Multislope.dir/home/dima/rpico/pico/pico-sdk/lib/tinyusb/src/portable/raspberrypi/rp2040/rp2040_usb.c.obj
                0x00000000100053bc                _hw_endpoint_xfer_sync
 .text._hw_endpoint_xfer_continue
                0x0000000010005430       0x60 CMakeFiles/Multislope.dir/home/dima/rpico/pico/pico-sdk/lib/tinyusb/src/portable/raspberrypi/rp2040/rp2040_usb.c.obj
                0x0000000010005430                _hw_endpoint_xfer_continue
 .text._hw_endpoint_xfer
                0x0000000010005490       0x34 CMakeFiles/Multislope.dir/home/dima/rpico/pico/pico-sdk/lib/tinyusb/src/portable/raspberrypi/rp2040/rp2040_usb.c.obj
                0x0000000010005490                _hw_endpoint_xfer
 .text.mark_interface_endpoint
                0x00000000100054c4       0x2a CMakeFiles/Multislope.dir/home/dima/rpico/pico/pico-sdk/lib/tinyusb/src/device/usbd.c.obj
 *fill*         0x00000000100054ee        0x2 
 .text.usbd_reset
                0x00000000100054f0       0x88 CMakeFiles/Multislope.dir/home/dima/rpico/pico/pico-sdk/lib/tinyusb/src/device/usbd.c.obj
 .text.invoke_class_control
                0x0000000010005578       0x1a CMakeFiles/Multislope.dir/home/dima/rpico/pico/pico-sdk/lib/tinyusb/src/device/usbd.c.obj
 *fill*         0x0000000010005592        0x2 
 .text.process_set_config
                0x0000000010005594      0x1d0 CMakeFiles/Multislope.dir/home/dima/rpico/pico/pico-sdk/lib/tinyusb/src/device/usbd.c.obj
 .text.process_get_descriptor
                0x0000000010005764       0xf8 CMakeFiles/Multislope.dir/home/dima/rpico/pico/pico-sdk/lib/tinyusb/src/device/usbd.c.obj
 .text.tud_mounted
                0x000000001000585c       0x10 CMakeFiles/Multislope.dir/home/dima/rpico/pico/pico-sdk/lib/tinyusb/src/device/usbd.c.obj
                0x000000001000585c                tud_mounted
 .text.tud_suspended
                0x000000001000586c       0x10 CMakeFiles/Multislope.dir/home/dima/rpico/pico/pico-sdk/lib/tinyusb/src/device/usbd.c.obj
                0x000000001000586c                tud_suspended
 .text.tud_inited
                0x000000001000587c        0xc CMakeFiles/Multislope.dir/home/dima/rpico/pico/pico-sdk/lib/tinyusb/src/device/usbd.c.obj
                0x000000001000587c                tud_inited
 .text.tud_init
                0x0000000010005888       0xcc CMakeFiles/Multislope.dir/home/dima/rpico/pico/pico-sdk/lib/tinyusb/src/device/usbd.c.obj
                0x0000000010005888                tud_init
 .text.dcd_event_handler
                0x0000000010005954      0x174 CMakeFiles/Multislope.dir/home/dima/rpico/pico/pico-sdk/lib/tinyusb/src/device/usbd.c.obj
                0x0000000010005954                dcd_event_handler
 .text.dcd_event_bus_signal
                0x0000000010005ac8       0x26 CMakeFiles/Multislope.dir/home/dima/rpico/pico/pico-sdk/lib/tinyusb/src/device/usbd.c.obj
                0x0000000010005ac8                dcd_event_bus_signal
 .text.dcd_event_bus_reset
                0x0000000010005aee       0x2a CMakeFiles/Multislope.dir/home/dima/rpico/pico/pico-sdk/lib/tinyusb/src/device/usbd.c.obj
                0x0000000010005aee                dcd_event_bus_reset
 .text.dcd_event_setup_received
                0x0000000010005b18       0x34 CMakeFiles/Multislope.dir/home/dima/rpico/pico/pico-sdk/lib/tinyusb/src/device/usbd.c.obj
                0x0000000010005b18                dcd_event_setup_received
 .text.dcd_event_xfer_complete
                0x0000000010005b4c       0x44 CMakeFiles/Multislope.dir/home/dima/rpico/pico/pico-sdk/lib/tinyusb/src/device/usbd.c.obj
                0x0000000010005b4c                dcd_event_xfer_complete
 .text.usbd_edpt_open
                0x0000000010005b90       0xe0 CMakeFiles/Multislope.dir/home/dima/rpico/pico/pico-sdk/lib/tinyusb/src/device/usbd.c.obj
                0x0000000010005b90                usbd_edpt_open
 .text.usbd_open_edpt_pair
                0x0000000010005c70       0x8c CMakeFiles/Multislope.dir/home/dima/rpico/pico/pico-sdk/lib/tinyusb/src/device/usbd.c.obj
                0x0000000010005c70                usbd_open_edpt_pair
 .text.usbd_edpt_claim
                0x0000000010005cfc       0x8c CMakeFiles/Multislope.dir/home/dima/rpico/pico/pico-sdk/lib/tinyusb/src/device/usbd.c.obj
                0x0000000010005cfc                usbd_edpt_claim
 .text.usbd_edpt_release
                0x0000000010005d88       0x68 CMakeFiles/Multislope.dir/home/dima/rpico/pico/pico-sdk/lib/tinyusb/src/device/usbd.c.obj
                0x0000000010005d88                usbd_edpt_release
 .text.usbd_edpt_xfer
                0x0000000010005df0       0x80 CMakeFiles/Multislope.dir/home/dima/rpico/pico/pico-sdk/lib/tinyusb/src/device/usbd.c.obj
                0x0000000010005df0                usbd_edpt_xfer
 .text.usbd_edpt_stall
                0x0000000010005e70       0x2c CMakeFiles/Multislope.dir/home/dima/rpico/pico/pico-sdk/lib/tinyusb/src/device/usbd.c.obj
                0x0000000010005e70                usbd_edpt_stall
 .text.usbd_edpt_clear_stall
                0x0000000010005e9c       0x2c CMakeFiles/Multislope.dir/home/dima/rpico/pico/pico-sdk/lib/tinyusb/src/device/usbd.c.obj
                0x0000000010005e9c                usbd_edpt_clear_stall
 .text.usbd_edpt_stalled
                0x0000000010005ec8       0x1c CMakeFiles/Multislope.dir/home/dima/rpico/pico/pico-sdk/lib/tinyusb/src/device/usbd.c.obj
                0x0000000010005ec8                usbd_edpt_stalled
 .text.process_control_request
                0x0000000010005ee4      0x380 CMakeFiles/Multislope.dir/home/dima/rpico/pico/pico-sdk/lib/tinyusb/src/device/usbd.c.obj
 .text.tud_task
                0x0000000010006264      0x204 CMakeFiles/Multislope.dir/home/dima/rpico/pico/pico-sdk/lib/tinyusb/src/device/usbd.c.obj
                0x0000000010006264                tud_task
 .text._data_stage_xact
                0x0000000010006468       0x58 CMakeFiles/Multislope.dir/home/dima/rpico/pico/pico-sdk/lib/tinyusb/src/device/usbd_control.c.obj
 .text.tud_control_status
                0x00000000100064c0       0x38 CMakeFiles/Multislope.dir/home/dima/rpico/pico/pico-sdk/lib/tinyusb/src/device/usbd_control.c.obj
                0x00000000100064c0                tud_control_status
 .text.tud_control_xfer
                0x00000000100064f8       0xa8 CMakeFiles/Multislope.dir/home/dima/rpico/pico/pico-sdk/lib/tinyusb/src/device/usbd_control.c.obj
                0x00000000100064f8                tud_control_xfer
 .text.usbd_control_reset
                0x00000000100065a0       0x14 CMakeFiles/Multislope.dir/home/dima/rpico/pico/pico-sdk/lib/tinyusb/src/device/usbd_control.c.obj
                0x00000000100065a0                usbd_control_reset
 .text.usbd_control_set_complete_callback
                0x00000000100065b4        0xc CMakeFiles/Multislope.dir/home/dima/rpico/pico/pico-sdk/lib/tinyusb/src/device/usbd_control.c.obj
                0x00000000100065b4                usbd_control_set_complete_callback
 .text.usbd_control_set_request
                0x00000000100065c0       0x1c CMakeFiles/Multislope.dir/home/dima/rpico/pico/pico-sdk/lib/tinyusb/src/device/usbd_control.c.obj
                0x00000000100065c0                usbd_control_set_request
 .text.usbd_control_xfer_cb
                0x00000000100065dc       0xfc CMakeFiles/Multislope.dir/home/dima/rpico/pico/pico-sdk/lib/tinyusb/src/device/usbd_control.c.obj
                0x00000000100065dc                usbd_control_xfer_cb
 .text._prep_out_transaction
                0x00000000100066d8       0x46 CMakeFiles/Multislope.dir/home/dima/rpico/pico/pico-sdk/lib/tinyusb/src/class/cdc/cdc_device.c.obj
 *fill*         0x000000001000671e        0x2 
 .text.tud_cdc_n_connected
                0x0000000010006720       0x44 CMakeFiles/Multislope.dir/home/dima/rpico/pico/pico-sdk/lib/tinyusb/src/class/cdc/cdc_device.c.obj
                0x0000000010006720                tud_cdc_n_connected
 .text.tud_cdc_n_available
                0x0000000010006764       0x18 CMakeFiles/Multislope.dir/home/dima/rpico/pico/pico-sdk/lib/tinyusb/src/class/cdc/cdc_device.c.obj
                0x0000000010006764                tud_cdc_n_available
 .text.tud_cdc_n_read
                0x000000001000677c       0x28 CMakeFiles/Multislope.dir/home/dima/rpico/pico/pico-sdk/lib/tinyusb/src/class/cdc/cdc_device.c.obj
                0x000000001000677c                tud_cdc_n_read
 .text.tud_cdc_n_write_flush
                0x00000000100067a4       0xcc CMakeFiles/Multislope.dir/home/dima/rpico/pico/pico-sdk/lib/tinyusb/src/class/cdc/cdc_device.c.obj
                0x00000000100067a4                tud_cdc_n_write_flush
 .text.tud_cdc_n_write
                0x0000000010006870       0x38 CMakeFiles/Multislope.dir/home/dima/rpico/pico/pico-sdk/lib/tinyusb/src/class/cdc/cdc_device.c.obj
                0x0000000010006870                tud_cdc_n_write
 .text.tud_cdc_n_write_available
                0x00000000100068a8       0x1c CMakeFiles/Multislope.dir/home/dima/rpico/pico/pico-sdk/lib/tinyusb/src/class/cdc/cdc_device.c.obj
                0x00000000100068a8                tud_cdc_n_write_available
 .text.cdcd_init
                0x00000000100068c4       0xbc CMakeFiles/Multislope.dir/home/dima/rpico/pico/pico-sdk/lib/tinyusb/src/class/cdc/cdc_device.c.obj
                0x00000000100068c4                cdcd_init
 .text.cdcd_reset
                0x0000000010006980       0x44 CMakeFiles/Multislope.dir/home/dima/rpico/pico/pico-sdk/lib/tinyusb/src/class/cdc/cdc_device.c.obj
                0x0000000010006980                cdcd_reset
 .text.cdcd_open
                0x00000000100069c4      0x10c CMakeFiles/Multislope.dir/home/dima/rpico/pico/pico-sdk/lib/tinyusb/src/class/cdc/cdc_device.c.obj
                0x00000000100069c4                cdcd_open
 .text.cdcd_control_xfer_cb
                0x0000000010006ad0      0x134 CMakeFiles/Multislope.dir/home/dima/rpico/pico/pico-sdk/lib/tinyusb/src/class/cdc/cdc_device.c.obj
                0x0000000010006ad0                cdcd_control_xfer_cb
 .text.cdcd_xfer_cb
                0x0000000010006c04      0x144 CMakeFiles/Multislope.dir/home/dima/rpico/pico/pico-sdk/lib/tinyusb/src/class/cdc/cdc_device.c.obj
                0x0000000010006c04                cdcd_xfer_cb
 .text.tusb_init
                0x0000000010006d48       0x24 CMakeFiles/Multislope.dir/home/dima/rpico/pico/pico-sdk/lib/tinyusb/src/tusb.c.obj
                0x0000000010006d48                tusb_init
 .text.tusb_inited
                0x0000000010006d6c        0xe CMakeFiles/Multislope.dir/home/dima/rpico/pico/pico-sdk/lib/tinyusb/src/tusb.c.obj
                0x0000000010006d6c                tusb_inited
 .text.advance_pointer
                0x0000000010006d7a       0x1e CMakeFiles/Multislope.dir/home/dima/rpico/pico/pico-sdk/lib/tinyusb/src/common/tusb_fifo.c.obj
 .text.backward_pointer
                0x0000000010006d98       0x1a CMakeFiles/Multislope.dir/home/dima/rpico/pico/pico-sdk/lib/tinyusb/src/common/tusb_fifo.c.obj
 .text.get_relative_pointer
                0x0000000010006db2       0x10 CMakeFiles/Multislope.dir/home/dima/rpico/pico/pico-sdk/lib/tinyusb/src/common/tusb_fifo.c.obj
 .text._tu_fifo_peek
                0x0000000010006dc2       0x50 CMakeFiles/Multislope.dir/home/dima/rpico/pico/pico-sdk/lib/tinyusb/src/common/tusb_fifo.c.obj
 .text._ff_pull_const_addr
                0x0000000010006e12       0x4c CMakeFiles/Multislope.dir/home/dima/rpico/pico/pico-sdk/lib/tinyusb/src/common/tusb_fifo.c.obj
 .text._ff_pull_n
                0x0000000010006e5e      0x10c CMakeFiles/Multislope.dir/home/dima/rpico/pico/pico-sdk/lib/tinyusb/src/common/tusb_fifo.c.obj
 .text._tu_fifo_peek_n
                0x0000000010006f6a       0x5e CMakeFiles/Multislope.dir/home/dima/rpico/pico/pico-sdk/lib/tinyusb/src/common/tusb_fifo.c.obj
 .text._tu_fifo_read_n
                0x0000000010006fc8       0x4e CMakeFiles/Multislope.dir/home/dima/rpico/pico/pico-sdk/lib/tinyusb/src/common/tusb_fifo.c.obj
 .text._ff_push_const_addr
                0x0000000010007016       0x40 CMakeFiles/Multislope.dir/home/dima/rpico/pico/pico-sdk/lib/tinyusb/src/common/tusb_fifo.c.obj
 .text._ff_push_n
                0x0000000010007056      0x106 CMakeFiles/Multislope.dir/home/dima/rpico/pico/pico-sdk/lib/tinyusb/src/common/tusb_fifo.c.obj
 .text._tu_fifo_write_n
                0x000000001000715c       0x9e CMakeFiles/Multislope.dir/home/dima/rpico/pico/pico-sdk/lib/tinyusb/src/common/tusb_fifo.c.obj
 .text.tu_fifo_config
                0x00000000100071fa       0x72 CMakeFiles/Multislope.dir/home/dima/rpico/pico/pico-sdk/lib/tinyusb/src/common/tusb_fifo.c.obj
                0x00000000100071fa                tu_fifo_config
 .text.tu_fifo_count
                0x000000001000726c       0x26 CMakeFiles/Multislope.dir/home/dima/rpico/pico/pico-sdk/lib/tinyusb/src/common/tusb_fifo.c.obj
                0x000000001000726c                tu_fifo_count
 .text.tu_fifo_empty
                0x0000000010007292        0xe CMakeFiles/Multislope.dir/home/dima/rpico/pico/pico-sdk/lib/tinyusb/src/common/tusb_fifo.c.obj
                0x0000000010007292                tu_fifo_empty
 .text.tu_fifo_remaining
                0x00000000100072a0       0x20 CMakeFiles/Multislope.dir/home/dima/rpico/pico/pico-sdk/lib/tinyusb/src/common/tusb_fifo.c.obj
                0x00000000100072a0                tu_fifo_remaining
 .text.tu_fifo_read
                0x00000000100072c0       0x42 CMakeFiles/Multislope.dir/home/dima/rpico/pico/pico-sdk/lib/tinyusb/src/common/tusb_fifo.c.obj
                0x00000000100072c0                tu_fifo_read
 .text.tu_fifo_read_n
                0x0000000010007302        0xa CMakeFiles/Multislope.dir/home/dima/rpico/pico/pico-sdk/lib/tinyusb/src/common/tusb_fifo.c.obj
                0x0000000010007302                tu_fifo_read_n
 .text.tu_fifo_write
                0x000000001000730c       0x6c CMakeFiles/Multislope.dir/home/dima/rpico/pico/pico-sdk/lib/tinyusb/src/common/tusb_fifo.c.obj
                0x000000001000730c                tu_fifo_write
 .text.tu_fifo_write_n
                0x0000000010007378        0xa CMakeFiles/Multislope.dir/home/dima/rpico/pico/pico-sdk/lib/tinyusb/src/common/tusb_fifo.c.obj
                0x0000000010007378                tu_fifo_write_n
 .text.tu_fifo_clear
                0x0000000010007382       0x4c CMakeFiles/Multislope.dir/home/dima/rpico/pico/pico-sdk/lib/tinyusb/src/common/tusb_fifo.c.obj
                0x0000000010007382                tu_fifo_clear
 .text.tu_fifo_set_overwritable
                0x00000000100073ce       0x3c CMakeFiles/Multislope.dir/home/dima/rpico/pico/pico-sdk/lib/tinyusb/src/common/tusb_fifo.c.obj
                0x00000000100073ce                tu_fifo_set_overwritable
 *fill*         0x000000001000740a        0x2 
 .text._retrieve_unique_id_on_boot
                0x000000001000740c       0x10 CMakeFiles/Multislope.dir/home/dima/rpico/pico/pico-sdk/src/rp2_common/pico_unique_id/unique_id.c.obj
 .text.pico_get_unique_board_id_string
                0x000000001000741c       0x60 CMakeFiles/Multislope.dir/home/dima/rpico/pico/pico-sdk/src/rp2_common/pico_unique_id/unique_id.c.obj
                0x000000001000741c                pico_get_unique_board_id_string
 .text.flash_get_unique_id
                0x000000001000747c       0x46 CMakeFiles/Multislope.dir/home/dima/rpico/pico/pico-sdk/src/rp2_common/hardware_flash/flash.c.obj
                0x000000001000747c                flash_get_unique_id
 *fill*         0x00000000100074c2        0x2 
 .text._pio_can_add_program_at_offset
                0x00000000100074c4       0x3c CMakeFiles/Multislope.dir/home/dima/rpico/pico/pico-sdk/src/rp2_common/hardware_pio/pio.c.obj
 .text._pio_find_offset_for_program
                0x0000000010007500       0x7c CMakeFiles/Multislope.dir/home/dima/rpico/pico/pico-sdk/src/rp2_common/hardware_pio/pio.c.obj
 .text._pio_add_program_at_offset
                0x000000001000757c       0x78 CMakeFiles/Multislope.dir/home/dima/rpico/pico/pico-sdk/src/rp2_common/hardware_pio/pio.c.obj
 .text.pio_claim_unused_sm
                0x00000000100075f4       0x3c CMakeFiles/Multislope.dir/home/dima/rpico/pico/pico-sdk/src/rp2_common/hardware_pio/pio.c.obj
                0x00000000100075f4                pio_claim_unused_sm
 .text.pio_add_program
                0x0000000010007630       0x38 CMakeFiles/Multislope.dir/home/dima/rpico/pico/pico-sdk/src/rp2_common/hardware_pio/pio.c.obj
                0x0000000010007630                pio_add_program
 .text.pio_sm_set_consecutive_pindirs
                0x0000000010007668       0x70 CMakeFiles/Multislope.dir/home/dima/rpico/pico/pico-sdk/src/rp2_common/hardware_pio/pio.c.obj
                0x0000000010007668                pio_sm_set_consecutive_pindirs
 .text.pio_sm_init
                0x00000000100076d8       0xa8 CMakeFiles/Multislope.dir/home/dima/rpico/pico/pico-sdk/src/rp2_common/hardware_pio/pio.c.obj
                0x00000000100076d8                pio_sm_init
 .text.adc_init
                0x0000000010007780       0x34 CMakeFiles/Multislope.dir/home/dima/rpico/pico/pico-sdk/src/rp2_common/hardware_adc/adc.c.obj
                0x0000000010007780                adc_init
 .text          0x00000000100077b4       0x5c /usr/lib/gcc/arm-none-eabi/9.2.1/../../../arm-none-eabi/lib/thumb/v6-m/nofp/libg.a(lib_a-strlen-stub.o)
                0x00000000100077b4                strlen
 *(.fini)
 .fini          0x0000000010007810        0x4 /usr/lib/gcc/arm-none-eabi/9.2.1/thumb/v6-m/nofp/crti.o
                0x0000000010007810                _fini
 *fill*         0x0000000010007814        0x4 
 .fini.__stub   0x0000000010007818       0x70 linker stubs
 *crtbegin.o(.ctors)
 *crtbegin?.o(.ctors)
 *(EXCLUDE_FILE(*crtend.o *crtend?.o) .ctors)
 *(SORT_BY_NAME(.ctors.*))
 *(.ctors)
 *crtbegin.o(.dtors)
 *crtbegin?.o(.dtors)
 *(EXCLUDE_FILE(*crtend.o *crtend?.o) .dtors)
 *(SORT_BY_NAME(.dtors.*))
 *(.dtors)
 *(.eh_frame*)
 .eh_frame      0x0000000010007888        0x0 /usr/lib/gcc/arm-none-eabi/9.2.1/thumb/v6-m/nofp/crtbegin.o
                0x0000000010007888                . = ALIGN (0x4)

.glue_7         0x0000000010007888        0x0
 .glue_7        0x0000000010007888        0x0 linker stubs

.glue_7t        0x0000000010007888        0x0
 .glue_7t       0x0000000010007888        0x0 linker stubs

.vfp11_veneer   0x0000000010007888        0x0
 .vfp11_veneer  0x0000000010007888        0x0 linker stubs

.v4_bx          0x0000000010007888        0x0
 .v4_bx         0x0000000010007888        0x0 linker stubs

.iplt           0x0000000010007888        0x0
 .iplt          0x0000000010007888        0x0 /usr/lib/gcc/arm-none-eabi/9.2.1/thumb/v6-m/nofp/crtbegin.o

.rodata         0x0000000010007888     0x1820
 *(EXCLUDE_FILE(*libm.a: *libc.a:*lib_a-mem*.o *libgcc.a:) .rodata*)
 .rodata.pio_irh.str1.4
                0x0000000010007888       0x65 CMakeFiles/Multislope.dir/main.c.obj
 *fill*         0x00000000100078ed        0x3 
 .rodata.main.str1.4
                0x00000000100078f0       0x9c CMakeFiles/Multislope.dir/main.c.obj
 .rodata.__func__.5221
                0x000000001000798c       0x15 CMakeFiles/Multislope.dir/main.c.obj
 *fill*         0x00000000100079a1        0x3 
 .rodata.ms_program
                0x00000000100079a4        0x6 CMakeFiles/Multislope.dir/main.c.obj
 *fill*         0x00000000100079aa        0x2 
 .rodata.ms_program_instructions
                0x00000000100079ac       0x38 CMakeFiles/Multislope.dir/main.c.obj
 .rodata.spin_lock_claim_unused.str1.4
                0x00000000100079e4       0x1b CMakeFiles/Multislope.dir/home/dima/rpico/pico/pico-sdk/src/rp2_common/hardware_sync/sync.c.obj
 *fill*         0x00000000100079ff        0x1 
 .rodata.repeating_timer_callback.str1.4
                0x0000000010007a00       0x4f CMakeFiles/Multislope.dir/home/dima/rpico/pico/pico-sdk/src/common/pico_time/time.c.obj
 *fill*         0x0000000010007a4f        0x1 
 .rodata.alarm_pool_dump_key.str1.4
                0x0000000010007a50       0x33 CMakeFiles/Multislope.dir/home/dima/rpico/pico/pico-sdk/src/common/pico_time/time.c.obj
 *fill*         0x0000000010007a83        0x1 
 .rodata.ph_add_child_node.str1.4
                0x0000000010007a84       0x9a CMakeFiles/Multislope.dir/home/dima/rpico/pico/pico-sdk/src/common/pico_time/time.c.obj
 *fill*         0x0000000010007b1e        0x2 
 .rodata.add_alarm_under_lock.str1.4
                0x0000000010007b20       0x28 CMakeFiles/Multislope.dir/home/dima/rpico/pico/pico-sdk/src/common/pico_time/time.c.obj
                                         0x2b (size before relaxing)
 .rodata.alarm_pool_alarm_callback.str1.4
                0x0000000010007b48       0x82 CMakeFiles/Multislope.dir/home/dima/rpico/pico/pico-sdk/src/common/pico_time/time.c.obj
                                         0xea (size before relaxing)
 *fill*         0x0000000010007bca        0x2 
 .rodata.alarm_pool_get_default.str1.4
                0x0000000010007bcc       0x21 CMakeFiles/Multislope.dir/home/dima/rpico/pico/pico-sdk/src/common/pico_time/time.c.obj
 *fill*         0x0000000010007bed        0x3 
 .rodata.alarm_pool_cancel_alarm.str1.4
                0x0000000010007bf0       0x27 CMakeFiles/Multislope.dir/home/dima/rpico/pico/pico-sdk/src/common/pico_time/time.c.obj
 *fill*         0x0000000010007c17        0x1 
 .rodata.sleep_until.str1.4
                0x0000000010007c18       0x4d CMakeFiles/Multislope.dir/home/dima/rpico/pico/pico-sdk/src/common/pico_time/time.c.obj
 *fill*         0x0000000010007c65        0x3 
 .rodata.__func__.5701
                0x0000000010007c68       0x15 CMakeFiles/Multislope.dir/home/dima/rpico/pico/pico-sdk/src/common/pico_time/time.c.obj
 *fill*         0x0000000010007c7d        0x3 
 .rodata.__func__.6002
                0x0000000010007c80        0xc CMakeFiles/Multislope.dir/home/dima/rpico/pico/pico-sdk/src/common/pico_time/time.c.obj
 .rodata.__func__.6009
                0x0000000010007c8c       0x12 CMakeFiles/Multislope.dir/home/dima/rpico/pico/pico-sdk/src/common/pico_time/time.c.obj
 *fill*         0x0000000010007c9e        0x2 
 .rodata.__func__.6025
                0x0000000010007ca0        0xf CMakeFiles/Multislope.dir/home/dima/rpico/pico/pico-sdk/src/common/pico_time/time.c.obj
 *fill*         0x0000000010007caf        0x1 
 .rodata.__func__.6047
                0x0000000010007cb0        0xd CMakeFiles/Multislope.dir/home/dima/rpico/pico/pico-sdk/src/common/pico_time/time.c.obj
 *fill*         0x0000000010007cbd        0x3 
 .rodata.__func__.6248
                0x0000000010007cc0        0xa CMakeFiles/Multislope.dir/home/dima/rpico/pico/pico-sdk/src/common/pico_time/time.c.obj
 *fill*         0x0000000010007cca        0x2 
 .rodata.__func__.6253
                0x0000000010007ccc       0x12 CMakeFiles/Multislope.dir/home/dima/rpico/pico/pico-sdk/src/common/pico_time/time.c.obj
 *fill*         0x0000000010007cde        0x2 
 .rodata.__func__.6268
                0x0000000010007ce0       0x17 CMakeFiles/Multislope.dir/home/dima/rpico/pico/pico-sdk/src/common/pico_time/time.c.obj
 *fill*         0x0000000010007cf7        0x1 
 .rodata.__func__.6279
                0x0000000010007cf8       0x15 CMakeFiles/Multislope.dir/home/dima/rpico/pico/pico-sdk/src/common/pico_time/time.c.obj
 *fill*         0x0000000010007d0d        0x3 
 .rodata.__func__.6296
                0x0000000010007d10       0x1a CMakeFiles/Multislope.dir/home/dima/rpico/pico/pico-sdk/src/common/pico_time/time.c.obj
 *fill*         0x0000000010007d2a        0x2 
 .rodata.__func__.6335
                0x0000000010007d2c       0x18 CMakeFiles/Multislope.dir/home/dima/rpico/pico/pico-sdk/src/common/pico_time/time.c.obj
 .rodata.hardware_alarm_claim.str1.4
                0x0000000010007d44       0x22 CMakeFiles/Multislope.dir/home/dima/rpico/pico/pico-sdk/src/rp2_common/hardware_timer/timer.c.obj
 *fill*         0x0000000010007d66        0x2 
 .rodata.hardware_alarm_set_target.str1.4
                0x0000000010007d68       0x69 CMakeFiles/Multislope.dir/home/dima/rpico/pico/pico-sdk/src/rp2_common/hardware_timer/timer.c.obj
 *fill*         0x0000000010007dd1        0x3 
 .rodata.__func__.4548
                0x0000000010007dd4       0x1a CMakeFiles/Multislope.dir/home/dima/rpico/pico/pico-sdk/src/rp2_common/hardware_timer/timer.c.obj
 *fill*         0x0000000010007dee        0x2 
 .rodata.str1.4
                0x0000000010007df0       0xb5 CMakeFiles/Multislope.dir/home/dima/rpico/pico/pico-sdk/src/common/pico_sync/mutex.c.obj
                                        0x11d (size before relaxing)
 *fill*         0x0000000010007ea5        0x3 
 .rodata.__func__.4193
                0x0000000010007ea8       0x15 CMakeFiles/Multislope.dir/home/dima/rpico/pico/pico-sdk/src/common/pico_sync/mutex.c.obj
 *fill*         0x0000000010007ebd        0x3 
 .rodata.__func__.4610
                0x0000000010007ec0       0x15 CMakeFiles/Multislope.dir/home/dima/rpico/pico/pico-sdk/src/common/pico_sync/mutex.c.obj
 *fill*         0x0000000010007ed5        0x3 
 .rodata.__func__.4635
                0x0000000010007ed8       0x18 CMakeFiles/Multislope.dir/home/dima/rpico/pico/pico-sdk/src/common/pico_sync/mutex.c.obj
 .rodata.__func__.4645
                0x0000000010007ef0        0xb CMakeFiles/Multislope.dir/home/dima/rpico/pico/pico-sdk/src/common/pico_sync/mutex.c.obj
 .rodata.ph_add_child_node.str1.4
                0x0000000010007efb       0x9a CMakeFiles/Multislope.dir/home/dima/rpico/pico/pico-sdk/src/common/pico_util/pheap.c.obj
 *fill*         0x0000000010007efb        0x1 
 .rodata.ph_remove_any_head.str1.4
                0x0000000010007efc       0x90 CMakeFiles/Multislope.dir/home/dima/rpico/pico/pico-sdk/src/common/pico_util/pheap.c.obj
 .rodata.ph_remove_and_free_node.str1.4
                0x0000000010007f8c       0x26 CMakeFiles/Multislope.dir/home/dima/rpico/pico/pico-sdk/src/common/pico_util/pheap.c.obj
 *fill*         0x0000000010007fb2        0x2 
 .rodata.__func__.5708
                0x0000000010007fb4        0xc CMakeFiles/Multislope.dir/home/dima/rpico/pico/pico-sdk/src/common/pico_util/pheap.c.obj
 .rodata.__func__.5715
                0x0000000010007fc0       0x12 CMakeFiles/Multislope.dir/home/dima/rpico/pico/pico-sdk/src/common/pico_util/pheap.c.obj
 *fill*         0x0000000010007fd2        0x2 
 .rodata.__func__.5801
                0x0000000010007fd4       0x13 CMakeFiles/Multislope.dir/home/dima/rpico/pico/pico-sdk/src/common/pico_util/pheap.c.obj
 *fill*         0x0000000010007fe7        0x1 
 .rodata.__func__.5819
                0x0000000010007fe8       0x18 CMakeFiles/Multislope.dir/home/dima/rpico/pico/pico-sdk/src/common/pico_util/pheap.c.obj
 .rodata.__assert_func.str1.4
                0x0000000010008000       0x3f CMakeFiles/Multislope.dir/home/dima/rpico/pico/pico-sdk/src/rp2_common/pico_runtime/runtime.c.obj
                                         0x43 (size before relaxing)
 *fill*         0x000000001000803f        0x1 
 .rodata.panic.str1.4
                0x0000000010008040       0x12 CMakeFiles/Multislope.dir/home/dima/rpico/pico/pico-sdk/src/rp2_common/pico_runtime/runtime.c.obj
 *fill*         0x0000000010008052        0x2 
 .rodata.clock_configure.str1.4
                0x0000000010008054       0x5b CMakeFiles/Multislope.dir/home/dima/rpico/pico/pico-sdk/src/rp2_common/hardware_clocks/clocks.c.obj
 *fill*         0x00000000100080af        0x1 
 .rodata.__func__.4667
                0x00000000100080b0       0x10 CMakeFiles/Multislope.dir/home/dima/rpico/pico/pico-sdk/src/rp2_common/hardware_clocks/clocks.c.obj
 .rodata.make_branch.str1.4
                0x00000000100080c0       0x51 CMakeFiles/Multislope.dir/home/dima/rpico/pico/pico-sdk/src/rp2_common/hardware_irq/irq.c.obj
 *fill*         0x0000000010008111        0x3 
 .rodata.irq_set_exclusive_handler.str1.4
                0x0000000010008114       0x36 CMakeFiles/Multislope.dir/home/dima/rpico/pico/pico-sdk/src/rp2_common/hardware_irq/irq.c.obj
 *fill*         0x000000001000814a        0x2 
 .rodata.irq_add_shared_handler.str1.4
                0x000000001000814c       0xd9 CMakeFiles/Multislope.dir/home/dima/rpico/pico/pico-sdk/src/rp2_common/hardware_irq/irq.c.obj
 *fill*         0x0000000010008225        0x3 
 .rodata.irq_remove_handler.str1.4
                0x0000000010008228       0x2a CMakeFiles/Multislope.dir/home/dima/rpico/pico/pico-sdk/src/rp2_common/hardware_irq/irq.c.obj
 *fill*         0x0000000010008252        0x2 
 .rodata.irq_add_tail_to_free_list.str1.4
                0x0000000010008254       0x32 CMakeFiles/Multislope.dir/home/dima/rpico/pico/pico-sdk/src/rp2_common/hardware_irq/irq.c.obj
                                         0x3a (size before relaxing)
 *fill*         0x0000000010008286        0x2 
 .rodata.__func__.4703
                0x0000000010008288       0x1a CMakeFiles/Multislope.dir/home/dima/rpico/pico/pico-sdk/src/rp2_common/hardware_irq/irq.c.obj
 *fill*         0x00000000100082a2        0x2 
 .rodata.__func__.4717
                0x00000000100082a4        0xc CMakeFiles/Multislope.dir/home/dima/rpico/pico/pico-sdk/src/rp2_common/hardware_irq/irq.c.obj
 .rodata.__func__.4725
                0x00000000100082b0       0x17 CMakeFiles/Multislope.dir/home/dima/rpico/pico/pico-sdk/src/rp2_common/hardware_irq/irq.c.obj
 *fill*         0x00000000100082c7        0x1 
 .rodata.__func__.4729
                0x00000000100082c8        0xf CMakeFiles/Multislope.dir/home/dima/rpico/pico/pico-sdk/src/rp2_common/hardware_irq/irq.c.obj
 *fill*         0x00000000100082d7        0x1 
 .rodata.__func__.4768
                0x00000000100082d8       0x13 CMakeFiles/Multislope.dir/home/dima/rpico/pico/pico-sdk/src/rp2_common/hardware_irq/irq.c.obj
 *fill*         0x00000000100082eb        0x1 
 .rodata.__func__.4787
                0x00000000100082ec       0x1a CMakeFiles/Multislope.dir/home/dima/rpico/pico/pico-sdk/src/rp2_common/hardware_irq/irq.c.obj
 *fill*         0x0000000010008306        0x2 
 .rodata.pll_init.str1.4
                0x0000000010008308       0xdf CMakeFiles/Multislope.dir/home/dima/rpico/pico/pico-sdk/src/rp2_common/hardware_pll/pll.c.obj
 *fill*         0x00000000100083e7        0x1 
 .rodata.__func__.4402
                0x00000000100083e8        0x9 CMakeFiles/Multislope.dir/home/dima/rpico/pico/pico-sdk/src/rp2_common/hardware_pll/pll.c.obj
 *fill*         0x00000000100083f1        0x3 
 .rodata._ftoa.str1.4
                0x00000000100083f4       0x15 CMakeFiles/Multislope.dir/home/dima/rpico/pico/pico-sdk/src/rp2_common/pico_printf/printf.c.obj
 *fill*         0x0000000010008409        0x3 
 .rodata._vsnprintf
                0x000000001000840c      0x1e0 CMakeFiles/Multislope.dir/home/dima/rpico/pico/pico-sdk/src/rp2_common/pico_printf/printf.c.obj
 *fill*         0x00000000100085ec        0x4 
 .rodata.pow10.5422
                0x00000000100085f0       0x50 CMakeFiles/Multislope.dir/home/dima/rpico/pico/pico-sdk/src/rp2_common/pico_printf/printf.c.obj
 .rodata.__aeabi_double_init.str1.4
                0x0000000010008640       0xac CMakeFiles/Multislope.dir/home/dima/rpico/pico/pico-sdk/src/rp2_common/pico_double/double_init_rom.c.obj
 .rodata.__func__.4668
                0x00000000100086ec       0x14 CMakeFiles/Multislope.dir/home/dima/rpico/pico/pico-sdk/src/rp2_common/pico_double/double_init_rom.c.obj
 .rodata.__aeabi_float_init.str1.4
                0x0000000010008700       0x7e CMakeFiles/Multislope.dir/home/dima/rpico/pico/pico-sdk/src/rp2_common/pico_float/float_init_rom.c.obj
                                         0x82 (size before relaxing)
 *fill*         0x000000001000877e        0x2 
 .rodata.__func__.4670
                0x0000000010008780       0x13 CMakeFiles/Multislope.dir/home/dima/rpico/pico/pico-sdk/src/rp2_common/pico_float/float_init_rom.c.obj
 *fill*         0x0000000010008793        0x1 
 .rodata.str1.4
                0x0000000010008794       0x40 CMakeFiles/Multislope.dir/home/dima/rpico/pico/pico-sdk/src/rp2_common/pico_standard_link/binary_info.c.obj
 .rodata.__bi_44
                0x00000000100087d4        0xc CMakeFiles/Multislope.dir/home/dima/rpico/pico/pico-sdk/src/rp2_common/pico_standard_link/binary_info.c.obj
 .rodata.__bi_75
                0x00000000100087e0        0xc CMakeFiles/Multislope.dir/home/dima/rpico/pico/pico-sdk/src/rp2_common/pico_standard_link/binary_info.c.obj
 .rodata.__bi_81
                0x00000000100087ec        0xc CMakeFiles/Multislope.dir/home/dima/rpico/pico/pico-sdk/src/rp2_common/pico_standard_link/binary_info.c.obj
 .rodata.crlf_str.5862
                0x00000000100087f8        0x2 CMakeFiles/Multislope.dir/home/dima/rpico/pico/pico-sdk/src/rp2_common/pico_stdio/stdio.c.obj
 *fill*         0x00000000100087fa        0x2 
 .rodata._resetd_driver
                0x00000000100087fc       0x18 CMakeFiles/Multislope.dir/home/dima/rpico/pico/pico-sdk/src/rp2_common/pico_stdio_usb/reset_interface.c.obj
 .rodata.stdio_usb_init.str1.4
                0x0000000010008814       0x65 CMakeFiles/Multislope.dir/home/dima/rpico/pico/pico-sdk/src/rp2_common/pico_stdio_usb/stdio_usb.c.obj
 .rodata.str1.4
                0x0000000010008814       0x13 CMakeFiles/Multislope.dir/home/dima/rpico/pico/pico-sdk/src/rp2_common/pico_stdio_usb/stdio_usb.c.obj
 *fill*         0x0000000010008827        0x1 
 .rodata.__bi_93.7154
                0x0000000010008828        0xc CMakeFiles/Multislope.dir/home/dima/rpico/pico/pico-sdk/src/rp2_common/pico_stdio_usb/stdio_usb.c.obj
 .rodata.__func__.5424
                0x0000000010008834       0x15 CMakeFiles/Multislope.dir/home/dima/rpico/pico/pico-sdk/src/rp2_common/pico_stdio_usb/stdio_usb.c.obj
 *fill*         0x0000000010008849        0x3 
 .rodata.str1.4
                0x000000001000884c       0x2a CMakeFiles/Multislope.dir/home/dima/rpico/pico/pico-sdk/src/rp2_common/pico_stdio_usb/stdio_usb_descriptors.c.obj
 *fill*         0x0000000010008876        0x2 
 .rodata.usbd_desc_cfg
                0x0000000010008878       0x54 CMakeFiles/Multislope.dir/home/dima/rpico/pico/pico-sdk/src/rp2_common/pico_stdio_usb/stdio_usb_descriptors.c.obj
 .rodata.usbd_desc_device
                0x00000000100088cc       0x12 CMakeFiles/Multislope.dir/home/dima/rpico/pico/pico-sdk/src/rp2_common/pico_stdio_usb/stdio_usb_descriptors.c.obj
 *fill*         0x00000000100088de        0x2 
 .rodata.usbd_desc_str
                0x00000000100088e0       0x18 CMakeFiles/Multislope.dir/home/dima/rpico/pico/pico-sdk/src/rp2_common/pico_stdio_usb/stdio_usb_descriptors.c.obj
 .rodata._hw_endpoint_alloc.str1.4
                0x00000000100088f8       0xb9 CMakeFiles/Multislope.dir/home/dima/rpico/pico/pico-sdk/lib/tinyusb/src/portable/raspberrypi/rp2040/dcd_rp2040.c.obj
 *fill*         0x00000000100089b1        0x3 
 .rodata._hw_endpoint_init.str1.4
                0x00000000100089b4       0x28 CMakeFiles/Multislope.dir/home/dima/rpico/pico/pico-sdk/lib/tinyusb/src/portable/raspberrypi/rp2040/dcd_rp2040.c.obj
 .rodata.hw_handle_buff_status.str1.4
                0x00000000100089dc        0xb CMakeFiles/Multislope.dir/home/dima/rpico/pico/pico-sdk/lib/tinyusb/src/portable/raspberrypi/rp2040/dcd_rp2040.c.obj
 *fill*         0x00000000100089e7        0x1 
 .rodata.dcd_rp2040_irq.str1.4
                0x00000000100089e8       0x14 CMakeFiles/Multislope.dir/home/dima/rpico/pico/pico-sdk/lib/tinyusb/src/portable/raspberrypi/rp2040/dcd_rp2040.c.obj
 .rodata._hw_endpoint_stall.str1.4
                0x00000000100089fc        0xd CMakeFiles/Multislope.dir/home/dima/rpico/pico/pico-sdk/lib/tinyusb/src/portable/raspberrypi/rp2040/dcd_rp2040.c.obj
 *fill*         0x0000000010008a09        0x3 
 .rodata.dcd_int_enable.str1.4
                0x0000000010008a0c        0xc CMakeFiles/Multislope.dir/home/dima/rpico/pico/pico-sdk/lib/tinyusb/src/portable/raspberrypi/rp2040/dcd_rp2040.c.obj
 .rodata.__func__.6859
                0x0000000010008a18       0x13 CMakeFiles/Multislope.dir/home/dima/rpico/pico/pico-sdk/lib/tinyusb/src/portable/raspberrypi/rp2040/dcd_rp2040.c.obj
 *fill*         0x0000000010008a2b        0x1 
 .rodata.__func__.6890
                0x0000000010008a2c       0x16 CMakeFiles/Multislope.dir/home/dima/rpico/pico/pico-sdk/lib/tinyusb/src/portable/raspberrypi/rp2040/dcd_rp2040.c.obj
 *fill*         0x0000000010008a42        0x2 
 .rodata.__func__.6911
                0x0000000010008a44       0x13 CMakeFiles/Multislope.dir/home/dima/rpico/pico/pico-sdk/lib/tinyusb/src/portable/raspberrypi/rp2040/dcd_rp2040.c.obj
 *fill*         0x0000000010008a57        0x1 
 .rodata.__func__.6932
                0x0000000010008a58        0x9 CMakeFiles/Multislope.dir/home/dima/rpico/pico/pico-sdk/lib/tinyusb/src/portable/raspberrypi/rp2040/dcd_rp2040.c.obj
 *fill*         0x0000000010008a61        0x3 
 .rodata.__func__.6936
                0x0000000010008a64        0xf CMakeFiles/Multislope.dir/home/dima/rpico/pico/pico-sdk/lib/tinyusb/src/portable/raspberrypi/rp2040/dcd_rp2040.c.obj
 *fill*         0x0000000010008a73        0x1 
 .rodata.__func__.6945
                0x0000000010008a74       0x10 CMakeFiles/Multislope.dir/home/dima/rpico/pico/pico-sdk/lib/tinyusb/src/portable/raspberrypi/rp2040/dcd_rp2040.c.obj
 .rodata.__func__.6957
                0x0000000010008a84        0xc CMakeFiles/Multislope.dir/home/dima/rpico/pico/pico-sdk/lib/tinyusb/src/portable/raspberrypi/rp2040/dcd_rp2040.c.obj
 .rodata.__func__.6962
                0x0000000010008a90       0x1a CMakeFiles/Multislope.dir/home/dima/rpico/pico/pico-sdk/lib/tinyusb/src/portable/raspberrypi/rp2040/dcd_rp2040.c.obj
 *fill*         0x0000000010008aaa        0x2 
 .rodata.__func__.6967
                0x0000000010008aac        0xe CMakeFiles/Multislope.dir/home/dima/rpico/pico/pico-sdk/lib/tinyusb/src/portable/raspberrypi/rp2040/dcd_rp2040.c.obj
 *fill*         0x0000000010008aba        0x2 
 .rodata.__func__.6974
                0x0000000010008abc        0xe CMakeFiles/Multislope.dir/home/dima/rpico/pico/pico-sdk/lib/tinyusb/src/portable/raspberrypi/rp2040/dcd_rp2040.c.obj
 *fill*         0x0000000010008aca        0x2 
 .rodata.__func__.6979
                0x0000000010008acc        0xf CMakeFiles/Multislope.dir/home/dima/rpico/pico/pico-sdk/lib/tinyusb/src/portable/raspberrypi/rp2040/dcd_rp2040.c.obj
 *fill*         0x0000000010008adb        0x1 
 .rodata.__func__.6984
                0x0000000010008adc       0x15 CMakeFiles/Multislope.dir/home/dima/rpico/pico/pico-sdk/lib/tinyusb/src/portable/raspberrypi/rp2040/dcd_rp2040.c.obj
 *fill*         0x0000000010008af1        0x3 
 .rodata._hw_endpoint_buffer_control_update32.str1.4
                0x0000000010008af4       0x1f CMakeFiles/Multislope.dir/home/dima/rpico/pico/pico-sdk/lib/tinyusb/src/portable/raspberrypi/rp2040/rp2040_usb.c.obj
 *fill*         0x0000000010008b13        0x1 
 .rodata._hw_endpoint_xfer_sync.str1.4
                0x0000000010008b14       0x95 CMakeFiles/Multislope.dir/home/dima/rpico/pico/pico-sdk/lib/tinyusb/src/portable/raspberrypi/rp2040/rp2040_usb.c.obj
 *fill*         0x0000000010008ba9        0x3 
 .rodata._hw_endpoint_xfer_continue.str1.4
                0x0000000010008bac       0x50 CMakeFiles/Multislope.dir/home/dima/rpico/pico/pico-sdk/lib/tinyusb/src/portable/raspberrypi/rp2040/rp2040_usb.c.obj
 .rodata._hw_endpoint_xfer.str1.4
                0x0000000010008bfc        0xf CMakeFiles/Multislope.dir/home/dima/rpico/pico/pico-sdk/lib/tinyusb/src/portable/raspberrypi/rp2040/rp2040_usb.c.obj
 *fill*         0x0000000010008c0b        0x1 
 .rodata.str1.4
                0x0000000010008c0c        0x7 CMakeFiles/Multislope.dir/home/dima/rpico/pico/pico-sdk/lib/tinyusb/src/portable/raspberrypi/rp2040/rp2040_usb.c.obj
 *fill*         0x0000000010008c13        0x1 
 .rodata.__func__.6638
                0x0000000010008c14       0x17 CMakeFiles/Multislope.dir/home/dima/rpico/pico/pico-sdk/lib/tinyusb/src/portable/raspberrypi/rp2040/rp2040_usb.c.obj
 *fill*         0x0000000010008c2b        0x1 
 .rodata.__func__.6649
                0x0000000010008c2c       0x12 CMakeFiles/Multislope.dir/home/dima/rpico/pico/pico-sdk/lib/tinyusb/src/portable/raspberrypi/rp2040/rp2040_usb.c.obj
 *fill*         0x0000000010008c3e        0x2 
 .rodata.process_set_config.str1.4
                0x0000000010008c40       0x17 CMakeFiles/Multislope.dir/home/dima/rpico/pico/pico-sdk/lib/tinyusb/src/device/usbd.c.obj
 *fill*         0x0000000010008c57        0x1 
 .rodata.process_get_descriptor
                0x0000000010008c58       0x40 CMakeFiles/Multislope.dir/home/dima/rpico/pico/pico-sdk/lib/tinyusb/src/device/usbd.c.obj
 .rodata.process_control_request
                0x0000000010008c98       0x28 CMakeFiles/Multislope.dir/home/dima/rpico/pico/pico-sdk/lib/tinyusb/src/device/usbd.c.obj
 .rodata.tud_task
                0x0000000010008cc0       0x24 CMakeFiles/Multislope.dir/home/dima/rpico/pico/pico-sdk/lib/tinyusb/src/device/usbd.c.obj
 .rodata.__func__.6512
                0x0000000010008ce4       0x10 CMakeFiles/Multislope.dir/home/dima/rpico/pico/pico-sdk/lib/tinyusb/src/device/usbd.c.obj
 .rodata.__func__.7306
                0x0000000010008cf4        0x9 CMakeFiles/Multislope.dir/home/dima/rpico/pico/pico-sdk/lib/tinyusb/src/device/usbd.c.obj
 *fill*         0x0000000010008cfd        0x3 
 .rodata.__func__.7327
                0x0000000010008d00       0x18 CMakeFiles/Multislope.dir/home/dima/rpico/pico/pico-sdk/lib/tinyusb/src/device/usbd.c.obj
 .rodata.__func__.7365
                0x0000000010008d18       0x13 CMakeFiles/Multislope.dir/home/dima/rpico/pico/pico-sdk/lib/tinyusb/src/device/usbd.c.obj
 *fill*         0x0000000010008d2b        0x1 
 .rodata.__func__.7408
                0x0000000010008d2c       0x17 CMakeFiles/Multislope.dir/home/dima/rpico/pico/pico-sdk/lib/tinyusb/src/device/usbd.c.obj
 *fill*         0x0000000010008d43        0x1 
 .rodata.__func__.7462
                0x0000000010008d44       0x14 CMakeFiles/Multislope.dir/home/dima/rpico/pico/pico-sdk/lib/tinyusb/src/device/usbd.c.obj
 .rodata.__func__.7478
                0x0000000010008d58        0xf CMakeFiles/Multislope.dir/home/dima/rpico/pico/pico-sdk/lib/tinyusb/src/device/usbd.c.obj
 *fill*         0x0000000010008d67        0x1 
 .rodata.__func__.7506
                0x0000000010008d68        0xf CMakeFiles/Multislope.dir/home/dima/rpico/pico/pico-sdk/lib/tinyusb/src/device/usbd.c.obj
 *fill*         0x0000000010008d77        0x1 
 .rodata._usbd_driver
                0x0000000010008d78       0x18 CMakeFiles/Multislope.dir/home/dima/rpico/pico/pico-sdk/lib/tinyusb/src/device/usbd.c.obj
 .rodata.tud_control_xfer.str1.4
                0x0000000010008d90       0x17 CMakeFiles/Multislope.dir/home/dima/rpico/pico/pico-sdk/lib/tinyusb/src/device/usbd_control.c.obj
 .rodata.__func__.7219
                0x0000000010008d90       0x11 CMakeFiles/Multislope.dir/home/dima/rpico/pico/pico-sdk/lib/tinyusb/src/device/usbd_control.c.obj
 *fill*         0x0000000010008da1        0x3 
 .rodata.__func__.7246
                0x0000000010008da4       0x15 CMakeFiles/Multislope.dir/home/dima/rpico/pico/pico-sdk/lib/tinyusb/src/device/usbd_control.c.obj
 .rodata.tud_cdc_n_write_flush.str1.4
                0x0000000010008db9       0x17 CMakeFiles/Multislope.dir/home/dima/rpico/pico/pico-sdk/lib/tinyusb/src/class/cdc/cdc_device.c.obj
 *fill*         0x0000000010008db9        0x3 
 .rodata.__func__.7157
                0x0000000010008dbc       0x16 CMakeFiles/Multislope.dir/home/dima/rpico/pico/pico-sdk/lib/tinyusb/src/class/cdc/cdc_device.c.obj
 *fill*         0x0000000010008dd2        0x2 
 .rodata.__func__.7190
                0x0000000010008dd4        0xa CMakeFiles/Multislope.dir/home/dima/rpico/pico/pico-sdk/lib/tinyusb/src/class/cdc/cdc_device.c.obj
 *fill*         0x0000000010008dde        0x2 
 .rodata.__func__.7224
                0x0000000010008de0        0xd CMakeFiles/Multislope.dir/home/dima/rpico/pico/pico-sdk/lib/tinyusb/src/class/cdc/cdc_device.c.obj
 .rodata.tusb_init.str1.4
                0x0000000010008ded       0x17 CMakeFiles/Multislope.dir/home/dima/rpico/pico/pico-sdk/lib/tinyusb/src/tusb.c.obj
 *fill*         0x0000000010008ded        0x3 
 .rodata.__func__.7094
                0x0000000010008df0        0xa CMakeFiles/Multislope.dir/home/dima/rpico/pico/pico-sdk/lib/tinyusb/src/tusb.c.obj
 *fill*         0x0000000010008dfa        0x2 
 .rodata.pico_get_unique_board_id_string.str1.4
                0x0000000010008dfc       0x51 CMakeFiles/Multislope.dir/home/dima/rpico/pico/pico-sdk/src/rp2_common/pico_unique_id/unique_id.c.obj
 *fill*         0x0000000010008e4d        0x3 
 .rodata.__func__.4287
                0x0000000010008e50       0x20 CMakeFiles/Multislope.dir/home/dima/rpico/pico/pico-sdk/src/rp2_common/pico_unique_id/unique_id.c.obj
 .rodata.str1.4
                0x0000000010008e70      0x15e CMakeFiles/Multislope.dir/home/dima/rpico/pico/pico-sdk/src/rp2_common/hardware_flash/flash.c.obj
 *fill*         0x0000000010008fce        0x2 
 .rodata.__func__.4428
                0x0000000010008fd0        0xd CMakeFiles/Multislope.dir/home/dima/rpico/pico/pico-sdk/src/rp2_common/hardware_flash/flash.c.obj
 *fill*         0x0000000010008fdd        0x3 
 .rodata._pio_find_offset_for_program.str1.4
                0x0000000010008fe0       0x6d CMakeFiles/Multislope.dir/home/dima/rpico/pico/pico-sdk/src/rp2_common/hardware_pio/pio.c.obj
 *fill*         0x000000001000904d        0x3 
 .rodata._pio_add_program_at_offset.str1.4
                0x0000000010009050       0x11 CMakeFiles/Multislope.dir/home/dima/rpico/pico/pico-sdk/src/rp2_common/hardware_pio/pio.c.obj
 *fill*         0x0000000010009061        0x3 
 .rodata.pio_claim_unused_sm.str1.4
                0x0000000010009064       0x24 CMakeFiles/Multislope.dir/home/dima/rpico/pico/pico-sdk/src/rp2_common/hardware_pio/pio.c.obj
 .rodata.__func__.5199
                0x0000000010009088       0x1d CMakeFiles/Multislope.dir/home/dima/rpico/pico/pico-sdk/src/rp2_common/hardware_pio/pio.c.obj
                0x00000000100090a8                . = ALIGN (0x4)
 *fill*         0x00000000100090a5        0x3 
 *(SORT_BY_ALIGNMENT(SORT_BY_NAME(.flashdata*)))
                0x00000000100090a8                . = ALIGN (0x4)

.rel.dyn        0x00000000100090a8        0x0
 .rel.iplt      0x00000000100090a8        0x0 /usr/lib/gcc/arm-none-eabi/9.2.1/thumb/v6-m/nofp/crtbegin.o

.ARM.extab
 *(.ARM.extab* .gnu.linkonce.armextab.*)
                0x00000000100090a8                __exidx_start = .

.ARM.exidx
 *(.ARM.exidx* .gnu.linkonce.armexidx.*)
                0x00000000100090a8                __exidx_end = .
                0x00000000100090a8                . = ALIGN (0x4)